Energy-E_F (eV)    DOS (1/eV)    PDOS (1/eV)  of atom type C  H  
     -6.58624   1660.15191   1468.37934    191.77257
     -6.57624   1802.91287   1600.78675    202.12611
     -6.56624   1857.51494   1649.14877    208.36618
     -6.55624   1550.88323   1370.59487    180.28836
     -6.54624   1350.48667   1183.19972    167.28696
     -6.53624   1478.71763   1281.14655    197.57108
     -6.52624   1524.20402   1307.71797    216.48605
     -6.51624   1391.46329   1183.62371    207.83958
     -6.50624   1546.88752   1308.15583    238.73168
     -6.49624   1780.66878   1502.89822    277.77055
     -6.48624   1463.68876   1237.19227    226.49649
     -6.47624   1070.49948    908.09713    162.40235
     -6.46624   1222.85126   1033.81868    189.03258
     -6.45624   1416.48755   1199.07044    217.41711
     -6.44624   1217.44201   1052.60527    164.83674
     -6.43624   1420.06465   1293.72277    126.34188
     -6.42624   2388.44277   2247.46153    140.98124
     -6.41624   3037.05621   2863.61755    173.43865
     -6.40624   2947.25496   2739.40384    207.85112
     -6.39624   2676.42008   2452.30585    224.11423
     -6.38624   2281.08482   2082.08057    199.00425
     -6.37624   1791.59716   1651.28742    140.30975
     -6.36624   1351.21068   1271.97728     79.23340
     -6.35624   1099.77386   1044.31020     55.46366
     -6.34624   1101.30755   1026.83438     74.47317
     -6.33624   1172.55312   1080.56583     91.98729
     -6.32624   1227.98147   1133.72177     94.25970
     -6.31624   1305.21605   1203.25572    101.96033
     -6.30624   1302.95329   1195.04289    107.91040
     -6.29624   1236.39381   1131.83388    104.55994
     -6.28624   1251.46763   1150.95467    100.51297
     -6.27624   1465.66352   1344.84680    120.81671
     -6.26624   1645.78791   1497.63358    148.15433
     -6.25624   1518.98073   1381.52410    137.45663
     -6.24624   1375.99548   1260.98810    115.00738
     -6.23624   1310.73597   1214.47960     96.25637
     -6.22624   1213.01522   1127.27292     85.74230
     -6.21624   1160.55466   1066.09156     94.46310
     -6.20624   1222.36011   1103.85038    118.50973
     -6.19624   1241.75935   1116.26056    125.49879
     -6.18624   1155.71468   1045.88876    109.82592
     -6.17624   1028.63493    940.47459     88.16034
     -6.16624    939.34883    867.01534     72.33349
     -6.15624    992.82277    915.84311     76.97966
     -6.14624   1061.47247    968.64669     92.82578
     -6.13624   1060.95063    963.37996     97.57068
     -6.12624   1058.55493    968.67025     89.88468
     -6.11624   1168.65141   1064.88608    103.76533
     -6.10624   1169.15591   1063.44873    105.70718
     -6.09624   1085.77562    991.71730     94.05833
     -6.08624   1135.85077   1028.91339    106.93738
     -6.07624   1176.45172   1061.93418    114.51754
     -6.06624   1094.07889    999.08595     94.99294
     -6.05624   1062.22781    968.00807     94.21974
     -6.04624   1058.28125    955.33691    102.94435
     -6.03624    939.00828    856.11316     82.89511
     -6.02624    988.66521    906.40392     82.26128
     -6.01624   1163.00845   1056.39792    106.61053
     -6.00624   1094.69711    994.23182    100.46528
     -5.99624    927.89333    855.39212     72.50122
     -5.98624    958.67731    879.56583     79.11148
     -5.97624   1123.02930   1011.76219    111.26712
     -5.96624   1228.27229   1108.12147    120.15082
     -5.95624   1163.19677   1063.98834     99.20843
     -5.94624   1110.79904   1020.51601     90.28303
     -5.93624   1248.79118   1122.47521    126.31597
     -5.92624   1203.27330   1065.72903    137.54427
     -5.91624    909.19224    817.44909     91.74315
     -5.90624    850.94884    765.26554     85.68330
     -5.89624   1116.20601    972.36314    143.84288
     -5.88624   1276.28423   1098.80650    177.47773
     -5.87624   1153.04947   1002.81213    150.23733
     -5.86624    976.92713    863.44258    113.48455
     -5.85624    927.30418    821.95274    105.35144
     -5.84624    976.02155    857.93555    118.08601
     -5.83624   1036.41632    908.16715    128.24917
     -5.82624   1125.71441    986.19021    139.52420
     -5.81624   1270.09141   1102.09027    168.00114
     -5.80624   1264.55588   1093.08283    171.47305
     -5.79624   1111.17731    968.43170    142.74561
     -5.78624   1022.87284    898.14000    124.73284
     -5.77624   1014.08018    888.62818    125.45199
     -5.76624   1009.85657    883.83104    126.02554
     -5.75624    943.42711    831.83675    111.59036
     -5.74624    865.34880    769.06331     96.28548
     -5.73624    827.77236    738.39099     89.38137
     -5.72624    855.59962    763.86803     91.73158
     -5.71624   1056.54758    930.07474    126.47284
     -5.70624   1177.21522   1030.28049    146.93472
     -5.69624   1036.78451    915.39875    121.38576
     -5.68624    939.43361    833.39548    106.03813
     -5.67624   1023.78209    900.42176    123.36033
     -5.66624   1098.52226    962.73986    135.78240
     -5.65624   1135.12482    992.45100    142.67383
     -5.64624   1307.47535   1130.69192    176.78343
     -5.63624   1453.45847   1265.17950    188.27898
     -5.62624   1418.75940   1250.09530    168.66410
     -5.61624   1301.10145   1128.48836    172.61309
     -5.60624   1332.50221   1122.96029    209.54192
     -5.59624   1303.74977   1083.20512    220.54465
     -5.58624   1069.20182    890.26840    178.93342
     -5.57624    971.09220    816.46574    154.62646
     -5.56624   1050.85162    885.83338    165.01824
     -5.55624   1116.82199    940.60463    176.21736
     -5.54624   1119.70876    936.56873    183.14003
     -5.53624   1178.42169    961.02614    217.39555
     -5.52624   1408.99986   1123.13275    285.86711
     -5.51624   1690.05326   1343.02795    347.02531
     -5.50624   1510.97689   1220.09488    290.88202
     -5.49624   1155.80753    965.10985    190.69768
     -5.48624   1121.46623    954.86465    166.60158
     -5.47624   1010.80121    876.71318    134.08803
     -5.46624    889.74493    796.67630     93.06863
     -5.45624   1027.27189    924.63226    102.63962
     -5.44624   1142.78180   1015.67665    127.10515
     -5.43624   1026.16497    917.53419    108.63078
     -5.42624    831.19320    759.52763     71.66557
     -5.41624    776.11993    713.36067     62.75927
     -5.40624    790.00487    722.58558     67.41929
     -5.39624    743.05594    683.69989     59.35606
     -5.38624    780.83820    715.88144     64.95676
     -5.37624    956.78025    860.78706     95.99319
     -5.36624   1099.18815    975.62391    123.56425
     -5.35624   1135.71236   1001.85649    133.85587
     -5.34624   1093.44420    969.28837    124.15583
     -5.33624   1004.01557    901.59945    102.41612
     -5.32624    859.41452    783.95281     75.46172
     -5.31624    759.19733    701.89832     57.29901
     -5.30624    842.17012    774.31811     67.85201
     -5.29624   1035.69964    937.86036     97.83928
     -5.28624   1112.68952   1003.29109    109.39843
     -5.27624   1064.49328    964.83649     99.65679
     -5.26624   1093.63055    988.52697    105.10359
     -5.25624   1136.96633   1023.45067    113.51566
     -5.24624   1055.19693    955.54287     99.65406
     -5.23624   1007.81552    916.11001     91.70551
     -5.22624   1048.19963    951.04218     97.15745
     -5.21624   1062.16773    964.15663     98.01110
     -5.20624   1052.02486    955.62157     96.40330
     -5.19624   1066.46651    969.18050     97.28601
     -5.18624   1180.37474   1069.59296    110.78178
     -5.17624   1402.06376   1267.24126    134.82250
     -5.16624   2007.28127   1812.06037    195.22090
     -5.15624   3471.26725   3130.66093    340.60632
     -5.14624   4752.13936   4284.49793    467.64144
     -5.13624   4749.62506   4284.71035    464.91471
     -5.12624   3941.71353   3561.61976    380.09377
     -5.11624   2349.49373   2131.27011    218.22362
     -5.10624    993.68082    911.13483     82.54599
     -5.09624    576.91183    534.95125     41.96058
     -5.08624    517.47705    481.38548     36.09156
     -5.07624    481.72237    449.83774     31.88463
     -5.06624    503.48770    468.46089     35.02682
     -5.05624    541.92494    501.28331     40.64163
     -5.04624    547.68892    505.74643     41.94248
     -5.03624    529.91494    490.48956     39.42538
     -5.02624    480.08403    447.91048     32.17355
     -5.01624    450.51087    422.42960     28.08127
     -5.00624    468.87002    438.59787     30.27215
     -4.99624    523.64565    486.55740     37.08825
     -4.98624    559.51280    517.98533     41.52747
     -4.97624    547.98577    507.78565     40.20012
     -4.96624    496.30132    462.54739     33.75392
     -4.95624    454.33456    426.06559     28.26896
     -4.94624    444.47854    417.65423     26.82430
     -4.93624    444.45530    417.75170     26.70361
     -4.92624    445.22585    418.52537     26.70048
     -4.91624    445.37907    418.66355     26.71552
     -4.90624    445.56058    418.84100     26.71958
     -4.89624    445.72577    419.00765     26.71812
     -4.88624    446.02747    419.28772     26.73976
     -4.87624    446.36397    419.60947     26.75450
     -4.86624    446.10220    419.34513     26.75707
     -4.85624    448.34630    421.53424     26.81206
     -4.84624    451.29079    424.40032     26.89048
     -4.83624    452.24256    425.31939     26.92317
     -4.82624    454.64525    427.67857     26.96668
     -4.81624    458.18896    431.13503     27.05393
     -4.80624    458.59896    431.48926     27.10969
     -4.79624    460.59769    433.42768     27.17001
     -4.78624    464.54311    437.27932     27.26379
     -4.77624    469.25391    441.85364     27.40027
     -4.76624    505.60812    477.12910     28.47901
     -4.75624    794.77308    757.37299     37.40009
     -4.74624   1720.54308   1654.34737     66.19570
     -4.73624   2611.01343   2517.70745     93.30597
     -4.72624   2448.67517   2360.93121     87.74396
     -4.71624   1942.33232   1868.77013     73.56219
     -4.70624   1684.61731   1618.34433     66.27298
     -4.69624   1607.19401   1543.68880     63.50521
     -4.68624   1622.08525   1559.03977     63.04548
     -4.67624   1628.74080   1566.50267     62.23813
     -4.66624   1446.04420   1387.90277     58.14143
     -4.65624   1206.53406   1153.70773     52.82633
     -4.64624   1162.48636   1110.99863     51.48773
     -4.63624   1161.99663   1110.77547     51.22116
     -4.62624   1061.02055   1011.70521     49.31534
     -4.61624    928.24614    881.08039     47.16575
     -4.60624    855.70157    809.87281     45.82876
     -4.59624    934.07823    886.99319     47.08504
     -4.58624   1055.90375   1006.48039     49.42336
     -4.57624    988.91390    940.53050     48.38340
     -4.56624    867.74589    821.70430     46.04159
     -4.55624    831.45863    786.29039     45.16823
     -4.54624    758.75763    715.45821     43.29942
     -4.53624    752.91206    709.79367     43.11839
     -4.52624    871.82830    826.36736     45.46094
     -4.51624    918.99781    872.45459     46.54323
     -4.50624    838.06953    793.21076     44.85877
     -4.49624    750.69502    707.90714     42.78788
     -4.48624    712.54538    670.62002     41.92536
     -4.47624    712.73177    670.72066     42.01112
     -4.46624    791.83043    748.33905     43.49139
     -4.45624    918.67572    872.70370     45.97202
     -4.44624    893.90396    848.05433     45.84963
     -4.43624    779.00528    735.23092     43.77436
     -4.42624    715.78722    673.29648     42.49074
     -4.41624    726.49508    683.90198     42.59310
     -4.40624    728.45903    685.88588     42.57315
     -4.39624    730.70606    688.13130     42.57476
     -4.38624    739.42297    696.72542     42.69755
     -4.37624    740.24747    697.53590     42.71156
     -4.36624    742.38224    699.61807     42.76416
     -4.35624    734.91965    692.28570     42.63396
     -4.34624    737.38012    694.70247     42.67765
     -4.33624    797.02032    753.42513     43.59519
     -4.32624    944.17799    898.49622     45.68177
     -4.31624   1099.00057   1050.96904     48.03153
     -4.30624   1088.34175   1040.37143     47.97032
     -4.29624   1000.59126    954.03614     46.55512
     -4.28624   1037.09837    989.39400     47.70438
     -4.27624   1047.25580    998.89721     48.35859
     -4.26624    973.87602    926.55428     47.32174
     -4.25624    930.61291    883.99203     46.62088
     -4.24624    864.85336    819.58866     45.26470
     -4.23624    800.77197    756.83480     43.93717
     -4.22624    848.72008    803.97183     44.74825
     -4.21624   1017.51865    969.04971     48.46894
     -4.20624   1010.55515    961.82186     48.73328
     -4.19624    833.25004    788.05198     45.19806
     -4.18624    840.05268    794.59995     45.45274
     -4.17624    916.25597    869.25250     47.00347
     -4.16624    932.89341    885.56674     47.32667
     -4.15624    957.68004    909.41962     48.26042
     -4.14624    946.04785    897.81178     48.23607
     -4.13624    915.99499    868.59274     47.40225
     -4.12624    982.34440    933.42716     48.91724
     -4.11624   1150.79809   1098.05224     52.74585
     -4.10624   1036.66874    986.28997     50.37877
     -4.09624    696.42890    653.22218     43.20672
     -4.08624    525.99332    486.25551     39.73781
     -4.07624    497.88351    458.57284     39.31067
     -4.06624    496.39169    456.94012     39.45156
     -4.05624    498.36280    458.70073     39.66207
     -4.04624    502.10496    462.18881     39.91616
     -4.03624    505.09923    464.94003     40.15919
     -4.02624    506.83876    466.44804     40.39072
     -4.01624    513.87521    473.13789     40.73733
     -4.00624    575.93675    533.82321     42.11354
     -3.99624    811.01664    764.29077     46.72587
     -3.98624   1119.47137   1066.73734     52.73404
     -3.97624   1189.37432   1135.01864     54.35568
     -3.96624   1081.91113   1029.21472     52.69641
     -3.95624    989.42234    938.18944     51.23291
     -3.94624    979.53044    928.23005     51.30039
     -3.93624    973.41997    921.87077     51.54921
     -3.92624    908.15008    857.50970     50.64038
     -3.91624    905.85009    855.00971     50.84038
     -3.90624    962.44827    910.16894     52.27933
     -3.89624    914.89077    863.13045     51.76032
     -3.88624    869.04022    817.88237     51.15785
     -3.87624    939.82855    886.94357     52.88498
     -3.86624    951.11524    897.50347     53.61177
     -3.85624    874.30741    821.79012     52.51729
     -3.84624    901.49385    848.12943     53.36442
     -3.83624    972.97694    917.73075     55.24619
     -3.82624    919.52840    864.74460     54.78380
     -3.81624    879.20566    824.76725     54.43841
     -3.80624    957.53036    901.08018     56.45018
     -3.79624    981.90329    924.30391     57.59938
     -3.78624    905.60829    848.84764     56.76065
     -3.77624    919.19592    861.61642     57.57950
     -3.76624   1009.75358    949.71081     60.04278
     -3.75624    986.30520    925.87929     60.42592
     -3.74624    923.96130    863.97617     59.98513
     -3.73624    977.82875    915.95572     61.87303
     -3.72624   1048.73962    984.45721     64.28241
     -3.71624    998.89557    934.49023     64.40534
     -3.70624    966.11067    901.25504     64.85563
     -3.69624   1044.89301    977.29095     67.60206
     -3.68624   1095.61770   1025.58314     70.03456
     -3.67624   1042.68374    972.03175     70.65199
     -3.66624   1036.96956    964.71707     72.25249
     -3.65624   1130.41252   1054.38356     76.02896
     -3.64624   1170.61601   1091.41221     79.20380
     -3.63624   1125.37760   1044.32536     81.05223
     -3.62624   1147.94305   1063.30649     84.63655
     -3.61624   1262.78127   1171.94819     90.83308
     -3.60624   1313.39997   1216.56794     96.83204
     -3.59624   1302.16270   1199.06840    103.09430
     -3.58624   1397.46229   1283.33872    114.12357
     -3.57624   1608.00760   1474.69390    133.31370
     -3.56624   1826.79722   1661.96544    164.83178
     -3.55624   1991.55253   1796.94416    194.60837
     -3.54624   1782.78719   1622.25373    160.53346
     -3.53624   1243.77007   1166.63156     77.13851
     -3.52624    878.74525    847.10514     31.64011
     -3.51624    781.80285    758.83055     22.97230
     -3.50624    869.20216    844.72310     24.47906
     -3.49624    932.20326    906.07936     26.12390
     -3.48624    885.30038    859.62300     25.67738
     -3.47624    925.73333    898.71268     27.02065
     -3.46624   1060.91583   1030.41152     30.50432
     -3.45624   1110.26907   1077.56614     32.70292
     -3.44624   1203.91248   1167.23669     36.67578
     -3.43624   1507.37220   1460.96915     46.40305
     -3.42624   1628.27449   1577.72097     50.55352
     -3.41624   1208.25886   1172.45963     35.79923
     -3.40624    752.66269    734.12224     18.54046
     -3.39624    550.63827    539.11330     11.52497
     -3.38624    527.37136    516.57488     10.79648
     -3.37624    624.19574    611.07061     13.12513
     -3.36624    776.56110    758.90448     17.65662
     -3.35624   1043.27901   1017.51310     25.76591
     -3.34624   1079.86432   1052.76350     27.10082
     -3.33624    722.83439    705.66903     17.16536
     -3.32624    453.19216    443.60599      9.58616
     -3.31624    386.12726    378.35882      7.76844
     -3.30624    267.95941    262.73891      5.22051
     -3.29624    154.95891    152.18265      2.77626
     -3.28624    122.51235    120.44271      2.06964
     -3.27624    119.28098    117.28246      1.99852
     -3.26624    118.58523    116.59941      1.98582
     -3.25624    120.42908    118.42228      2.00680
     -3.24624    134.00769    131.86650      2.14118
     -3.23624    175.75661    173.19533      2.56128
     -3.22624    197.04071    194.26250      2.77821
     -3.21624    160.65423    158.25208      2.40215
     -3.20624    148.56862    146.34917      2.21945
     -3.19624    186.02660    183.56584      2.46076
     -3.18624    201.52646    198.96103      2.56543
     -3.17624    197.80397    195.29003      2.51394
     -3.16624    210.26584    207.68545      2.58039
     -3.15624    209.26547    206.69977      2.56570
     -3.14624    215.02393    212.43913      2.58480
     -3.13624    214.34817    211.76989      2.57828
     -3.12624    218.11136    215.52156      2.58980
     -3.11624    216.03658    213.47373      2.56286
     -3.10624    219.78844    217.20348      2.58496
     -3.09624    218.64813    216.07424      2.57388
     -3.08624    221.72394    219.12964      2.59430
     -3.07624    219.60790    217.03741      2.57049
     -3.06624    221.49489    218.91368      2.58122
     -3.05624    219.82002    217.25277      2.56725
     -3.04624    221.09468    218.52450      2.57018
     -3.03624    220.70580    218.13286      2.57293
     -3.02624    221.09162    218.52272      2.56890
     -3.01624    221.03416    218.46273      2.57143
     -3.00624    221.11835    218.55491      2.56345
     -2.99624    221.76462    219.19475      2.56987
     -2.98624    221.72905    219.15876      2.57029
     -2.97624    222.09134    219.52287      2.56847
     -2.96624    221.40790    218.83934      2.56857
     -2.95624    221.83265    219.27112      2.56153
     -2.94624    222.00975    219.43338      2.57637
     -2.93624    223.46639    220.88191      2.58448
     -2.92624    222.63188    220.04906      2.58281
     -2.91624    224.23185    221.63639      2.59546
     -2.90624    223.43093    220.83941      2.59152
     -2.89624    224.80801    222.20059      2.60742
     -2.88624    224.27491    221.67732      2.59759
     -2.87624    226.67910    224.05530      2.62380
     -2.86624    227.60234    224.96889      2.63345
     -2.85624    235.27829    232.52884      2.74945
     -2.84624    308.90850    305.16444      3.74406
     -2.83624    560.05819    552.90975      7.14844
     -2.82624    837.59995    826.68932     10.91063
     -2.81624    826.53869    815.70249     10.83620
     -2.80624    678.96105    670.01521      8.94584
     -2.79624    590.65151    582.86121      7.79029
     -2.78624    545.59224    538.32091      7.27133
     -2.77624    501.08451    494.32578      6.75873
     -2.76624    501.88237    495.15773      6.72464
     -2.75624    495.46151    488.72828      6.73323
     -2.74624    446.32856    440.15343      6.17513
     -2.73624    438.22882    432.25592      5.97290
     -2.72624    476.56290    470.14539      6.41751
     -2.71624    474.93211    468.36955      6.56256
     -2.70624    420.76974    414.76916      6.00058
     -2.69624    395.44411    389.82398      5.62012
     -2.68624    466.63994    459.75345      6.88649
     -2.67624    596.50821    586.41416     10.09405
     -2.66624    608.57509    597.47492     11.10017
     -2.65624    481.00346    472.83386      8.16960
     -2.64624    390.00343    384.13876      5.86467
     -2.63624    401.07210    395.38766      5.68445
     -2.62624    504.61636    496.66361      7.95275
     -2.61624   1006.73260    983.23891     23.49370
     -2.60624   2563.53568   2490.42753     73.10815
     -2.59624   4106.01817   3983.76937    122.24880
     -2.58624   3884.64379   3769.83061    114.81318
     -2.57624   2937.35911   2853.10851     84.25059
     -2.56624   2375.40816   2309.80163     65.60653
     -2.55624   2155.35853   2097.77954     57.57899
     -2.54624   2064.99050   2010.49337     54.49713
     -2.53624   2023.10351   1969.69291     53.41060
     -2.52624   2078.21726   2022.81597     55.40129
     -2.51624   2123.55875   2066.99962     56.55912
     -2.50624   2020.82842   1968.04203     52.78639
     -2.49624   1583.19176   1543.72491     39.46685
     -2.48624    886.48502    866.97463     19.51039
     -2.47624    454.75801    447.27632      7.48169
     -2.46624    336.16851    331.73696      4.43155
     -2.45624    287.40722    283.67720      3.73002
     -2.44624    263.81043    260.40253      3.40790
     -2.43624    244.50994    241.40501      3.10493
     -2.42624    241.10924    238.14756      2.96168
     -2.41624    245.18052    242.26084      2.91968
     -2.40624    260.88351    257.84836      3.03515
     -2.39624    282.98297    279.69837      3.28460
     -2.38624    314.15886    310.39092      3.76795
     -2.37624    399.99970    394.36796      5.63174
     -2.36624    920.34120    903.77875     16.56244
     -2.35624   2135.82519   2094.02415     41.80104
     -2.34624   2824.26925   2768.01236     56.25689
     -2.33624   2414.30763   2366.37439     47.93324
     -2.32624   1937.48969   1899.52078     37.96891
     -2.31624   1751.85294   1718.07531     33.77762
     -2.30624   1832.80509   1797.92902     34.87606
     -2.29624   2002.84038   1965.07169     37.76868
     -2.28624   2103.69978   2064.35268     39.34710
     -2.27624   2230.27375   2188.78059     41.49316
     -2.26624   2402.68624   2358.09469     44.59155
     -2.25624   2776.79949   2725.28452     51.51497
     -2.24624   2679.42441   2630.09405     49.33035
     -2.23624   1565.82287   1537.95796     27.86491
     -2.22624    689.08816    678.09038     10.99778
     -2.21624    530.95329    523.21493      7.73835
     -2.20624    538.46234    530.80347      7.65887
     -2.19624    485.00392    478.34908      6.65484
     -2.18624    392.33935    387.23471      5.10464
     -2.17624    349.77437    345.41748      4.35689
     -2.16624    334.11513    330.06900      4.04614
     -2.15624    292.25480    288.89805      3.35675
     -2.14624    272.23317    269.22547      3.00770
     -2.13624    274.19235    271.19185      3.00050
     -2.12624    281.01536    277.93641      3.07895
     -2.11624    301.13938    297.79948      3.33990
     -2.10624    347.73894    343.80063      3.93831
     -2.09624    363.31411    359.15131      4.16280
     -2.08624    322.28653    318.60009      3.68644
     -2.07624    296.77201    293.38279      3.38922
     -2.06624    321.06998    317.40773      3.66225
     -2.05624    361.01264    356.90856      4.10408
     -2.04624    360.17908    356.08974      4.08934
     -2.03624    363.83605    359.72422      4.11183
     -2.02624    372.84914    368.65843      4.19071
     -2.01624    374.06728    369.88599      4.18129
     -2.00624    376.69046    372.50521      4.18525
     -1.99624    377.00689    372.84444      4.16245
     -1.98624    378.94093    374.78621      4.15472
     -1.97624    378.84278    374.72037      4.12241
     -1.96624    379.23982    375.14600      4.09383
     -1.95624    379.67451    375.60954      4.06497
     -1.94624    380.57158    376.53342      4.03816
     -1.93624    382.06498    378.04919      4.01579
     -1.92624    382.39226    378.41142      3.98084
     -1.91624    386.60519    382.61663      3.98857
     -1.90624    391.90759    387.89548      4.01211
     -1.89624    401.25652    397.16468      4.09184
     -1.88624    413.52047    409.28739      4.23308
     -1.87624    432.44864    427.95156      4.49708
     -1.86624    448.27284    443.47567      4.79717
     -1.85624    449.70078    444.73015      4.97063
     -1.84624    428.66210    423.81056      4.85155
     -1.83624    401.51464    396.95572      4.55892
     -1.82624    373.02426    368.86165      4.16261
     -1.81624    354.63926    350.82300      3.81625
     -1.80624    341.17610    337.67635      3.49975
     -1.79624    338.89021    335.59372      3.29649
     -1.78624    342.22618    339.11401      3.11217
     -1.77624    426.40083    422.54911      3.85172
     -1.76624    564.09802    558.79165      5.30637
     -1.75624    604.59001    598.61822      5.97178
     -1.74624    446.57848    441.95226      4.62621
     -1.73624    294.00444    290.96610      3.03834
     -1.72624    307.67911    304.71652      2.96260
     -1.71624    454.00782    449.68613      4.32169
     -1.70624    554.55777    549.47089      5.08687
     -1.69624    519.63557    514.96839      4.66718
     -1.68624    413.09210    409.25880      3.83330
     -1.67624    384.01322    380.42074      3.59248
     -1.66624    497.75164    493.34072      4.41092
     -1.65624    598.10970    592.88898      5.22072
     -1.64624    528.14016    523.30863      4.83153
     -1.63624    529.80583    524.64649      5.15934
     -1.62624    595.52083    589.52892      5.99191
     -1.61624    673.04031    666.52885      6.51145
     -1.60624    758.73323    751.88974      6.84349
     -1.59624    706.07145    699.90781      6.16364
     -1.58624    628.32920    623.05773      5.27147
     -1.57624    701.43404    696.20492      5.22912
     -1.56624    861.79712    856.16522      5.63190
     -1.55624    773.05643    767.76040      5.29603
     -1.54624    456.56205    452.28632      4.27573
     -1.53624    278.71837    274.98745      3.73092
     -1.52624    243.60461    239.98119      3.62342
     -1.51624    241.14949    237.53222      3.61728
     -1.50624    240.79181    237.17742      3.61439
     -1.49624    240.41126    236.79913      3.61213
     -1.48624    240.47077    236.85693      3.61384
     -1.47624    240.15943    236.54893      3.61049
     -1.46624    240.36511    236.75283      3.61228
     -1.45624    239.90621    236.29900      3.60722
     -1.44624    240.38439    236.77189      3.61251
     -1.43624    239.77805    236.17075      3.60730
     -1.42624    240.60620    236.98881      3.61739
     -1.41624    239.72315    236.11449      3.60866
     -1.40624    240.66783    237.04877      3.61906
     -1.39624    239.62368    236.01490      3.60878
     -1.38624    240.81798    237.19570      3.62228
     -1.37624    239.50584    235.89649      3.60935
     -1.36624    240.81888    237.19572      3.62315
     -1.35624    239.37007    235.76180      3.60827
     -1.34624    241.24930    237.61934      3.62997
     -1.33624    240.00714    236.38910      3.61804
     -1.32624    241.75857    238.12150      3.63707
     -1.31624    239.85784    236.24088      3.61696
     -1.30624    241.59698    237.96256      3.63442
     -1.29624    239.72801    236.11180      3.61621
     -1.28624    241.93197    238.29042      3.64154
     -1.27624    239.75707    236.13700      3.62007
     -1.26624    242.38352    238.73410      3.64942
     -1.25624    240.61030    236.97827      3.63203
     -1.24624    242.64514    238.99170      3.65344
     -1.23624    240.24992    236.61987      3.63006
     -1.22624    242.76958    239.11196      3.65762
     -1.21624    240.65986    237.02314      3.63672
     -1.20624    243.35255    239.68570      3.66686
     -1.19624    241.52539    237.87534      3.65005
     -1.18624    243.69174    240.01803      3.67372
     -1.17624    241.62740    237.97362      3.65378
     -1.16624    243.91498    240.23486      3.68013
     -1.15624    242.21769    238.55290      3.66479
     -1.14624    244.23237    240.54606      3.68632
     -1.13624    242.90026    239.22563      3.67463
     -1.12624    244.53014    240.83626      3.69388
     -1.11624    243.44852    239.76368      3.68485
     -1.10624    244.74540    241.04552      3.69989
     -1.09624    244.38187    240.68198      3.69989
     -1.08624    245.53663    241.82051      3.71611
     -1.07624    245.45751    241.74032      3.71719
     -1.06624    245.72511    242.00296      3.72215
     -1.05624    246.16173    242.43243      3.72931
     -1.04624    245.80570    242.07625      3.72945
     -1.03624    246.94557    243.20135      3.74421
     -1.02624    246.54401    242.80036      3.74365
     -1.01624    248.08128    244.31886      3.76242
     -1.00624    247.08411    243.32749      3.75662
     -0.99624    248.95593    245.17688      3.77905
     -0.98624    247.74254    243.97160      3.77094
     -0.97624    249.86250    246.06632      3.79618
     -0.96624    248.74742    244.95784      3.78958
     -0.95624    250.65655    246.84364      3.81291
     -0.94624    249.74287    245.93385      3.80902
     -0.93624    251.54937    247.71742      3.83195
     -0.92624    251.08716    247.25569      3.83147
     -0.91624    252.12191    248.27562      3.84629
     -0.90624    252.45496    248.59902      3.85594
     -0.89624    252.91653    249.05037      3.86616
     -0.88624    253.83570    249.95541      3.88029
     -0.87624    253.80951    249.92334      3.88618
     -0.86624    255.38053    251.47279      3.90774
     -0.85624    254.97672    251.06600      3.91072
     -0.84624    256.66530    252.73182      3.93348
     -0.83624    256.16812    252.23239      3.93574
     -0.82624    257.96186    254.00121      3.96065
     -0.81624    258.04320    254.07425      3.96895
     -0.80624    259.17075    255.18374      3.98702
     -0.79624    259.84585    255.84517      4.00068
     -0.78624    260.32725    256.31474      4.01251
     -0.77624    261.79098    257.75544      4.03554
     -0.76624    262.02244    257.97463      4.04781
     -0.75624    263.44803    259.37852      4.06951
     -0.74624    263.52070    259.44144      4.07926
     -0.73624    265.17096    261.06639      4.10457
     -0.72624    266.02422    261.90175      4.12247
     -0.71624    266.88567    262.74524      4.14043
     -0.70624    268.30894    264.14531      4.16364
     -0.69624    268.91347    264.73419      4.17927
     -0.68624    270.40674    266.20246      4.20428
     -0.67624    271.46710    267.23718      4.22992
     -0.66624    273.38978    269.12398      4.26580
     -0.65624    274.42252    270.13950      4.28301
     -0.64624    274.91982    270.62648      4.29334
     -0.63624    276.70773    272.38377      4.32396
     -0.62624    278.10197    273.74897      4.35300
     -0.61624    279.68334    275.30195      4.38139
     -0.60624    281.18153    276.77327      4.40826
     -0.59624    282.55915    278.12301      4.43613
     -0.58624    284.65915    280.18697      4.47218
     -0.57624    286.44527    281.94030      4.50497
     -0.56624    288.17962    283.64246      4.53716
     -0.55624    290.32260    285.74923      4.57338
     -0.54624    292.13266    287.52586      4.60680
     -0.53624    293.96830    289.32614      4.64216
     -0.52624    296.54149    291.85522      4.68627
     -0.51624    298.91395    294.18964      4.72431
     -0.50624    301.42556    296.66046      4.76510
     -0.49624    304.18209    299.36924      4.81285
     -0.48624    306.78911    301.93095      4.85816
     -0.47624    309.52033    304.61652      4.90381
     -0.46624    312.70508    307.74902      4.95606
     -0.45624    316.05736    311.04642      5.01093
     -0.44624    319.66918    314.60042      5.06876
     -0.43624    323.59049    318.46147      5.12902
     -0.42624    327.55000    322.36059      5.18941
     -0.41624    331.67325    326.42052      5.25272
     -0.40624    336.01072    330.69176      5.31896
     -0.39624    341.15674    335.75872      5.39803
     -0.38624    347.18886    341.70099      5.48786
     -0.37624    352.92485    347.36131      5.56354
     -0.36624    359.35211    353.70386      5.64825
     -0.35624    366.44866    360.70094      5.74772
     -0.34624    373.88305    368.03668      5.84637
     -0.33624    382.61099    376.65663      5.95436
     -0.32624    392.62873    386.55113      6.07760
     -0.31624    404.47708    398.25216      6.22493
     -0.30624    418.36436    411.97559      6.38877
     -0.29624    434.40351    427.83972      6.56379
     -0.28624    453.27696    446.51998      6.75698
     -0.27624    477.65106    470.64776      7.00330
     -0.26624    511.15538    503.83335      7.32202
     -0.25624    561.55069    553.78462      7.76608
     -0.24624    649.74652    641.24572      8.50079
     -0.23624    774.91872    765.40238      9.51634
     -0.22624    768.23114    758.68518      9.54597
     -0.21624    512.36701    504.64929      7.71772
     -0.20624    291.71113    285.54571      6.16541
     -0.19624    234.17783    228.32796      5.84987
     -0.18624    233.07249    227.10398      5.96850
     -0.17624    238.15069    232.01203      6.13866
     -0.16624    243.59303    237.27691      6.31611
     -0.15624    250.06309    243.54056      6.52253
     -0.14624    257.68846    250.92678      6.76168
     -0.13624    265.70625    258.69229      7.01396
     -0.12624    274.31740    267.03235      7.28505
     -0.11624    284.66114    277.05552      7.60562
     -0.10624    296.73229    288.75612      7.97617
     -0.09624    310.09943    301.71352      8.38591
     -0.08624    326.09568    317.22390      8.87178
     -0.07624    345.90786    336.44068      9.46718
     -0.06624    370.22490    360.03218     10.19272
     -0.05624    401.11835    390.01084     11.10750
     -0.04624    443.12476    430.78441     12.34035
     -0.03624    506.58012    492.39593     14.18419
     -0.02624    613.65043    596.38401     17.26642
     -0.01624    765.19959    743.59537     21.60422
     -0.00624    771.53106    749.71763     21.81343
      0.00376    448.99746    436.30021     12.69725
      0.01376    121.24221    117.81423      3.42798
      0.02376     13.68847     13.30155      0.38691
      0.03376      0.61495      0.59758      0.01738
      0.04376      0.01049      0.01020      0.00030
      0.05376      0.00000      0.00000      0.00000
      0.06376      0.00000      0.00000      0.00000
      0.07376      0.00000      0.00000      0.00000
      0.08376      0.00000      0.00000      0.00000
      0.09376      0.00000      0.00000      0.00000
      0.10376      0.00000      0.00000      0.00000
      0.11376      0.00000      0.00000      0.00000
      0.12376      0.00000      0.00000      0.00000
      0.13376      0.00000      0.00000      0.00000
      0.14376      0.00000      0.00000      0.00000
      0.15376      0.00000      0.00000      0.00000
      0.16376      0.00000      0.00000      0.00000
      0.17376      0.00000      0.00000      0.00000
      0.18376      0.00000      0.00000      0.00000
      0.19376      0.00000      0.00000      0.00000
      0.20376      0.00000      0.00000      0.00000
      0.21376      0.00000      0.00000      0.00000
      0.22376      0.00000      0.00000      0.00000
      0.23376      0.00000      0.00000      0.00000
      0.24376      0.00000      0.00000      0.00000
      0.25376      0.00000      0.00000      0.00000
      0.26376      0.00000      0.00000      0.00000
      0.27376      0.00000      0.00000      0.00000
      0.28376      0.00000      0.00000      0.00000
      0.29376      0.00000      0.00000      0.00000
      0.30376      0.00000      0.00000      0.00000
      0.31376      0.00000      0.00000      0.00000
      0.32376      0.00000      0.00000      0.00000
      0.33376      0.00000      0.00000      0.00000
      0.34376      0.00000      0.00000      0.00000
      0.35376      0.00000      0.00000      0.00000
      0.36376      0.00000      0.00000      0.00000
      0.37376      0.00000      0.00000      0.00000
      0.38376      0.00000      0.00000      0.00000
      0.39376      0.00000      0.00000      0.00000
      0.40376      0.00000      0.00000      0.00000
      0.41376      0.00000      0.00000      0.00000
      0.42376      0.00000      0.00000      0.00000
      0.43376      0.00000      0.00000      0.00000
      0.44376      0.00000      0.00000      0.00000
      0.45376      0.00000      0.00000      0.00000
      0.46376      0.00000      0.00000      0.00000
      0.47376      0.00000      0.00000      0.00000
      0.48376      0.00000      0.00000      0.00000
      0.49376      0.00000      0.00000      0.00000
      0.50376      0.00000      0.00000      0.00000
      0.51376      0.00000      0.00000      0.00000
      0.52376      0.00000      0.00000      0.00000
      0.53376      0.00000      0.00000      0.00000
      0.54376      0.00000      0.00000      0.00000
      0.55376      0.00000      0.00000      0.00000
      0.56376      0.00000      0.00000      0.00000
      0.57376      0.00000      0.00000      0.00000
      0.58376      0.00000      0.00000      0.00000
      0.59376      0.00000      0.00000      0.00000
      0.60376      0.00000      0.00000      0.00000
      0.61376      0.00000      0.00000      0.00000
      0.62376      0.00000      0.00000      0.00000
      0.63376      0.00000      0.00000      0.00000
      0.64376      0.00000      0.00000      0.00000
      0.65376      0.00000      0.00000      0.00000
      0.66376      0.00000      0.00000      0.00000
      0.67376      0.00000      0.00000      0.00000
      0.68376      0.00000      0.00000      0.00000
      0.69376      0.00000      0.00000      0.00000
      0.70376      0.00000      0.00000      0.00000
      0.71376      0.00000      0.00000      0.00000
      0.72376      0.00000      0.00000      0.00000
      0.73376      0.00000      0.00000      0.00000
      0.74376      0.00000      0.00000      0.00000
      0.75376      0.00000      0.00000      0.00000
      0.76376      0.00000      0.00000      0.00000
      0.77376      0.00000      0.00000      0.00000
      0.78376      0.00000      0.00000      0.00000
      0.79376      0.00000      0.00000      0.00000
      0.80376      0.00000      0.00000      0.00000
      0.81376      0.00000      0.00000      0.00000
      0.82376      0.00000      0.00000      0.00000
      0.83376      0.00000      0.00000      0.00000
      0.84376      0.00000      0.00000      0.00000
      0.85376      0.00000      0.00000      0.00000
      0.86376      0.00000      0.00000      0.00000
      0.87376      0.00000      0.00000      0.00000
      0.88376      0.00000      0.00000      0.00000
      0.89376      0.00000      0.00000      0.00000
      0.90376      0.00000      0.00000      0.00000
      0.91376      0.00000      0.00000      0.00000
      0.92376      0.00000      0.00000      0.00000
      0.93376      0.00000      0.00000      0.00000
      0.94376      0.00000      0.00000      0.00000
      0.95376      0.00000      0.00000      0.00000
      0.96376      0.00000      0.00000      0.00000
      0.97376      0.00000      0.00000      0.00000
      0.98376      0.00000      0.00000      0.00000
      0.99376      0.00000      0.00000      0.00000
      1.00376      0.00000      0.00000      0.00000
      1.01376      0.00000      0.00000      0.00000
      1.02376      0.00000      0.00000      0.00000
      1.03376      0.00000      0.00000      0.00000
      1.04376      0.00000      0.00000      0.00000
      1.05376      0.00000      0.00000      0.00000
      1.06376      0.00000      0.00000      0.00000
      1.07376      0.00000      0.00000      0.00000
      1.08376      0.00000      0.00000      0.00000
      1.09376      0.00000      0.00000      0.00000
      1.10376      0.00000      0.00000      0.00000
      1.11376      0.00000      0.00000      0.00000
      1.12376      0.00000      0.00000      0.00000
      1.13376      0.00000      0.00000      0.00000
      1.14376      0.00000      0.00000      0.00000
      1.15376      0.00000      0.00000      0.00000
      1.16376      0.00000      0.00000      0.00000
      1.17376      0.00000      0.00000      0.00000
      1.18376      0.00000      0.00000      0.00000
      1.19376      0.00000      0.00000      0.00000
      1.20376      0.00000      0.00000      0.00000
      1.21376      0.00000      0.00000      0.00000
      1.22376      0.00000      0.00000      0.00000
      1.23376      0.00000      0.00000      0.00000
      1.24376      0.00000      0.00000      0.00000
      1.25376      0.00000      0.00000      0.00000
      1.26376      0.00000      0.00000      0.00000
      1.27376      0.00000      0.00000      0.00000
      1.28376      0.00000      0.00000      0.00000
      1.29376      0.00000      0.00000      0.00000
      1.30376      0.00000      0.00000      0.00000
      1.31376      0.00000      0.00000      0.00000
      1.32376      0.00000      0.00000      0.00000
      1.33376      0.00000      0.00000      0.00000
      1.34376      0.00000      0.00000      0.00000
      1.35376      0.00000      0.00000      0.00000
      1.36376      0.00000      0.00000      0.00000
      1.37376      0.00000      0.00000      0.00000
      1.38376      0.00000      0.00000      0.00000
      1.39376      0.00000      0.00000      0.00000
      1.40376      0.00000      0.00000      0.00000
      1.41376      0.00000      0.00000      0.00000
      1.42376      0.00000      0.00000      0.00000
      1.43376      0.00000      0.00000      0.00000
      1.44376      0.00000      0.00000      0.00000
      1.45376      0.00000      0.00000      0.00000
      1.46376      0.00000      0.00000      0.00000
      1.47376      0.00000      0.00000      0.00000
      1.48376      0.00000      0.00000      0.00000
      1.49376      0.00000      0.00000      0.00000
      1.50376      0.00000      0.00000      0.00000
      1.51376      0.00000      0.00000      0.00000
      1.52376      0.00000      0.00000      0.00000
      1.53376      0.00000      0.00000      0.00000
      1.54376      0.00000      0.00000      0.00000
      1.55376      0.00000      0.00000      0.00000
      1.56376      0.00000      0.00000      0.00000
      1.57376      0.00000      0.00000      0.00000
      1.58376      0.00000      0.00000      0.00000
      1.59376      0.00000      0.00000      0.00000
      1.60376      0.00000      0.00000      0.00000
      1.61376      0.00000      0.00000      0.00000
      1.62376      0.00000      0.00000      0.00000
      1.63376      0.00000      0.00000      0.00000
      1.64376      0.00000      0.00000      0.00000
      1.65376      0.00000      0.00000      0.00000
      1.66376      0.00000      0.00000      0.00000
      1.67376      0.00000      0.00000      0.00000
      1.68376      0.00000      0.00000      0.00000
      1.69376      0.00000      0.00000      0.00000
      1.70376      0.00000      0.00000      0.00000
      1.71376      0.00000      0.00000      0.00000
      1.72376      0.00000      0.00000      0.00000
      1.73376      0.00000      0.00000      0.00000
      1.74376      0.00000      0.00000      0.00000
      1.75376      0.00000      0.00000      0.00000
      1.76376      0.00000      0.00000      0.00000
      1.77376      0.00000      0.00000      0.00000
      1.78376      0.00000      0.00000      0.00000
      1.79376      0.00000      0.00000      0.00000
      1.80376      0.00000      0.00000      0.00000
      1.81376      0.00000      0.00000      0.00000
      1.82376      0.00000      0.00000      0.00000
      1.83376      0.00000      0.00000      0.00000
      1.84376      0.00000      0.00000      0.00000
      1.85376      0.00000      0.00000      0.00000
      1.86376      0.00000      0.00000      0.00000
      1.87376      0.00000      0.00000      0.00000
      1.88376      0.00000      0.00000      0.00000
      1.89376      0.00000      0.00000      0.00000
      1.90376      0.00000      0.00000      0.00000
      1.91376      0.00000      0.00000      0.00000
      1.92376      0.00000      0.00000      0.00000
      1.93376      0.00000      0.00000      0.00000
      1.94376      0.00000      0.00000      0.00000
      1.95376      0.00000      0.00000      0.00000
      1.96376      0.00000      0.00000      0.00000
      1.97376      0.00000      0.00000      0.00000
      1.98376      0.00000      0.00000      0.00000
      1.99376      0.00000      0.00000      0.00000
      2.00376      0.00000      0.00000      0.00000
      2.01376      0.00000      0.00000      0.00000
      2.02376      0.00000      0.00000      0.00000
      2.03376      0.00000      0.00000      0.00000
      2.04376      0.00000      0.00000      0.00000
      2.05376      0.00000      0.00000      0.00000
      2.06376      0.00000      0.00000      0.00000
      2.07376      0.00000      0.00000      0.00000
      2.08376      0.00000      0.00000      0.00000
      2.09376      0.00000      0.00000      0.00000
      2.10376      0.00000      0.00000      0.00000
      2.11376      0.00000      0.00000      0.00000
      2.12376      0.00000      0.00000      0.00000
      2.13376      0.00000      0.00000      0.00000
      2.14376      0.00000      0.00000      0.00000
      2.15376      0.00000      0.00000      0.00000
      2.16376      0.00000      0.00000      0.00000
      2.17376      0.00000      0.00000      0.00000
      2.18376      0.00000      0.00000      0.00000
      2.19376      0.00000      0.00000      0.00000
      2.20376      0.00000      0.00000      0.00000
      2.21376      0.00000      0.00000      0.00000
      2.22376      0.00000      0.00000      0.00000
      2.23376      0.00000      0.00000      0.00000
      2.24376      0.00000      0.00000      0.00000
      2.25376      0.00000      0.00000      0.00000
      2.26376      0.00000      0.00000      0.00000
      2.27376      0.00000      0.00000      0.00000
      2.28376      0.00000      0.00000      0.00000
      2.29376      0.00000      0.00000      0.00000
      2.30376      0.00000      0.00000      0.00000
      2.31376      0.00000      0.00000      0.00000
      2.32376      0.00000      0.00000      0.00000
      2.33376      0.00000      0.00000      0.00000
      2.34376      0.00000      0.00000      0.00000
      2.35376      0.00000      0.00000      0.00000
      2.36376      0.00000      0.00000      0.00000
      2.37376      0.00000      0.00000      0.00000
      2.38376      0.00000      0.00000      0.00000
      2.39376      0.00000      0.00000      0.00000
      2.40376      0.00000      0.00000      0.00000
      2.41376      0.00000      0.00000      0.00000
      2.42376      0.00000      0.00000      0.00000
      2.43376      0.00000      0.00000      0.00000
      2.44376      0.00000      0.00000      0.00000
      2.45376      0.00000      0.00000      0.00000
      2.46376      0.00000      0.00000      0.00000
      2.47376      0.00000      0.00000      0.00000
      2.48376      0.00000      0.00000      0.00000
      2.49376      0.00000      0.00000      0.00000
      2.50376      0.00000      0.00000      0.00000
      2.51376      0.00000      0.00000      0.00000
      2.52376      0.00000      0.00000      0.00000
      2.53376      0.00000      0.00000      0.00000
      2.54376      0.00000      0.00000      0.00000
      2.55376      0.00000      0.00000      0.00000
      2.56376      0.00000      0.00000      0.00000
      2.57376      0.00000      0.00000      0.00000
      2.58376      0.00000      0.00000      0.00000
      2.59376      0.00000      0.00000      0.00000
      2.60376      0.00000      0.00000      0.00000
      2.61376      0.00000      0.00000      0.00000
      2.62376      0.00000      0.00000      0.00000
      2.63376      0.00000      0.00000      0.00000
      2.64376      0.00000      0.00000      0.00000
      2.65376      0.00000      0.00000      0.00000
      2.66376      0.00000      0.00000      0.00000
      2.67376      0.00000      0.00000      0.00000
      2.68376      0.00000      0.00000      0.00000
      2.69376      0.00000      0.00000      0.00000
      2.70376      0.00000      0.00000      0.00000
      2.71376      0.00000      0.00000      0.00000
      2.72376      0.00000      0.00000      0.00000
      2.73376      0.00000      0.00000      0.00000
      2.74376      0.00000      0.00000      0.00000
      2.75376      0.00000      0.00000      0.00000
      2.76376      0.00000      0.00000      0.00000
      2.77376      0.00000      0.00000      0.00000
      2.78376      0.00000      0.00000      0.00000
      2.79376      0.00000      0.00000      0.00000
      2.80376      0.00000      0.00000      0.00000
      2.81376      0.00000      0.00000      0.00000
      2.82376      0.00000      0.00000      0.00000
      2.83376      0.00000      0.00000      0.00000
      2.84376      0.00000      0.00000      0.00000
      2.85376      0.00000      0.00000      0.00000
      2.86376      0.00000      0.00000      0.00000
      2.87376      0.00000      0.00000      0.00000
      2.88376      0.00000      0.00000      0.00000
      2.89376      0.00000      0.00000      0.00000
      2.90376      0.00000      0.00000      0.00000
      2.91376      0.00000      0.00000      0.00000
      2.92376      0.00000      0.00000      0.00000
      2.93376      0.00000      0.00000      0.00000
      2.94376      0.00000      0.00000      0.00000
      2.95376      0.00000      0.00000      0.00000
      2.96376      0.00000      0.00000      0.00000
      2.97376      0.00000      0.00000      0.00000
      2.98376      0.00000      0.00000      0.00000
      2.99376      0.00000      0.00000      0.00000
      3.00376      0.00000      0.00000      0.00000
      3.01376      0.00000      0.00000      0.00000
      3.02376      0.00000      0.00000      0.00000
      3.03376      0.00000      0.00000      0.00000
      3.04376      0.00000      0.00000      0.00000
      3.05376      0.00000      0.00000      0.00000
      3.06376      0.00000      0.00000      0.00000
      3.07376      0.00000      0.00000      0.00000
      3.08376      0.00000      0.00000      0.00000
      3.09376      0.00000      0.00000      0.00000
      3.10376      0.00000      0.00000      0.00000
      3.11376      0.00000      0.00000      0.00000
      3.12376      0.00000      0.00000      0.00000
      3.13376      0.00000      0.00000      0.00000
      3.14376      0.00000      0.00000      0.00000
      3.15376      0.00000      0.00000      0.00000
      3.16376      0.00000      0.00000      0.00000
      3.17376      0.00000      0.00000      0.00000
      3.18376      0.00000      0.00000      0.00000
      3.19376      0.00000      0.00000      0.00000
      3.20376      0.00000      0.00000      0.00000
      3.21376      0.00000      0.00000      0.00000
      3.22376      0.00000      0.00000      0.00000
      3.23376      0.00000      0.00000      0.00000
      3.24376      0.00000      0.00000      0.00000
      3.25376      0.00000      0.00000      0.00000
      3.26376      0.00000      0.00000      0.00000
      3.27376      0.00000      0.00000      0.00000
      3.28376      0.00000      0.00000      0.00000
      3.29376      0.00000      0.00000      0.00000
      3.30376      0.00000      0.00000      0.00000
      3.31376      0.00000      0.00000      0.00000
      3.32376      0.00000      0.00000      0.00000
      3.33376      0.00000      0.00000      0.00000
      3.34376      0.00000      0.00000      0.00000
      3.35376      0.00000      0.00000      0.00000
      3.36376      0.00000      0.00000      0.00000
      3.37376      0.00000      0.00000      0.00000
      3.38376      0.00000      0.00000      0.00000
      3.39376      0.00000      0.00000      0.00000
      3.40376      0.00000      0.00000      0.00000
      3.41376      0.00000      0.00000      0.00000
      3.42376      0.00000      0.00000      0.00000
      3.43376      0.00000      0.00000      0.00000
      3.44376      0.00000      0.00000      0.00000
      3.45376      0.00000      0.00000      0.00000
      3.46376      0.00000      0.00000      0.00000
      3.47376      0.00000      0.00000      0.00000
      3.48376      0.00000      0.00000      0.00000
      3.49376      0.00000      0.00000      0.00000
      3.50376      0.00000      0.00000      0.00000
      3.51376      0.00000      0.00000      0.00000
      3.52376      0.00000      0.00000      0.00000
      3.53376      0.00000      0.00000      0.00000
      3.54376      0.00000      0.00000      0.00000
      3.55376      0.00000      0.00000      0.00000
      3.56376      0.00000      0.00000      0.00000
      3.57376      0.00000      0.00000      0.00000
      3.58376      0.00000      0.00000      0.00000
      3.59376      0.00000      0.00000      0.00000
      3.60376      0.00000      0.00000      0.00000
      3.61376      0.00000      0.00000      0.00000
      3.62376      0.00000      0.00000      0.00000
      3.63376      0.00000      0.00000      0.00000
      3.64376      0.00000      0.00000      0.00000
      3.65376      0.00000      0.00000      0.00000
      3.66376      0.00000      0.00000      0.00000
      3.67376      0.00000      0.00000      0.00000
      3.68376      0.00000      0.00000      0.00000
      3.69376      0.00000      0.00000      0.00000
      3.70376      0.00000      0.00000      0.00000
      3.71376      0.00000      0.00000      0.00000
      3.72376      0.00000      0.00000      0.00000
      3.73376      0.00000      0.00000      0.00000
      3.74376      0.00000      0.00000      0.00000
      3.75376      0.00000      0.00000      0.00000
      3.76376      0.00000      0.00000      0.00000
      3.77376      0.00000      0.00000      0.00000
      3.78376      0.00000      0.00000      0.00000
      3.79376      0.00000      0.00000      0.00000
      3.80376      0.00000      0.00000      0.00000
      3.81376      0.00000      0.00000      0.00000
      3.82376      0.00000      0.00000      0.00000
      3.83376      0.00000      0.00000      0.00000
      3.84376      0.00000      0.00000      0.00000
      3.85376      0.06217      0.06150      0.00067
      3.86376      2.64429      2.61579      0.02850
      3.87376     42.84937     42.38619      0.46318
      3.88376    273.92666    270.95091      2.97575
      3.89376    734.69884    726.63849      8.06035
      3.90376    952.99046    942.31357     10.67689
      3.91376    801.71261    792.36373      9.34888
      3.92376    629.04668    621.31034      7.73634
      3.93376    532.15766    525.26621      6.89145
      3.94376    474.27566    467.83352      6.44213
      3.95376    436.22333    430.02620      6.19713
      3.96376    406.60544    400.57924      6.02620
      3.97376    382.39755    376.49510      5.90245
      3.98376    363.37856    357.54821      5.83035
      3.99376    347.18801    341.40694      5.78107
      4.00376    334.51083    328.73819      5.77264
      4.01376    323.59426    317.81629      5.77798
      4.02376    312.27105    306.50899      5.76206
      4.03376    308.07256    302.21054      5.86202
      4.04376    355.28241    348.41417      6.86824
      4.05376    559.24165    548.58270     10.65895
      4.06376    818.05023    802.62260     15.42762
      4.07376    839.30119    823.33244     15.96875
      4.08376    715.19049    701.27316     13.91733
      4.09376    624.36674    611.91213     12.45461
      4.10376    571.70734    560.04577     11.66157
      4.11376    535.31552    524.16903     11.14649
      4.12376    509.34376    498.52585     10.81791
      4.13376    489.84254    479.23576     10.60678
      4.14376    472.96503    462.52953     10.43550
      4.15376    458.17701    447.88120     10.29581
      4.16376    445.96004    435.75874     10.20130
      4.17376    435.69239    425.54929     10.14309
      4.18376    426.21995    416.12457     10.09538
      4.19376    417.63309    407.57607     10.05702
      4.20376    410.23139    400.19126     10.04013
      4.21376    403.33329    393.30035     10.03294
      4.22376    396.90463    386.87223     10.03241
      4.23376    390.99701    380.95604     10.04097
      4.24376    385.78503    375.72427     10.06076
      4.25376    380.89486    370.81240     10.08246
      4.26376    376.22578    366.11889     10.10689
      4.27376    372.15592    362.01169     10.14423
      4.28376    368.22676    358.04265     10.18410
      4.29376    364.42081    354.19645     10.22436
      4.30376    360.70658    350.44438     10.26220
      4.31376    357.03224    346.73537     10.29687
      4.32376    354.31080    343.95411     10.35669
      4.33376    351.98267    341.55667     10.42599
      4.34376    349.32446    338.84121     10.48325
      4.35376    346.59134    336.05481     10.53653
      4.36376    343.77446    333.18549     10.58897
      4.37376    340.94167    330.30148     10.64019
      4.38376    338.77944    328.07920     10.70023
      4.39376    336.79167    326.02604     10.76562
      4.40376    335.03292    324.18972     10.84319
      4.41376    333.43402    322.51460     10.91942
      4.42376    331.41983    320.43778     10.98205
      4.43376    329.59596    318.54621     11.04976
      4.44376    327.91158    316.77815     11.13343
      4.45376    326.58953    314.81464     11.77489
      4.46376    335.41978    314.28291     21.13686
      4.47376    389.38395    316.92069     72.46326
      4.48376    476.19869    322.26795    153.93074
      4.49376    512.40555    325.74390    186.66165
      4.50376    814.70124    358.24657    456.45467
      4.51376   1658.44947    446.67404   1211.77543
      4.52376   2196.82073    501.52435   1695.29638
      4.53376   2225.61580    501.56446   1724.05134
      4.54376   2672.03353    542.94155   2129.09198
      4.55376   3101.87404    582.68593   2519.18811
      4.56376   2816.09987    552.88713   2263.21274
      4.57376   2363.21434    505.72142   1857.49292
      4.58376   2083.25487    476.39274   1606.86213
      4.59376   1909.02828    457.53717   1451.49111
      4.60376   1782.11541    443.74190   1338.37351
      4.61376   1682.38176    433.16991   1249.21185
      4.62376   1599.06137    423.00446   1176.05691
      4.63376   1530.23001    415.99260   1114.23741
      4.64376   1469.70464    408.15249   1061.55215
      4.65376   1418.51077    402.57964   1015.93114
      4.66376   1372.10660    396.60305    975.50355
      4.67376   1331.62490    391.89175    939.73315
      4.68376   1294.67052    387.18476    907.48576
      4.69376   1260.58009    382.45223    878.12786
      4.70376   1230.98334    379.49019    851.49315
      4.71376   1202.10807    375.06243    827.04564
      4.72376   1177.67009    372.61055    805.05954
      4.73376   1152.52620    368.03768    784.48852
      4.74376   1132.05578    366.83301    765.22277
      4.75376   1110.42616    362.96692    747.45923
      4.76376   1092.14564    361.25693    730.88871
      4.77376   1072.98527    357.70157    715.28370
      4.78376   1056.76516    355.97877    700.78638
      4.79376   1040.15231    353.30014    686.85216
      4.80376   1025.07166    351.26541    673.80624
      4.81376   1011.64788    349.54874    662.09915
      4.82376    997.61128    347.13535    650.47593
      4.83376    985.19999    345.89905    639.30094
      4.84376    971.88256    342.93975    628.94280
      4.85376    961.18574    342.46568    618.72006
      4.86376    948.53292    339.26278    609.27014
      4.87376    939.72251    339.37101    600.35150
      4.88376    927.56776    336.01306    591.55470
      4.89376    919.64230    336.25369    583.38861
      4.90376    908.19122    332.77997    575.41125
      4.91376    900.89620    333.26575    567.63044
      4.92376    890.06481    329.90665    560.15816
      4.93376    883.81444    330.58757    553.22687
      4.94376    874.26659    327.63896    546.62763
      4.95376    868.09837    327.66640    540.43198
      4.96376    858.79775    324.45877    534.33898
      4.97376    853.14457    325.08859    528.05598
      4.98376    844.49810    322.67094    521.82716
      4.99376    838.46604    322.53530    515.93074
      5.00376    829.94628    319.55468    510.39160
      5.01376    824.06340    318.47246    505.59094
      5.02376    814.47858    314.03545    500.44313
      5.03376    799.75017    305.37030    494.37987
      5.04376    770.08732    282.19822    487.88910
      5.05376    712.73977    233.02661    479.71316
      5.06376    661.72080    189.95470    471.76610
      5.07376    676.86422    209.08289    467.78132
      5.08376    709.59977    244.49977    465.10000
      5.09376    774.74251    311.01556    463.72695
      5.10376    973.01174    507.32009    465.69165
      5.11376   1217.11311    753.85417    463.25895
      5.12376   1447.98227    989.39884    458.58343
      5.13376   1503.08428   1045.18775    457.89653
      5.14376   1322.75639    869.17340    453.58299
      5.15376   1153.13463    706.77970    446.35493
      5.16376   1043.99683    604.12171    439.87512
      5.17376    970.19693    534.20990    435.98703
      5.18376   1110.20888    669.67904    440.52984
      5.19376   1248.39649    804.81560    443.58089
      5.20376   1106.66006    669.85654    436.80352
      5.21376    919.65439    491.53296    428.12142
      5.22376    863.36491    440.30815    423.05676
      5.23376    871.32868    451.02011    420.30857
      5.24376    888.67352    470.97551    417.69801
      5.25376    900.59355    485.53606    415.05749
      5.26376    910.85338    497.75228    413.10110
      5.27376    923.34476    511.40180    411.94297
      5.28376   1044.69949    624.25601    420.44348
      5.29376   1525.12999   1065.32176    459.80823
      5.30376   2145.74911   1634.33492    511.41420
      5.31376   2196.47989   1681.86955    514.61034
      5.32376   1909.22555   1421.22310    488.00245
      5.33376   1697.73737   1231.00755    466.72982
      5.34376   1556.81674   1103.56809    453.24865
      5.35376   1468.78430   1023.57447    445.20982
      5.36376   1409.82106    971.65236    438.16870
      5.37376   1356.56471    925.45687    431.10784
      5.38376   1315.91916    890.39121    425.52795
      5.39376   1286.61122    864.88518    421.72603
      5.40376   1271.31321    853.34508    417.96813
      5.41376   1289.50660    874.07264    415.43397
      5.42376   1343.87306    928.76357    415.10949
      5.43376   1385.32798    968.89068    416.43730
      5.44376   1312.31492    898.92033    413.39459
      5.45376   1209.96839    802.78659    407.18181
      5.46376   1147.35380    745.74850    401.60530
      5.47376   1106.05899    708.80470    397.25428
      5.48376   1086.31273    692.72163    393.59110
      5.49376   1061.62870    672.45461    389.17409
      5.50376   1044.48968    659.14363    385.34605
      5.51376   1055.68594    672.08131    383.60463
      5.52376   1114.36335    729.87853    384.48482
      5.53376   1253.22985    863.07638    390.15348
      5.54376   1307.50888    914.61863    392.89024
      5.55376   1142.70971    758.27367    384.43604
      5.56376   1022.86826    645.91659    376.95167
      5.57376    991.29805    617.92035    373.37770
      5.58376    950.85651    581.22745    369.62905
      5.59376    957.69932    590.76006    366.93926
      5.60376    958.08295    593.58676    364.49619
      5.61376   1056.78744    689.01312    367.77432
      5.62376   1251.55151    874.58145    376.97005
      5.63376   1220.87774    845.49141    375.38634
      5.64376   1037.58181    672.23896    365.34286
      5.65376    960.88266    601.10814    359.77451
      5.66376    902.33805    547.41885    354.91920
      5.67376    876.63270    525.36907    351.26363
      5.68376    923.33445    571.60898    351.72546
      5.69376   1007.13820    652.35910    354.77910
      5.70376   1154.79791    793.01026    361.78765
      5.71376   1186.38653    823.00186    363.38467
      5.72376   1019.64865    664.59166    355.05699
      5.73376    882.43853    536.10174    346.33679
      5.74376    844.88033    503.91900    340.96133
      5.75376    882.39650    541.82761    340.56889
      5.76376    904.29366    563.51116    340.78250
      5.77376   1035.54857    687.77223    347.77634
      5.78376   1172.31782    817.50744    354.81038
      5.79376   1085.38058    735.64388    349.73670
      5.80376    896.73949    557.63568    339.10381
      5.81376    812.88579    480.22057    332.66522
      5.82376    823.72545    492.71121    331.01424
      5.83376    886.79273    553.23900    333.55373
      5.84376    985.00088    646.14625    338.85462
      5.85376   1095.95462    751.75624    344.19838
      5.86376   1057.99149    717.02689    340.96460
      5.87376    910.96799    577.93878    333.02920
      5.88376    823.65722    495.40106    328.25616
      5.89376    759.74369    436.76719    322.97650
      5.90376    782.75952    459.62156    323.13795
      5.91376   1005.91050    670.49148    335.41902
      5.92376   1179.45694    832.61494    346.84201
      5.93376   1067.43827    725.10776    342.33051
      5.94376    923.92938    588.30063    335.62875
      5.95376    906.55224    572.32484    334.22739
      5.96376    916.08818    584.23704    331.85114
      5.97376    918.71760    585.05445    333.66316
      5.98376    978.32942    638.03678    340.29264
      5.99376   1123.31299    773.19703    350.11596
      6.00376   1139.71160    785.78023    353.93137
      6.01376    998.65149    648.85809    349.79341
      6.02376    925.32043    573.59469    351.72574
      6.03376   1000.69757    638.69567    362.00190
      6.04376   1059.50202    686.36722    373.13480
      6.05376   1136.97294    703.24323    433.72971
      6.06376   1436.51203    724.48326    712.02878
      6.07376   1879.16823    661.02101   1218.14722
      6.08376   2096.41740    509.72231   1586.69509
      6.09376   2091.09583    442.96829   1648.12755
      6.10376   1884.99184    481.34799   1403.64385
      6.11376   1781.89451    592.95441   1188.94010
      6.12376   1798.12596    734.96706   1063.15890
      6.13376   1551.84453    732.10593    819.73860
      6.14376   1232.83900    576.47750    656.36150
      6.15376   1103.10240    451.42649    651.67591
      6.16376   1054.78134    407.04436    647.73698
      6.17376   1235.32952    518.15927    717.17025
      6.18376   1469.22697    680.32695    788.90002
      6.19376   1480.15088    764.75487    715.39601
      6.20376   1425.25937    758.45324    666.80612
      6.21376   1274.47988    626.52795    647.95194
      6.22376   1119.17912    509.36727    609.81186
      6.23376   1037.21851    463.34589    573.87262
      6.24376   1080.38700    544.11970    536.26730
      6.25376   1309.86862    704.14034    605.72828
      6.26376   1496.40460    759.75598    736.64861
      6.27376   1536.22673    629.92811    906.29861
      6.28376   1742.63061    541.20621   1201.42439
      6.29376   1923.95597    590.50241   1333.45356
      6.30376   1865.28331    699.36993   1165.91338
      6.31376   1703.77393    788.40696    915.36696
      6.32376   1473.98894    798.70093    675.28801
      6.33376   1357.37945    747.96374    609.41571
      6.34376   1283.27743    627.97071    655.30673
      6.35376   1186.89899    595.72813    591.17085
      6.36376   1072.72540    653.29780    419.42760
      6.37376    964.56519    697.07120    267.49400
      6.38376   1069.81499    788.73437    281.08062
      6.39376   1239.48526    851.96341    387.52185
      6.40376   1078.90169    735.99828    342.90342
      6.41376    711.55097    514.50224    197.04873
      6.42376    512.34825    431.72936     80.61889
      6.43376    556.55168    502.50047     54.05122
      6.44376    738.44104    611.06475    127.37629
      6.45376    946.33646    712.06692    234.26954
      6.46376    988.41755    742.48652    245.93103
      6.47376    952.28943    735.25768    217.03175
      6.48376    929.20568    684.88635    244.31933
      6.49376    933.02627    691.79542    241.23085
      6.50376    837.63956    664.72886    172.91070
      6.51376    878.35294    620.27141    258.08153
      6.52376   1220.28085    685.55958    534.72127
      6.53376   1566.69797    803.43479    763.26318
      6.54376   1599.89300    855.59338    744.29962
      6.55376   1550.71897    880.65982    670.05915
      6.56376   1499.34627    895.91648    603.42979
      6.57376   1358.63928    863.01381    495.62548
      6.58376   1260.38111    851.53341    408.84770
      6.59376   1202.71784    800.67990    402.03794
      6.60376   1271.84387    761.63259    510.21129
      6.61376   1671.50632    932.48000    739.02633
      6.62376   2052.38107   1120.01825    932.36282
      6.63376   2012.77437   1160.92515    851.84922
      6.64376   1908.56165   1270.06244    638.49921
      6.65376   1935.14172   1436.57246    498.56926
      6.66376   2008.99489   1564.41076    444.58413
      6.67376   1765.04845   1263.98024    501.06821
      6.68376   1341.91875    723.20793    618.71082
      6.69376   1133.78939    483.58522    650.20417
      6.70376   1051.05100    445.38233    605.66867
      6.71376    986.86533    403.47999    583.38535
      6.72376   1086.67774    404.55439    682.12335
      6.73376   1316.46640    489.54348    826.92292
      6.74376   1457.64313    574.47885    883.16428
      6.75376   1411.73970    579.95350    831.78621
      6.76376   1077.37549    428.54965    648.82584
      6.77376    907.55619    370.98622    536.56997
      6.78376    955.15175    427.63774    527.51401
      6.79376    957.08736    388.51886    568.56850
      6.80376   1005.96433    381.93931    624.02502
      6.81376   1045.89398    457.35763    588.53635
      6.82376   1024.16276    482.35582    541.80694
      6.83376   1011.96094    472.74070    539.22024
      6.84376    971.15872    439.29152    531.86720
      6.85376    898.30255    395.79833    502.50423
      6.86376    788.83464    346.23966    442.59498
      6.87376    773.44973    346.75458    426.69515
      6.88376    873.76641    406.41160    467.35481
      6.89376    955.57373    446.23876    509.33497
      6.90376    916.93606    413.55100    503.38506
      6.91376    849.35476    374.35137    475.00339
      6.92376    884.55556    411.99379    472.57137
      6.93376    979.32759    479.34058    500.43065
      6.94376    925.54527    457.50925    475.81876
      6.95376   1066.20266    328.81096    790.78851
      6.96376   1866.05102    297.16099   1721.26378
      6.97376   2548.55451    373.04855   2395.81760
      6.98376   2853.43382    347.84524   2768.23450
      6.99376   3346.35087    337.31626   3333.19338
      7.00376   3491.41047    419.34264   3391.31652
      7.01376   3291.66342    476.05538   3082.37805
      7.02376   3080.67893    498.38768   2806.98631
      7.03376   2807.55404    474.85429   2530.82132
      7.04376   2472.02790    428.45871   2220.98321
      7.05376   2111.76462    379.74316   1892.35002
      7.06376   2037.84636    381.80303   1808.53131
      7.07376   2093.06047    405.95941   1837.24791
      7.08376   1955.37947    395.26727   1702.04588
      7.09376   1776.26479    370.22509   1536.41690
      7.10376   1684.75899    322.93776   1487.70366
      7.11376   1723.95056    352.64643   1492.40970
      7.12376   1849.53617    444.05454   1520.39802
      7.13376   1822.77093    440.06376   1496.55533
      7.14376   1666.72481    340.73227   1441.12474
      7.15376   1569.75649    310.29006   1369.80763
      7.16376   1472.72942    360.60565   1212.30307
      7.17376   1471.87538    345.57625   1222.72969
      7.18376   1601.72830    350.47255   1348.15145
      7.19376   1652.13365    409.35050   1338.19044
      7.20376   1517.81680    436.59729   1172.74583
      7.21376   1321.72295    363.67901   1046.00829
      7.22376   1327.55761    315.89117   1098.19034
      7.23376   1545.17526    414.61308   1215.27903
      7.24376   1803.40363    527.04527   1360.55533
      7.25376   1837.81285    504.36817   1419.82476
      7.26376   1626.02893    356.17706   1359.58125
      7.27376   1418.46810    299.51608   1209.29841
      7.28376   1385.84453    370.65583   1100.53122
      7.29376   1339.43489    364.72157   1057.18387
      7.30376   1243.27271    335.11591    983.09805
      7.31376   1293.06158    386.74725    970.04632
      7.32376   1390.33630    463.22887    989.01521
      7.33376   1413.29993    440.40615   1042.67616
      7.34376   1382.83103    382.29578   1076.05106
      7.35376   1454.93889    442.48969   1091.27600
      7.36376   1587.98100    528.95404   1139.31197
      7.37376   1601.12048    509.55589   1159.20638
      7.38376   1532.19883    410.61263   1178.69969
      7.39376   1446.29448    392.79409   1111.13912
      7.40376   1433.64088    439.93352   1057.65973
      7.41376   1448.35247    425.60407   1095.84057
      7.42376   1372.09559    404.65527   1031.70453
      7.43376   1248.85813    409.40936    894.60982
      7.44376   1201.94666    369.48546    898.39404
      7.45376   1136.87138    288.50480    914.06795
      7.46376   1192.57712    333.70618    916.59278
      7.47376   1553.14146    545.26916   1072.43466
      7.48376   1760.51851    660.38179   1162.29073
      7.49376   1834.26505    618.18100   1274.79634
      7.50376   1826.51067    533.21239   1357.94600
      7.51376   1639.82801    523.53554   1175.01555
      7.52376   1626.94358    577.17803   1100.88832
      7.53376   1702.62688    567.25946   1192.81962
      7.54376   1557.72328    482.84919   1135.94768
      7.55376   1336.83880    393.22677    997.36762
      7.56376   1215.26785    347.45763    919.99863
      7.57376   1209.36181    342.48854    923.01653
      7.58376   1317.90451    412.53002    964.15753
      7.59376   1494.80451    512.11334   1041.49584
      7.60376   1526.98940    551.06489   1030.45692
      7.61376   1466.55060    507.10408   1015.81520
      7.62376   1405.56068    459.90794    999.63673
      7.63376   1393.01965    536.22956    902.31561
      7.64376   1382.24199    615.86802    808.61903
      7.65376   1327.19410    547.53053    820.92294
      7.66376   1414.90594    435.52924   1020.74275
      7.67376   1658.70294    435.53611   1274.29939
      7.68376   1760.66021    543.43564   1280.25800
      7.69376   1686.59072    676.53679   1071.08376
      7.70376   1614.50266    712.20891    949.24514
      7.71376   1506.80515    611.30336    932.74320
      7.72376   1314.77439    486.95812    867.03284
      7.73376   1210.48783    442.93977    813.97634
      7.74376   1275.36761    448.88929    884.54399
      7.75376   1292.46343    477.90779    865.31133
      7.76376   1320.10911    575.04528    778.53434
      7.77376   1310.52539    580.16799    763.27974
      7.78376   1252.48099    510.63329    780.61888
      7.79376   1484.18363    520.38634   1010.21594
      7.80376   1903.76693    678.96208   1276.80242
      7.81376   2166.10569    882.41568   1330.27817
      7.82376   2010.24500    906.44636   1137.72616
      7.83376   1720.89211    849.22232    895.13363
      7.84376   1555.83166    771.10207    800.99565
      7.85376   1466.63735    730.53805    745.19221
      7.86376   1329.18750    671.10022    667.57665
      7.87376   1351.37719    599.28453    769.29045
      7.88376   1747.40281    707.17137   1062.19427
      7.89376   1947.63091    804.96871   1164.35500
      7.90376   1790.04165    770.81174   1038.86638
      7.91376   1662.81081    792.60775    886.85297
      7.92376   1792.26514    973.58386    830.23334
      7.93376   1937.65599   1149.72459    793.12268
      7.94376   1797.50077   1021.71341    781.14970
      7.95376   1841.83745    777.59393   1086.42619
      7.96376   1983.17406    625.03013   1412.03281
      7.97376   1863.98527    570.43001   1365.52246
      7.98376   1594.62377    509.74073   1150.60382
      7.99376   1408.41522    411.13211   1058.29748
      8.00376   1435.19919    374.59690   1127.82189
      8.01376   1566.81741    426.49915   1207.89490
      8.02376   1539.76955    553.92783   1036.02453
      8.03376   1330.92888    615.46748    748.03193
      8.04376   1172.85091    507.99097    700.73544
      8.05376   1108.23215    414.23815    733.87519
      8.06376   1009.58007    388.83443    655.37268
      8.07376   1000.72699    419.59396    614.97973
      8.08376   1174.89185    524.06854    688.37464
      8.09376   1378.38769    595.61022    829.22444
      8.10376   1372.35857    517.19053    909.09614
      8.11376   1231.04167    436.02486    845.41169
      8.12376   1148.05708    437.67041    752.54542
      8.13376   1178.80311    437.58655    776.26129
      8.14376   1244.55342    449.59705    821.32961
      8.15376   1315.90570    480.24044    857.42720
      8.16376   1255.82656    498.27538    777.21511
      8.17376    989.01886    450.29713    547.97273
      8.18376    849.82222    370.72116    483.12990
      8.19376    895.07123    342.85046    565.26706
      8.20376    971.10133    321.24922    683.91965
      8.21376   1039.14023    324.15661    761.96163
      8.22376   1410.26635    515.58113    944.43914
      8.23376   1943.99416    720.15666   1285.36503
      8.24376   1795.38820    594.03222   1265.85633
      8.25376   1383.58986    397.03893   1040.40290
      8.26376   1269.65384    357.88378    956.26383
      8.27376   1285.56438    368.16766    956.83455
      8.28376   1307.85398    352.20802    992.81598
      8.29376   1181.38571    288.69791    928.29436
      8.30376   1034.62451    233.93267    835.36556
      8.31376   1023.20792    253.48898    803.06274
      8.32376   1157.38980    364.11555    825.72042
      8.33376   1223.04435    461.85515    792.29658
      8.34376   1005.63410    379.59919    657.05802
      8.35376    875.85796    301.37036    604.00651
      8.36376    886.58390    292.72952    623.18352
      8.37376    808.65311    268.34331    568.04068
      8.38376    704.73469    202.75919    528.12380
      8.39376    717.34787    211.70643    531.03551
      8.40376    818.90865    279.60548    562.38953
      8.41376    925.58960    297.71965    649.17442
      8.42376    834.44606    240.36377    613.09677
      8.43376    686.24540    192.85899    511.74731
      8.44376    782.70994    289.93277    505.47321
      8.45376    897.12618    360.74444    547.77956
      8.46376    822.13634    307.65454    530.82763
      8.47376    759.24389    284.66696    489.61301
      8.48376    741.05588    264.73785    488.80228
      8.49376    826.45161    274.86957    573.79087
      8.50376   1051.96147    348.85501    742.22379
      8.51376   1075.15365    334.83836    782.99809
      8.52376    945.43111    250.87281    730.95778
      8.53376    996.55962    258.23170    775.00680
      8.54376   1172.59781    334.93316    879.65767
      8.55376   1233.73471    405.48483    866.14477
      8.56376   1069.27268    399.26457    696.39516
      8.57376    806.12106    300.12601    526.69593
      8.58376    779.23957    267.18911    538.94909
      8.59376    785.18021    264.21899    548.91600
      8.60376    565.31139    177.90814    402.14260
      8.61376    377.39653     86.06320    298.46683
      8.62376    367.20295     80.59880    294.33551
      8.63376    488.89569    172.15567    324.49591
      8.64376    723.19474    274.80345    464.88838
      8.65376   1016.11138    338.42932    707.04941
      8.66376   1280.34773    459.02917    844.63126
      8.67376   1404.58556    554.81174    865.07319
      8.68376   1333.82419    505.26823    845.81888
      8.69376   1159.84351    414.15865    762.43354
      8.70376   1128.07426    358.58718    789.81584
      8.71376   1290.52068    349.27857    971.41237
      8.72376   1278.67244    361.42000    944.46006
      8.73376   1016.05410    369.57465    660.99225
      8.74376    790.23334    373.29141    422.98875
      8.75376    743.43180    377.60805    371.20677
      8.76376    806.05307    387.45596    427.40499
      8.77376    979.14284    432.69284    563.14643
      8.78376   1155.55338    439.51273    749.57541
      8.79376   1061.91257    363.28779    737.54108
      8.80376    936.05899    320.41205    644.88643
      8.81376   1040.58229    376.45147    687.18669
      8.82376   1126.34653    423.02476    726.13897
      8.83376   1128.49112    387.04048    770.11163
      8.84376   1222.39629    383.04310    879.88211
      8.85376   1358.26560    387.77797   1020.45772
      8.86376   1331.20930    331.07216   1050.29215
      8.87376   1301.30005    387.98064    954.33499
      8.88376   1485.92321    558.07705    958.82571
      8.89376   1718.36006    690.55088   1057.74638
