Energy-E_F (eV)    DOS (1/eV)    PDOS (1/eV)  of atom type C  H  
     -4.99000   1097.52049    980.41752    117.10297
     -4.98000   1135.39530   1016.82388    118.57142
     -4.97000   1227.71307   1104.89831    122.81475
     -4.96000   1419.97940   1288.95950    131.01990
     -4.95000   1505.00306   1373.74046    131.26260
     -4.94000   1180.96596   1070.12185    110.84411
     -4.93000    843.80282    752.52019     91.28263
     -4.92000    812.50351    726.81819     85.68532
     -4.91000    889.21292    803.89740     85.31551
     -4.90000    900.59922    815.48900     85.11022
     -4.89000    873.98877    789.27511     84.71366
     -4.88000    854.51944    770.15626     84.36317
     -4.87000    843.27105    759.20243     84.06862
     -4.86000    835.82092    752.00175     83.81917
     -4.85000    830.29559    746.70184     83.59375
     -4.84000    825.97014    742.57645     83.39369
     -4.83000    822.49357    739.27150     83.22207
     -4.82000    819.53180    736.47487     83.05694
     -4.81000    817.06490    734.14729     82.91761
     -4.80000    814.99821    732.19780     82.80040
     -4.79000    813.15675    730.46960     82.68715
     -4.78000    811.62521    729.02502     82.60018
     -4.77000    810.28972    727.76832     82.52140
     -4.76000    809.16204    726.70377     82.45827
     -4.75000    808.25822    725.83943     82.41879
     -4.74000    807.40095    725.02766     82.37329
     -4.73000    806.80746    724.45001     82.35745
     -4.72000    806.36096    724.00575     82.35522
     -4.71000    805.93930    723.58759     82.35172
     -4.70000    805.77158    723.39295     82.37863
     -4.69000    805.65487    723.25208     82.40279
     -4.68000    805.69706    723.24599     82.45107
     -4.67000    805.86497    723.35202     82.51296
     -4.66000    806.06634    723.49755     82.56879
     -4.65000    806.55076    723.88492     82.66584
     -4.64000    806.99201    724.23627     82.75574
     -4.63000    807.60145    724.73944     82.86201
     -4.62000    808.42231    725.43027     82.99204
     -4.61000    809.17162    726.05634     83.11528
     -4.60000    810.23462    726.95500     83.27963
     -4.59000    811.31369    727.87997     83.43372
     -4.58000    812.50598    728.89746     83.60852
     -4.57000    813.94772    730.12845     83.81927
     -4.56000    816.49480    732.24319     84.25161
     -4.55000    837.90193    749.25056     88.65137
     -4.54000    966.37337    850.71975    115.65362
     -4.53000   1255.94108   1079.54484    176.39625
     -4.52000   1431.93929   1219.40316    212.53613
     -4.51000   1359.23928   1163.34845    195.89083
     -4.50000   1252.28972   1080.10758    172.18215
     -4.49000   1193.24090   1034.42087    158.82004
     -4.48000   1160.60778   1009.44179    151.16598
     -4.47000   1140.00395    993.91253    146.09142
     -4.46000   1125.77913    983.36816    142.41097
     -4.45000   1115.93677    976.26196    139.67480
     -4.44000   1108.86102    971.32333    137.53769
     -4.43000   1104.08390    968.21136    135.87254
     -4.42000   1100.99685    966.42487    134.57198
     -4.41000   1099.11888    965.59342    133.52546
     -4.40000   1098.76827    966.02074    132.74753
     -4.39000   1099.08100    966.94983    132.13117
     -4.38000   1100.47870    968.78031    131.69839
     -4.37000   1102.89961    971.47448    131.42513
     -4.36000   1105.79224    974.53313    131.25910
     -4.35000   1109.86170    978.60589    131.25582
     -4.34000   1114.57000    983.23027    131.33973
     -4.33000   1120.10854    988.55443    131.55411
     -4.32000   1126.68738    994.79688    131.89050
     -4.31000   1134.06046   1001.74508    132.31538
     -4.30000   1142.63567   1009.74272    132.89295
     -4.29000   1152.20550   1018.64232    133.56318
     -4.28000   1163.25984   1028.87899    134.38085
     -4.27000   1175.74477   1040.39625    135.34852
     -4.26000   1189.88004   1053.43085    136.44920
     -4.25000   1206.45576   1068.69131    137.76445
     -4.24000   1225.20044   1085.94356    139.25688
     -4.23000   1247.41825   1106.41171    141.00654
     -4.22000   1273.90705   1130.84356    143.06349
     -4.21000   1305.68101   1160.21657    145.46444
     -4.20000   1347.18399   1198.69405    148.48994
     -4.19000   1426.66501   1271.96136    154.70365
     -4.18000   1746.36658   1562.62555    183.74104
     -4.17000   2694.80119   2422.39603    272.40516
     -4.16000   3890.22282   3516.21508    374.00774
     -4.15000   4704.69175   4295.43303    409.25872
     -4.14000   5266.02515   4848.30975    417.71539
     -4.13000   5394.60763   4956.99394    437.61369
     -4.12000   5531.00389   5047.71853    483.28536
     -4.11000   5201.98501   4730.11636    471.86865
     -4.10000   3567.69745   3246.68344    321.01401
     -4.09000   2081.70917   1901.79989    179.90928
     -4.08000   1574.73086   1440.24295    134.48791
     -4.07000   1464.18629   1336.18888    127.99741
     -4.06000   1415.87494   1288.80118    127.07376
     -4.05000   1378.90175   1252.15467    126.74709
     -4.04000   1348.52520   1221.83126    126.69393
     -4.03000   1323.18894   1196.34898    126.83996
     -4.02000   1302.02817   1174.82747    127.20070
     -4.01000   1284.19941   1156.45717    127.74224
     -4.00000   1269.28161   1140.82790    128.45371
     -3.99000   1256.93366   1127.57031    129.36335
     -3.98000   1246.74820   1116.30350    130.44470
     -3.97000   1238.70100   1106.97692    131.72408
     -3.96000   1232.57832   1099.35186    133.22646
     -3.95000   1228.27036   1093.32346    134.94690
     -3.94000   1225.89397   1088.95489    136.93908
     -3.93000   1225.36457   1086.13069    139.23387
     -3.92000   1227.03144   1085.16250    141.86894
     -3.91000   1235.96274   1090.95677    145.00597
     -3.90000   1289.53006   1140.25564    149.27442
     -3.89000   1453.74842   1297.97075    155.77767
     -3.88000   1627.09505   1463.91169    163.18335
     -3.87000   1644.33056   1475.10532    169.22524
     -3.86000   1596.84501   1421.23626    175.60875
     -3.85000   1580.96916   1396.60988    184.35928
     -3.84000   1597.84129   1401.33029    196.51100
     -3.83000   1644.25227   1430.04472    214.20755
     -3.82000   1739.65264   1495.83388    243.81876
     -3.81000   1937.15157   1637.03864    300.11294
     -3.80000   2169.03910   1803.86451    365.17459
     -3.79000   1987.94050   1669.17905    318.76145
     -3.78000   1402.20570   1239.09899    163.10671
     -3.77000   1053.32380    982.53615     70.78765
     -3.76000    979.80804    927.58758     52.22046
     -3.75000    970.35522    919.70362     50.65161
     -3.74000    966.62097    916.19785     50.42312
     -3.73000    964.07480    913.79986     50.27494
     -3.72000    962.52847    912.37017     50.15830
     -3.71000    962.01534    911.94468     50.07065
     -3.70000    962.86098    912.83858     50.02240
     -3.69000    965.33984    915.32273     50.01711
     -3.68000    969.87229    919.81073     50.06156
     -3.67000    977.34605    927.16730     50.17875
     -3.66000    989.19582    938.79419     50.40163
     -3.65000   1008.11314    957.32489     50.78825
     -3.64000   1040.52674    989.04253     51.48421
     -3.63000   1105.24940   1052.33645     52.91295
     -3.62000   1234.30199   1178.51635     55.78564
     -3.61000   1328.10288   1270.23966     57.86323
     -3.60000   1093.37811   1040.78831     52.58980
     -3.59000    693.76951    650.13310     43.63641
     -3.58000    512.99076    473.41337     39.57739
     -3.57000    484.60174    445.67711     38.92463
     -3.56000    483.43224    444.54963     38.88261
     -3.55000    483.97615    445.09432     38.88183
     -3.54000    484.59860    445.71334     38.88526
     -3.53000    485.29313    446.40047     38.89266
     -3.52000    486.05555    447.15112     38.90443
     -3.51000    486.85507    447.93503     38.92004
     -3.50000    487.93041    448.98685     38.94356
     -3.49000    495.14837    456.06410     39.08427
     -3.48000    562.67280    522.32060     40.35220
     -3.47000    822.44552    777.23159     45.21393
     -3.46000   1160.16512   1108.60435     51.56077
     -3.45000   1225.89457   1173.02519     52.86938
     -3.44000   1113.57459   1062.71938     50.85521
     -3.43000   1029.02913    979.68772     49.34141
     -3.42000    985.16560    936.58977     48.57583
     -3.41000    959.23493    911.09466     48.14027
     -3.40000    941.93914    894.07510     47.86404
     -3.39000    929.67884    881.99743     47.68141
     -3.38000    920.58050    873.02191     47.55859
     -3.37000    913.63712    866.15964     47.47748
     -3.36000    908.33408    860.90516     47.42891
     -3.35000    904.21211    856.80737     47.40474
     -3.34000    900.95356    853.55406     47.39950
     -3.33000    898.48465    851.07265     47.41200
     -3.32000    896.64709    849.20769     47.43940
     -3.31000    895.23540    847.75698     47.47842
     -3.30000    894.30351    846.77335     47.53016
     -3.29000    893.81374    846.22000     47.59374
     -3.28000    893.55229    845.88620     47.66609
     -3.27000    893.65209    845.90271     47.74938
     -3.26000    894.11111    846.26754     47.84357
     -3.25000    894.70262    846.75713     47.94548
     -3.24000    895.62052    847.56256     48.05796
     -3.23000    896.84128    848.66003     48.18124
     -3.22000    898.17538    849.86309     48.31229
     -3.21000    899.81661    851.36242     48.45419
     -3.20000    901.73485    853.12748     48.60737
     -3.19000    903.78936    855.02036     48.76900
     -3.18000    906.12055    857.17832     48.94223
     -3.17000    908.76554    859.63767     49.12787
     -3.16000    911.54677    862.22388     49.32289
     -3.15000    914.61383    865.08294     49.53089
     -3.14000    918.06275    868.30971     49.75304
     -3.13000    921.60997    871.62435     49.98562
     -3.12000    925.54790    875.31410     50.23380
     -3.11000    929.87796    879.38015     50.49781
     -3.10000    934.32593    883.55163     50.77430
     -3.09000    939.30948    888.23946     51.07003
     -3.08000    944.64881    893.26541     51.38340
     -3.07000    950.24561    898.53252     51.71309
     -3.06000    956.47027    904.40413     52.06614
     -3.05000    963.09587    910.65576     52.44011
     -3.04000    970.15131    917.31557     52.83574
     -3.03000    977.94317    924.68277     53.26040
     -3.02000    986.28226    932.57101     53.71125
     -3.01000    995.22986    941.03832     54.19155
     -3.00000   1005.17049    950.46115     54.70934
     -2.99000   1015.82346    960.56175     55.26170
     -2.98000   1027.45045    971.59421     55.85624
     -2.97000   1040.44274    983.94142     56.50132
     -2.96000   1054.44919    997.25350     57.19569
     -2.95000   1070.15154   1012.19749     57.95404
     -2.94000   1087.71846   1028.93354     58.78492
     -2.93000   1107.16211   1047.46706     59.69505
     -2.92000   1129.48512   1068.77596     60.70916
     -2.91000   1154.88466   1093.04200     61.84266
     -2.90000   1184.22610   1121.10262     63.12348
     -2.89000   1219.02470   1154.42488     64.59982
     -2.88000   1260.70445   1194.37926     66.32519
     -2.87000   1312.29902   1243.89862     68.40040
     -2.86000   1379.28503   1308.28119     71.00384
     -2.85000   1472.75612   1398.25173     74.50439
     -2.84000   1620.65946   1540.85161     79.80784
     -2.83000   1840.05310   1752.52329     87.52981
     -2.82000   2022.20125   1927.65780     94.54344
     -2.81000   2104.37927   2005.40169     98.97758
     -2.80000   1989.22394   1893.20865     96.01530
     -2.79000   1365.88317   1291.71771     74.16546
     -2.78000    770.25976    716.98212     53.27764
     -2.77000    590.30225    542.83228     47.46997
     -2.76000    576.01962    528.33788     47.68174
     -2.75000    582.61238    533.91879     48.69360
     -2.74000    589.97485    540.15013     49.82472
     -2.73000    599.22864    548.15100     51.07764
     -2.72000    608.89564    556.44183     52.45381
     -2.71000    619.62218    565.64472     53.97746
     -2.70000    632.39285    576.70677     55.68608
     -2.69000    645.73977    588.14285     57.59692
     -2.68000    661.85407    602.08108     59.77299
     -2.67000    680.01219    617.74314     62.26905
     -2.66000    700.85867    635.69351     65.16516
     -2.65000    726.34696    657.74914     68.59781
     -2.64000    756.19282    683.46069     72.73212
     -2.63000    793.92023    716.05710     77.86313
     -2.62000    842.40759    757.92903     84.47855
     -2.61000    908.29468    814.78491     93.50976
     -2.60000   1009.42838    902.15283    107.27555
     -2.59000   1193.29819   1060.88482    132.41338
     -2.58000   1500.46248   1326.12120    174.34128
     -2.57000   1597.37454   1409.82059    187.55395
     -2.56000   1054.69799    941.25265    113.44534
     -2.55000    460.39585    428.16449     32.23137
     -2.54000    268.30224    262.32209      5.98015
     -2.53000    246.63509    243.67034      2.96475
     -2.52000    247.87627    245.00735      2.86892
     -2.51000    271.66586    268.47494      3.19091
     -2.50000    400.72826    395.79592      4.93234
     -2.49000    649.08816    640.77212      8.31604
     -2.48000    763.36356    753.41880      9.94476
     -2.47000    686.62517    677.60754      9.01763
     -2.46000    601.27966    593.32865      7.95100
     -2.45000    554.80080    547.41848      7.38232
     -2.44000    527.86169    520.79280      7.06889
     -2.43000    509.79320    502.92820      6.86500
     -2.42000    496.47689    489.75682      6.72007
     -2.41000    486.54320    479.92419      6.61901
     -2.40000    478.53403    471.99616      6.53786
     -2.39000    472.07427    465.59647      6.47780
     -2.38000    466.97507    460.54155      6.43352
     -2.37000    462.41602    456.02193      6.39409
     -2.36000    458.85759    452.48839      6.36920
     -2.35000    455.80089    449.45242      6.34847
     -2.34000    453.01659    446.68489      6.33170
     -2.33000    451.00320    444.67750      6.32570
     -2.32000    449.01949    442.70066      6.31884
     -2.31000    447.43104    441.11235      6.31870
     -2.30000    446.31699    439.99178      6.32520
     -2.29000    445.11279    438.78196      6.33083
     -2.28000    444.41826    438.07318      6.34508
     -2.27000    443.92493    437.56174      6.36320
     -2.26000    443.46688    437.08358      6.38330
     -2.25000    443.51217    437.09944      6.41273
     -2.24000    443.64112    437.19513      6.44599
     -2.23000    443.98470    437.49979      6.48492
     -2.22000    444.78029    438.24600      6.53429
     -2.21000    445.75603    439.16500      6.59102
     -2.20000    447.11898    440.46079      6.65819
     -2.19000    449.09571    442.35174      6.74397
     -2.18000    457.81370    450.77068      7.04302
     -2.17000    569.79411    559.19872     10.59539
     -2.16000   1257.00056   1224.73595     32.26461
     -2.15000   2758.39480   2678.89936     79.49544
     -2.14000   3597.71348   3492.04846    105.66502
     -2.13000   3161.01200   3069.47664     91.53536
     -2.12000   2595.17901   2521.78682     73.39219
     -2.11000   2297.40721   2233.65174     63.75547
     -2.10000   2150.12778   2091.24310     58.88468
     -2.09000   2089.55873   2032.82185     56.73688
     -2.08000   2121.98369   2064.53348     57.45021
     -2.07000   2316.19766   2253.14454     63.05313
     -2.06000   2567.56759   2497.10003     70.46757
     -2.05000   2161.81515   2103.27100     58.54415
     -2.04000   1090.12564   1063.20805     26.91759
     -2.03000    447.07081    439.15641      7.91440
     -2.02000    314.56527    310.57624      3.98903
     -2.01000    305.67421    301.95824      3.71598
     -2.00000    319.75177    315.62606      4.12571
     -1.99000    385.43521    379.35543      6.07978
     -1.98000    462.32047    453.95273      8.36774
     -1.97000    420.54131    413.46215      7.07916
     -1.96000    385.75847    380.19915      5.55932
     -1.95000    703.47864    691.74984     11.72880
     -1.94000   1587.20689   1557.57312     29.63377
     -1.93000   2270.91471   2227.34097     43.57374
     -1.92000   2181.45276   2139.61801     41.83475
     -1.91000   1915.42783   1879.00221     36.42562
     -1.90000   1784.82747   1751.14779     33.67968
     -1.89000   1738.88524   1706.28937     32.59587
     -1.88000   1735.14369   1702.81827     32.32542
     -1.87000   1761.96861   1729.33417     32.63443
     -1.86000   1819.81537   1786.28885     33.52652
     -1.85000   1919.16397   1883.96631     35.19766
     -1.84000   2092.69064   2054.42377     38.26687
     -1.83000   2436.17358   2391.61944     44.55414
     -1.82000   3000.36036   2945.36044     54.99992
     -1.81000   3100.59955   3044.12102     56.47853
     -1.80000   2010.25801   1975.07518     35.18283
     -1.79000    879.50943    866.22105     13.28838
     -1.78000    504.36866    498.34214      6.02652
     -1.77000    455.55545    450.48217      5.07329
     -1.76000    452.35069    447.35081      4.99988
     -1.75000    451.85500    446.87738      4.97762
     -1.74000    451.70757    446.74757      4.96000
     -1.73000    452.00017    447.05305      4.94711
     -1.72000    452.28604    447.35213      4.93391
     -1.71000    452.88318    447.95955      4.92363
     -1.70000    453.80808    448.89173      4.91635
     -1.69000    454.59405    449.68718      4.90687
     -1.68000    455.89663    450.99444      4.90219
     -1.67000    457.24181    452.34472      4.89709
     -1.66000    458.59392    453.70287      4.89105
     -1.65000    460.55426    455.66371      4.89054
     -1.64000    462.23392    457.34816      4.88576
     -1.63000    464.39290    459.50806      4.88484
     -1.62000    466.83291    461.94738      4.88553
     -1.61000    469.08450    464.20199      4.88251
     -1.60000    472.16780    467.28101      4.88679
     -1.59000    475.00568    470.11930      4.88638
     -1.58000    478.33530    473.44620      4.88910
     -1.57000    482.19456    477.29945      4.89511
     -1.56000    485.85942    480.96327      4.89615
     -1.55000    490.61343    485.70753      4.90590
     -1.54000    495.27590    490.36493      4.91096
     -1.53000    500.65834    495.73869      4.91966
     -1.52000    506.89909    501.96629      4.93280
     -1.51000    513.24527    508.30401      4.94126
     -1.50000    521.19556    516.23521      4.96035
     -1.49000    529.54862    524.57318      4.97544
     -1.48000    539.42292    534.42602      4.99690
     -1.47000    551.06817    546.04335      5.02482
     -1.46000    564.13144    559.07971      5.05173
     -1.45000    580.64415    575.54960      5.09455
     -1.44000    600.09011    594.95056      5.13954
     -1.43000    625.16926    619.96619      5.20307
     -1.42000    658.47539    653.18568      5.28971
     -1.41000    705.59229    700.18239      5.40990
     -1.40000    784.87204    779.24733      5.62471
     -1.39000    931.22509    925.20775      6.01734
     -1.38000   1088.48047   1082.03839      6.44208
     -1.37000    950.01016    943.96184      6.04833
     -1.36000    553.36255    548.41838      4.94417
     -1.35000    330.15708    325.82435      4.33274
     -1.34000    286.38790    282.17530      4.21260
     -1.33000    283.11264    278.90381      4.20883
     -1.32000    282.74599    278.53530      4.21069
     -1.31000    282.32406    278.11404      4.21002
     -1.30000    282.60950    278.39336      4.21614
     -1.29000    282.14592    277.93226      4.21366
     -1.28000    282.40333    278.18475      4.21858
     -1.27000    282.35684    278.13695      4.21990
     -1.26000    282.20643    277.98649      4.21993
     -1.25000    282.61583    278.39008      4.22575
     -1.24000    282.29035    278.06677      4.22358
     -1.23000    282.68060    278.45162      4.22898
     -1.22000    282.69588    278.46562      4.23026
     -1.21000    282.67747    278.44630      4.23117
     -1.20000    283.13775    278.90067      4.23709
     -1.19000    282.91277    278.67706      4.23571
     -1.18000    283.37186    279.13028      4.24159
     -1.17000    283.45665    279.21319      4.24346
     -1.16000    283.52304    279.27784      4.24520
     -1.15000    284.03354    279.78195      4.25159
     -1.14000    283.90705    279.65573      4.25132
     -1.13000    284.40103    280.14343      4.25760
     -1.12000    284.58689    280.32623      4.26065
     -1.11000    284.70381    280.44071      4.26310
     -1.10000    285.27627    281.00597      4.27030
     -1.09000    285.25927    280.98784      4.27143
     -1.08000    285.75910    281.48108      4.27802
     -1.07000    286.08364    281.80083      4.28281
     -1.06000    286.23068    281.94478      4.28590
     -1.05000    286.86680    282.57270      4.29409
     -1.04000    286.99056    282.69346      4.29710
     -1.03000    287.46468    283.16086      4.30382
     -1.02000    287.95952    283.64871      4.31081
     -1.01000    288.14583    283.83104      4.31479
     -1.00000    288.81962    284.49577      4.32384
     -0.99000    289.13747    284.80810      4.32937
     -0.98000    289.56426    285.22808      4.33617
     -0.97000    290.22936    285.88390      4.34546
     -0.96000    290.51713    286.16604      4.35109
     -0.95000    291.17000    286.80944      4.36056
     -0.94000    291.73518    287.36593      4.36925
     -0.93000    292.14604    287.76945      4.37659
     -0.92000    292.91240    288.52479      4.38761
     -0.91000    293.41573    289.01957      4.39616
     -0.90000    294.00629    289.60052      4.40577
     -0.89000    294.79704    290.37952      4.41752
     -0.88000    295.32784    290.90096      4.42688
     -0.87000    296.07842    291.63980      4.43862
     -0.86000    296.87125    292.42033      4.45092
     -0.85000    297.49465    293.03286      4.46179
     -0.84000    298.36215    293.88690      4.47525
     -0.83000    299.18180    294.69337      4.48843
     -0.82000    299.92710    295.42596      4.50114
     -0.81000    300.88747    296.37132      4.51615
     -0.80000    301.77250    297.24184      4.53065
     -0.79000    302.64476    298.09947      4.54529
     -0.78000    303.69261    299.13075      4.56186
     -0.77000    304.67806    300.09999      4.57807
     -0.76000    305.67792    301.08321      4.59471
     -0.75000    306.82432    302.21132      4.61301
     -0.74000    307.93997    303.30868      4.63129
     -0.73000    309.07448    304.42443      4.65006
     -0.72000    310.33672    305.66639      4.67032
     -0.71000    311.60647    306.91551      4.69096
     -0.70000    312.89375    308.18166      4.71210
     -0.69000    314.29235    309.55775      4.73461
     -0.68000    315.73992    310.98202      4.75791
     -0.67000    317.21150    312.42971      4.78179
     -0.66000    318.77482    313.96793      4.80689
     -0.65000    320.42182    315.58868      4.83314
     -0.64000    322.11625    317.25605      4.86020
     -0.63000    323.88801    318.99962      4.88839
     -0.62000    325.76148    320.84356      4.91792
     -0.61000    327.71975    322.77110      4.94864
     -0.60000    329.76258    324.78200      4.98058
     -0.59000    331.91292    326.89896      5.01396
     -0.58000    334.17998    329.13112      5.04886
     -0.57000    336.56352    331.47823      5.08529
     -0.56000    339.07178    333.94844      5.12334
     -0.55000    341.72177    336.55859      5.16319
     -0.54000    344.52626    339.32132      5.20494
     -0.53000    347.49727    342.24855      5.24872
     -0.52000    350.64955    345.35487      5.29468
     -0.51000    354.00263    348.65964      5.34299
     -0.50000    357.57818    352.18432      5.39386
     -0.49000    361.40043    355.95293      5.44750
     -0.48000    365.49795    359.99377      5.50418
     -0.47000    369.90431    364.34012      5.56419
     -0.46000    374.66009    369.03221      5.62788
     -0.45000    379.81286    374.11720      5.69565
     -0.44000    385.42112    379.65311      5.76801
     -0.43000    391.55637    385.71083      5.84554
     -0.42000    398.30758    392.37861      5.92897
     -0.41000    405.78712    399.76792      6.01920
     -0.40000    414.13997    408.02258      6.11739
     -0.39000    423.55586    417.33083      6.22503
     -0.38000    434.29132    427.94720      6.34411
     -0.37000    446.70197    440.22459      6.47738
     -0.36000    461.30113    454.67238      6.62875
     -0.35000    478.86408    472.05999      6.80409
     -0.34000    500.63982    493.62701      7.01281
     -0.33000    528.82958    521.55816      7.27142
     -0.32000    567.95581    560.34210      7.61371
     -0.31000    629.97143    621.84252      8.12891
     -0.30000    743.83749    734.80461      9.03287
     -0.29000    888.79393    878.62536     10.16858
     -0.28000    827.99673    818.23121      9.76552
     -0.27000    503.84053    496.43921      7.40132
     -0.26000    282.38759    276.56886      5.81873
     -0.25000    234.62988    229.08548      5.54440
     -0.24000    233.71258    228.08624      5.62634
     -0.23000    237.10115    231.35492      5.74623
     -0.22000    240.88416    235.00877      5.87540
     -0.21000    244.96702    238.95317      6.01385
     -0.20000    249.38684    243.22413      6.16271
     -0.19000    254.18892    247.86560      6.32331
     -0.18000    259.42711    252.92986      6.49726
     -0.17000    265.16757    258.48109      6.68648
     -0.16000    271.49012    264.59680      6.89333
     -0.15000    278.49326    271.37259      7.12067
     -0.14000    286.30103    278.92890      7.37213
     -0.13000    295.07134    287.41904      7.65230
     -0.12000    305.00802    297.04092      7.96709
     -0.11000    316.38126    308.05692      8.32433
     -0.10000    329.55806    320.82344      8.73462
     -0.09000    345.05110    335.83838      9.21272
     -0.08000    363.60721    353.82710      9.78011
     -0.07000    386.36280    375.89342     10.46938
     -0.06000    415.17202    403.83841     11.33361
     -0.05000    453.35752    440.88981     12.46771
     -0.04000    507.97686    493.90409     14.07277
     -0.03000    598.74861    582.03957     16.70904
     -0.02000    772.38892    750.68918     21.69974
     -0.01000    978.21680    950.61653     27.60026
     -0.00000    841.38141    817.60172     23.77969
      0.01000    355.52538    345.47230     10.05309
      0.02000     63.13730     61.35181      1.78549
      0.03000      4.41538      4.29052      0.12486
      0.04000      0.11795      0.11461      0.00334
      0.05000      0.00030      0.00029      0.00001
      0.06000      0.00000      0.00000      0.00000
      0.07000      0.00000      0.00000      0.00000
      0.08000      0.00000      0.00000      0.00000
      0.09000      0.00000      0.00000      0.00000
      0.10000      0.00000      0.00000      0.00000
      0.11000      0.00000      0.00000      0.00000
      0.12000      0.00000      0.00000      0.00000
      0.13000      0.00000      0.00000      0.00000
      0.14000      0.00000      0.00000      0.00000
      0.15000      0.00000      0.00000      0.00000
      0.16000      0.00000      0.00000      0.00000
      0.17000      0.00000      0.00000      0.00000
      0.18000      0.00000      0.00000      0.00000
      0.19000      0.00000      0.00000      0.00000
      0.20000      0.00000      0.00000      0.00000
      0.21000      0.00000      0.00000      0.00000
      0.22000      0.00000      0.00000      0.00000
      0.23000      0.00000      0.00000      0.00000
      0.24000      0.00000      0.00000      0.00000
      0.25000      0.00000      0.00000      0.00000
      0.26000      0.00000      0.00000      0.00000
      0.27000      0.00000      0.00000      0.00000
      0.28000      0.00000      0.00000      0.00000
      0.29000      0.00000      0.00000      0.00000
      0.30000      0.00000      0.00000      0.00000
      0.31000      0.00000      0.00000      0.00000
      0.32000      0.00000      0.00000      0.00000
      0.33000      0.00000      0.00000      0.00000
      0.34000      0.00000      0.00000      0.00000
      0.35000      0.00000      0.00000      0.00000
      0.36000      0.00000      0.00000      0.00000
      0.37000      0.00000      0.00000      0.00000
      0.38000      0.00000      0.00000      0.00000
      0.39000      0.00000      0.00000      0.00000
      0.40000      0.00000      0.00000      0.00000
      0.41000      0.00000      0.00000      0.00000
      0.42000      0.00000      0.00000      0.00000
      0.43000      0.00000      0.00000      0.00000
      0.44000      0.00000      0.00000      0.00000
      0.45000      0.00000      0.00000      0.00000
      0.46000      0.00000      0.00000      0.00000
      0.47000      0.00000      0.00000      0.00000
      0.48000      0.00000      0.00000      0.00000
      0.49000      0.00000      0.00000      0.00000
      0.50000      0.00000      0.00000      0.00000
      0.51000      0.00000      0.00000      0.00000
      0.52000      0.00000      0.00000      0.00000
      0.53000      0.00000      0.00000      0.00000
      0.54000      0.00000      0.00000      0.00000
      0.55000      0.00000      0.00000      0.00000
      0.56000      0.00000      0.00000      0.00000
      0.57000      0.00000      0.00000      0.00000
      0.58000      0.00000      0.00000      0.00000
      0.59000      0.00000      0.00000      0.00000
      0.60000      0.00000      0.00000      0.00000
      0.61000      0.00000      0.00000      0.00000
      0.62000      0.00000      0.00000      0.00000
      0.63000      0.00000      0.00000      0.00000
      0.64000      0.00000      0.00000      0.00000
      0.65000      0.00000      0.00000      0.00000
      0.66000      0.00000      0.00000      0.00000
      0.67000      0.00000      0.00000      0.00000
      0.68000      0.00000      0.00000      0.00000
      0.69000      0.00000      0.00000      0.00000
      0.70000      0.00000      0.00000      0.00000
      0.71000      0.00000      0.00000      0.00000
      0.72000      0.00000      0.00000      0.00000
      0.73000      0.00000      0.00000      0.00000
      0.74000      0.00000      0.00000      0.00000
      0.75000      0.00000      0.00000      0.00000
      0.76000      0.00000      0.00000      0.00000
      0.77000      0.00000      0.00000      0.00000
      0.78000      0.00000      0.00000      0.00000
      0.79000      0.00000      0.00000      0.00000
      0.80000      0.00000      0.00000      0.00000
      0.81000      0.00000      0.00000      0.00000
      0.82000      0.00000      0.00000      0.00000
      0.83000      0.00000      0.00000      0.00000
      0.84000      0.00000      0.00000      0.00000
      0.85000      0.00000      0.00000      0.00000
      0.86000      0.00000      0.00000      0.00000
      0.87000      0.00000      0.00000      0.00000
      0.88000      0.00000      0.00000      0.00000
      0.89000      0.00000      0.00000      0.00000
      0.90000      0.00000      0.00000      0.00000
      0.91000      0.00000      0.00000      0.00000
      0.92000      0.00000      0.00000      0.00000
      0.93000      0.00000      0.00000      0.00000
      0.94000      0.00000      0.00000      0.00000
      0.95000      0.00000      0.00000      0.00000
      0.96000      0.00000      0.00000      0.00000
      0.97000      0.00000      0.00000      0.00000
      0.98000      0.00000      0.00000      0.00000
      0.99000      0.00000      0.00000      0.00000
      1.00000      0.00000      0.00000      0.00000
      1.01000      0.00000      0.00000      0.00000
      1.02000      0.00000      0.00000      0.00000
      1.03000      0.00000      0.00000      0.00000
      1.04000      0.00000      0.00000      0.00000
      1.05000      0.00000      0.00000      0.00000
      1.06000      0.00000      0.00000      0.00000
      1.07000      0.00000      0.00000      0.00000
      1.08000      0.00000      0.00000      0.00000
      1.09000      0.00000      0.00000      0.00000
      1.10000      0.00000      0.00000      0.00000
      1.11000      0.00000      0.00000      0.00000
      1.12000      0.00000      0.00000      0.00000
      1.13000      0.00000      0.00000      0.00000
      1.14000      0.00000      0.00000      0.00000
      1.15000      0.00000      0.00000      0.00000
      1.16000      0.00000      0.00000      0.00000
      1.17000      0.00000      0.00000      0.00000
      1.18000      0.00000      0.00000      0.00000
      1.19000      0.00000      0.00000      0.00000
      1.20000      0.00000      0.00000      0.00000
      1.21000      0.00000      0.00000      0.00000
      1.22000      0.00000      0.00000      0.00000
      1.23000      0.00000      0.00000      0.00000
      1.24000      0.00000      0.00000      0.00000
      1.25000      0.00000      0.00000      0.00000
      1.26000      0.00000      0.00000      0.00000
      1.27000      0.00000      0.00000      0.00000
      1.28000      0.00000      0.00000      0.00000
      1.29000      0.00000      0.00000      0.00000
      1.30000      0.00000      0.00000      0.00000
      1.31000      0.00000      0.00000      0.00000
      1.32000      0.00000      0.00000      0.00000
      1.33000      0.00000      0.00000      0.00000
      1.34000      0.00000      0.00000      0.00000
      1.35000      0.00000      0.00000      0.00000
      1.36000      0.00000      0.00000      0.00000
      1.37000      0.00000      0.00000      0.00000
      1.38000      0.00000      0.00000      0.00000
      1.39000      0.00000      0.00000      0.00000
      1.40000      0.00000      0.00000      0.00000
      1.41000      0.00000      0.00000      0.00000
      1.42000      0.00000      0.00000      0.00000
      1.43000      0.00000      0.00000      0.00000
      1.44000      0.00000      0.00000      0.00000
      1.45000      0.00000      0.00000      0.00000
      1.46000      0.00000      0.00000      0.00000
      1.47000      0.00000      0.00000      0.00000
      1.48000      0.00000      0.00000      0.00000
      1.49000      0.00000      0.00000      0.00000
      1.50000      0.00000      0.00000      0.00000
      1.51000      0.00000      0.00000      0.00000
      1.52000      0.00356      0.00352      0.00004
      1.53000      0.30439      0.30111      0.00328
      1.54000      8.98242      8.88539      0.09703
      1.55000    102.33306    101.22334      1.10972
      1.56000    467.33120    462.22735      5.10385
      1.57000    929.61511    919.31388     10.30123
      1.58000    975.66664    964.51940     11.14725
      1.59000    766.32063    757.09910      9.22153
      1.60000    614.98802    607.13833      7.84970
      1.61000    532.45383    525.27929      7.17453
      1.62000    480.11242    473.31260      6.79983
      1.63000    442.66751    436.09811      6.56940
      1.64000    414.09105    407.66825      6.42280
      1.65000    391.36875    385.03845      6.33030
      1.66000    372.76704    366.49198      6.27506
      1.67000    357.19929    350.95259      6.24670
      1.68000    343.94275    337.70436      6.23839
      1.69000    332.49595    326.25047      6.24548
      1.70000    322.49616    316.23152      6.26464
      1.71000    313.67470    307.38126      6.29344
      1.72000    305.82898    299.49889      6.33009
      1.73000    298.79950    292.42633      6.37318
      1.74000    292.46558    286.04390      6.42168
      1.75000    286.99601    280.51647      6.47954
      1.76000    289.04308    282.37711      6.66597
      1.77000    355.74187    347.74248      7.99939
      1.78000    605.53052    592.93734     12.59318
      1.79000    888.08824    870.30854     17.77970
      1.80000    889.14207    871.18058     17.96149
      1.81000    748.42500    732.81057     15.61443
      1.82000    651.28829    637.25303     14.03526
      1.83000    596.22282    583.02332     13.19950
      1.84000    559.72005    547.02980     12.69025
      1.85000    532.68443    520.33804     12.34639
      1.86000    511.41840    499.31581     12.10259
      1.87000    494.03379    482.10821     11.92558
      1.88000    479.43010    467.63405     11.79605
      1.89000    466.90920    455.20742     11.70178
      1.90000    456.00152    444.36693     11.63458
      1.91000    446.37743    434.78868     11.58875
      1.92000    437.79746    426.23731     11.56015
      1.93000    430.08053    418.53486     11.54567
      1.94000    423.08892    411.54596     11.54296
      1.95000    416.71450    405.16432     11.55018
      1.96000    410.87036    399.30449     11.56587
      1.97000    405.48712    393.89826     11.58885
      1.98000    400.50723    388.88904     11.61818
      1.99000    395.88323    384.23017     11.65306
      2.00000    391.57501    379.88218     11.69283
      2.01000    387.54894    375.81199     11.73696
      2.02000    383.77517    371.99025     11.78492
      2.03000    380.23093    368.39455     11.83638
      2.04000    376.89577    365.00477     11.89100
      2.05000    373.74863    361.80019     11.94844
      2.06000    370.76955    358.76119     12.00836
      2.07000    367.94830    355.87769     12.07062
      2.08000    365.27963    353.14447     12.13516
      2.09000    362.74408    350.54242     12.20166
      2.10000    360.31911    348.04944     12.26967
      2.11000    358.01269    345.67329     12.33940
      2.12000    355.83329    343.42220     12.41109
      2.13000    353.73584    341.25200     12.48384
      2.14000    351.71019    339.15278     12.55741
      2.15000    349.80952    337.17653     12.63299
      2.16000    347.99087    335.28116     12.70971
      2.17000    346.19243    333.40622     12.78621
      2.18000    344.51236    331.64773     12.86463
      2.19000    342.93077    329.98616     12.94461
      2.20000    341.31874    328.29546     13.02328
      2.21000    339.82254    326.71873     13.10381
      2.22000    338.44184    325.25552     13.18632
      2.23000    336.97543    323.70919     13.26624
      2.24000    335.64957    322.30104     13.34854
      2.25000    334.43295    321.00026     13.43269
      2.26000    333.07231    319.55956     13.51275
      2.27000    331.92614    318.32928     13.59686
      2.28000    330.81817    317.13704     13.68113
      2.29000    329.54731    315.78669     13.76062
      2.30000    328.59769    314.75108     13.84661
      2.31000    327.51132    313.58280     13.92852
      2.32000    326.37659    312.36861     14.00797
      2.33000    325.59096    311.49633     14.09463
      2.34000    324.44876    310.27720     14.17156
      2.35000    323.56198    309.30894     14.25303
      2.36000    322.78550    308.44953     14.33596
      2.37000    321.64555    307.23724     14.40831
      2.38000    321.05156    306.55928     14.49228
      2.39000    320.07159    305.50639     14.56520
      2.40000    319.19593    304.55749     14.63844
      2.41000    318.65282    303.93456     14.71825
      2.42000    317.51677    302.73581     14.78095
      2.43000    317.07618    302.21738     14.85880
      2.44000    316.17433    301.25135     14.92298
      2.45000    315.36075    300.37423     14.98652
      2.46000    314.95208    299.89376     15.05832
      2.47000    313.80389    298.69562     15.10827
      2.48000    313.55339    298.37463     15.17876
      2.49000    312.57775    297.34974     15.22801
      2.50000    311.96092    296.67755     15.28337
      2.51000    311.52898    296.18753     15.34144
      2.52000    310.43311    295.05444     15.37867
      2.53000    310.37013    294.92927     15.44086
      2.54000    309.20573    293.73488     15.47085
      2.55000    308.98304    293.46005     15.52299
      2.56000    308.27647    292.71662     15.55985
      2.57000    307.52396    291.93216     15.59180
      2.58000    307.44313    291.80331     15.63982
      2.59000    306.28674    290.63232     15.65442
      2.60000    306.54586    290.84129     15.70457
      2.61000    305.66189    289.94652     15.71537
      2.62000    309.85984    294.08978     15.77006
      2.63000    359.38695    343.37549     16.01146
      2.64000    586.49746    569.44928     17.04817
      2.65000    934.18565    915.53239     18.65326
      2.66000   1015.63066    996.58367     19.04699
      2.67000    869.46099    850.99437     18.46662
      2.68000    746.17634    728.22504     17.95130
      2.69000    679.60213    661.87193     17.73021
      2.70000    636.98899    619.40143     17.58756
      2.71000    607.08217    589.56466     17.51750
      2.72000    584.18409    566.70473     17.47936
      2.73000    565.23132    547.79034     17.44098
      2.74000    550.74507    533.28979     17.45527
      2.75000    536.90598    519.47870     17.42728
      2.76000    526.84805    509.38046     17.46759
      2.77000    516.16422    498.71242     17.45180
      2.78000    508.46094    490.96381     17.49713
      2.79000    500.20188    482.70039     17.50149
      2.80000    493.63623    476.09960     17.53663
      2.81000    487.42343    469.85678     17.56665
      2.82000    481.50206    463.90486     17.59720
      2.83000    482.55135    464.42149     18.12986
      2.84000    557.34955    532.33093     25.01862
      2.85000    980.42449    918.90326     61.52123
      2.86000   1745.78956   1618.48801    127.30155
      2.87000   2032.97811   1881.03178    151.94633
      2.88000   1739.21193   1612.19963    127.01230
      2.89000   1453.55158   1350.85965    102.69194
      2.90000   1294.17567   1204.90860     89.26708
      2.91000   1197.04626   1115.93174     81.11451
      2.92000   1128.10374   1052.71671     75.38703
      2.93000   1075.15060   1004.11211     71.03849
      2.94000   1033.82161    966.19525     67.62636
      2.95000    998.26792    933.48457     64.78335
      2.96000    970.25641    907.78608     62.47033
      2.97000    943.86721    883.45048     60.41674
      2.98000    923.43504    864.70801     58.72703
      2.99000    902.80888    845.65305     57.15583
      3.00000    886.99565    831.14288     55.85277
      3.01000    870.47407    815.86541     54.60865
      3.02000    857.54160    803.98398     53.55762
      3.03000    844.26264    791.70913     52.55351
      3.04000    833.08170    781.41033     51.67137
      3.05000    822.47930    771.62663     50.85267
      3.06000    812.46086    762.37197     50.08889
      3.07000    804.02961    754.61341     49.41620
      3.08000    794.80747    746.06910     48.73837
      3.09000    788.17679    739.99604     48.18075
      3.10000    779.57385    732.00260     47.57125
      3.11000    774.34721    727.24439     47.10281
      3.12000    766.41508    719.86354     46.55154
      3.13000    762.05525    715.90827     46.14698
      3.14000    755.01700    709.36392     45.65308
      3.15000    751.15188    705.85960     45.29228
      3.16000    744.99853    700.14671     44.85182
      3.17000    741.43546    696.91714     44.51832
      3.18000    736.20454    692.07234     44.13221
      3.19000    732.75052    688.93709     43.81343
      3.20000    728.48075    685.00378     43.47697
      3.21000    724.88240    681.71902     43.16338
      3.22000    721.78498    678.90703     42.87794
      3.23000    717.81796    675.25727     42.56068
      3.24000    715.80999    673.49254     42.31745
      3.25000    711.61421    669.61542     41.99880
      3.26000    710.48242    668.69244     41.78997
      3.27000    706.22430    664.75710     41.46720
      3.28000    705.61766    664.33740     41.28025
      3.29000    701.72364    660.76010     40.96354
      3.30000    701.25251    660.47200     40.78051
      3.31000    697.88638    657.41754     40.46884
      3.32000    697.48376    657.20208     40.28168
      3.33000    694.79562    654.81991     39.97571
      3.34000    694.25939    654.49819     39.76120
      3.35000    692.42186    652.96277     39.45909
      3.36000    691.90399    652.70070     39.20329
      3.37000    690.89207    652.01356     38.87851
      3.38000    690.65773    652.10678     38.55095
      3.39000    691.05958    652.89206     38.16751
      3.40000    692.03797    654.34502     37.69295
      3.41000    696.27416    659.15143     37.12273
      3.42000    704.99292    668.73603     36.25689
      3.43000    710.24212    675.59755     34.64457
      3.44000    671.95655    639.74936     32.20719
      3.45000    608.24756    576.23032     32.01724
      3.46000    599.76959    563.02537     36.74422
      3.47000    663.14338    619.08046     44.06292
      3.48000    704.88099    658.66717     46.21382
      3.49000    701.22529    656.99611     44.22918
      3.50000    692.75329    650.32391     42.42938
      3.51000    689.70894    648.22340     41.48554
      3.52000    687.38163    646.62562     40.75601
      3.53000    687.63797    647.28625     40.35172
      3.54000    686.81940    646.92478     39.89462
      3.55000    688.00429    648.34939     39.65490
      3.56000    687.80585    648.50310     39.30275
      3.57000    689.57554    650.43473     39.14082
      3.58000    689.97549    651.12547     38.85002
      3.59000    691.78758    653.08046     38.70711
      3.60000    693.20165    654.72165     38.48000
      3.61000    694.82238    656.49351     38.32887
      3.62000    697.14746    659.00165     38.14581
      3.63000    698.83188    660.83943     37.99244
      3.64000    702.03480    664.19313     37.84167
      3.65000    703.59262    665.92462     37.66800
      3.66000    708.11585    670.54920     37.56666
      3.67000    709.37191    672.01587     37.35604
      3.68000    715.19037    677.89586     37.29451
      3.69000    716.62380    679.55644     37.06736
      3.70000    723.44683    686.42604     37.02078
      3.71000    725.32144    688.53889     36.78255
      3.72000    733.44923    696.68919     36.76004
      3.73000    735.69282    699.19918     36.49364
      3.74000    745.34957    708.85127     36.49830
      3.75000    748.53923    712.31933     36.21990
      3.76000    759.38999    723.17033     36.21966
      3.77000    764.44880    728.49008     35.95872
      3.78000    776.58137    740.63983     35.94153
      3.79000    783.99738    748.30484     35.69254
      3.80000    798.14099    762.46695     35.67404
      3.81000    808.72154    773.28604     35.43550
      3.82000    825.45771    790.05305     35.40466
      3.83000    841.10292    805.88871     35.21421
      3.84000    861.43342    826.28419     35.14923
      3.85000    884.73941    849.70166     35.03775
      3.86000    911.85698    876.88953     34.96745
      3.87000    947.06179    912.10890     34.95289
      3.88000    988.30487    953.34770     34.95717
      3.89000   1046.74861   1011.60104     35.14756
      3.90000   1123.13741   1087.70234     35.43507
      3.91000   1252.56399   1216.17408     36.38991
      3.92000   1487.47359   1449.04378     38.42982
      3.93000   1830.76564   1789.03171     41.73392
      3.94000   1767.95653   1728.82962     39.12692
      3.95000   1073.04059   1044.67196     28.36863
      3.96000    542.57747    522.73544     19.84202
      3.97000    410.92257    394.53643     16.38614
      3.98000    331.38589    318.53276     12.85313
      3.99000    245.50009    235.32383     10.17625
      4.00000    210.94144    201.34080      9.60064
      4.01000    226.85383    213.56080     13.29303
      4.02000    301.88636    276.05722     25.82915
      4.03000    399.72915    349.88090     49.84825
      4.04000    479.03460    372.88963    106.14497
      4.05000    538.56610    361.58501    176.98109
      4.06000    492.12754    349.03174    143.09580
      4.07000    397.35428    335.43928     61.91500
      4.08000    363.14767    331.14971     31.99796
      4.09000    356.99948    328.66390     28.33557
      4.10000    366.21337    328.20859     38.00479
      4.11000    505.09854    343.03540    162.06314
      4.12000   1112.77514    404.51214    708.26300
      4.13000   2002.64876    499.12987   1503.51890
      4.14000   2217.48261    518.92797   1698.55464
      4.15000   2168.46201    512.93619   1655.52581
      4.16000   2712.71356    563.68983   2149.02372
      4.17000   3134.64022    604.60367   2530.03656
      4.18000   2810.19592    571.48753   2238.70839
      4.19000   2354.73515    524.24781   1830.48735
      4.20000   2077.49999    497.91931   1579.58069
      4.21000   1898.76521    476.64007   1422.12514
      4.22000   1776.97421    467.68300   1309.29121
      4.23000   1674.22120    452.65762   1221.56359
      4.24000   1600.39213    449.40271   1150.98942
      4.25000   1529.44021    437.64250   1091.79772
      4.26000   1477.37385    435.60513   1041.76873
      4.27000   1425.92749    427.78423    998.14326
      4.28000   1384.29098    424.21863    960.07235
      4.29000   1346.90035    420.71216    926.18819
      4.30000   1310.91954    415.06849    895.85105
      4.31000   1283.13801    414.60480    868.53321
      4.32000   1251.92005    408.31697    843.60308
      4.33000   1229.47655    408.55296    820.92360
      4.34000   1203.57442    403.58900    799.98542
      4.35000   1183.33215    402.60205    780.73011
      4.36000   1162.87338    400.04834    762.82503
      4.37000   1143.47907    397.26371    746.21536
      4.38000   1127.47287    396.82047    730.65240
      4.39000   1109.15524    392.99891    716.15633
      4.40000   1095.76735    393.32208    702.44527
      4.41000   1079.70081    390.03237    689.66844
      4.42000   1066.76102    389.31014    677.45087
      4.43000   1054.33130    388.22887    666.10243
      4.44000   1040.11477    385.01556    655.09921
      4.45000   1031.95526    386.98911    644.96615
      4.46000   1016.14021    381.17834    634.96187
      4.47000   1011.15967    385.30318    625.85649
      4.48000    995.45474    378.72585    616.72889
      4.49000    990.81370    382.37399    608.43971
      4.50000    978.15885    378.00535    600.15350
      4.51000    970.78587    378.32230    592.46357
      4.52000    963.25250    378.24895    585.00356
      4.53000    952.14146    374.37134    577.77012
      4.54000    948.98014    377.93333    571.04681
      4.55000    936.20787    371.95505    564.25282
      4.56000    934.02875    375.93895    558.08980
      4.57000    923.33946    371.53852    551.80094
      4.58000    918.56808    372.55150    546.01657
      4.59000    912.33996    372.07496    540.26500
      4.60000    904.07849    369.29883    534.77966
      4.61000    901.31245    371.82548    529.48697
      4.62000    892.07170    367.72710    524.34461
      4.63000    889.10980    369.75570    519.35410
      4.64000    882.70705    368.07148    514.63558
      4.65000    876.26566    366.43859    509.82707
      4.66000    874.59264    369.05684    505.53580
      4.67000    864.47944    363.57153    500.90791
      4.68000    865.81379    368.88390    496.92988
      4.69000    855.21434    362.62967    492.58467
      4.70000    855.45430    366.70054    488.75376
      4.71000    848.46606    363.66636    484.79970
      4.72000    844.23873    363.23804    481.00068
      4.73000    842.72826    365.27058    477.45768
      4.74000    833.98352    360.29014    473.69338
      4.75000    836.10475    365.63453    470.47021
      4.76000    826.13884    359.30204    466.83680
      4.77000    827.71409    363.92825    463.78583
      4.78000    820.70057    360.30320    460.39738
      4.79000    818.34969    360.94623    457.40346
      4.80000    816.12716    361.82296    454.30420
      4.81000    809.86088    358.51185    451.34904
      4.82000    810.52154    362.03704    448.48450
      4.83000    803.72467    358.08046    445.64421
      4.84000    803.07519    360.18547    442.88972
      4.85000    799.77180    359.50534    440.26646
      4.86000    794.82852    357.29971    437.52881
      4.87000    796.21773    361.06816    435.14957
      4.88000    787.89913    355.44897    432.45017
      4.89000    790.99178    360.78415    430.20763
      4.90000    783.74360    356.05230    427.69130
      4.91000    783.56243    358.15864    425.40379
      4.92000    781.75928    358.53687    423.22241
      4.93000    775.53603    354.75749    420.77855
      4.94000    779.57483    360.63050    418.94433
      4.95000    769.48565    353.06284    416.42281
      4.96000    774.98502    360.23258    414.75244
      4.97000    766.68166    354.29664    412.38502
      4.98000    767.93436    357.30912    410.62524
      4.99000    765.85945    357.24914    408.61031
      5.00000    760.73249    354.08586    406.64664
      5.01000    764.17692    359.20846    404.96847
      5.02000    756.05084    353.12453    402.92631
      5.03000    759.74157    358.37683    401.36474
      5.04000    754.52184    355.03302    399.48882
      5.05000    753.35436    355.53126    397.82310
      5.06000    754.10314    357.86534    396.23780
      5.07000    747.78556    353.32901    394.45656
      5.08000    751.97389    358.93097    393.04292
      5.09000    745.23822    353.88643    391.35179
      5.10000    747.12505    357.26393    389.86112
      5.11000    745.33867    356.86639    388.47228
      5.12000    741.24000    354.47099    386.76901
      5.13000    745.60041    359.90890    385.69151
      5.14000    737.11619    353.23391    383.88228
      5.15000    743.72632    360.82488    382.90143
      5.16000    736.23265    354.99136    381.24129
      5.17000    739.60102    359.50415    380.09687
      5.18000    737.76910    358.99241    378.77669
      5.19000    735.29116    357.93598    377.35518
      5.20000    739.72247    363.36148    376.36099
      5.21000    733.49840    358.74377    374.75463
      5.22000    741.17453    367.27995    373.89458
      5.23000    736.46820    364.16070    372.30750
      5.24000    744.94104    373.56491    371.37613
      5.25000    749.39917    379.36587    370.03329
      5.26000    767.61823    398.43154    369.18669
      5.27000    783.63740    416.14635    367.49106
      5.28000    730.00789    368.61177    361.39612
      5.29000    594.85968    243.70712    351.15256
      5.30000    521.52430    173.93723    347.58706
      5.31000    589.46054    229.77088    359.68966
      5.32000    728.27242    348.49976    379.77266
      5.33000    787.97448    402.36981    385.60467
      5.34000    769.85090    390.23701    379.61388
      5.35000    751.67961    376.86874    374.81087
      5.36000    734.79675    363.51525    371.28150
      5.37000    736.33247    366.17469    370.15778
      5.38000    724.83200    356.71420    368.11780
      5.39000    730.52909    362.68366    367.84543
      5.40000    722.91198    356.38023    366.53175
      5.41000    725.29701    359.07711    366.21990
      5.42000    724.85219    359.09640    365.75579
      5.43000    720.57154    355.51231    365.05923
      5.44000    727.36507    361.96202    365.40306
      5.45000    718.42954    353.96557    364.46398
      5.46000    727.84275    362.61753    365.22522
      5.47000    720.15438    355.61737    364.53701
      5.48000    725.85488    360.67009    365.18479
      5.49000    724.76918    359.53848    365.23069
      5.50000    723.37484    357.90244    365.47240
      5.51000    729.64253    363.26066    366.38187
      5.52000    723.22881    356.83422    366.39459
      5.53000    732.50755    364.63531    367.87225
      5.54000    726.95656    358.75316    368.20340
      5.55000    733.24642    363.44419    369.80223
      5.56000    733.78291    362.76700    371.01591
      5.57000    734.02243    361.47536    372.54707
      5.58000    741.47438    366.57522    374.89916
      5.59000    737.75491    361.08013    376.67478
      5.60000    748.31261    368.24618    380.06644
      5.61000    746.21317    363.42026    382.79291
      5.62000    754.60133    367.62485    386.97648
      5.63000    758.94826    367.68479    391.26347
      5.64000    762.31278    366.39872    395.91406
      5.65000    773.28959    371.86413    401.42545
      5.66000    772.55256    366.82121    405.73136
      5.67000    785.18841    374.40569    410.78273
      5.68000    784.03256    370.17112    413.86144
      5.69000    792.66678    375.29549    417.37129
      5.70000    796.17820    375.89651    420.28169
      5.71000    799.70497    376.01139    423.69357
      5.72000    811.01889    382.16366    428.85523
      5.73000    813.18769    378.58882    434.59887
      5.74000    831.42509    387.53586    443.88923
      5.75000    839.22205    384.55498    454.66706
      5.76000    862.98586    392.34312    470.64273
      5.77000    886.70512    394.66207    492.04305
      5.78000    925.17769    400.02037    525.15731
      5.79000    996.31419    412.52793    583.78627
      5.80000   1089.24406    420.83604    668.40802
      5.81000   1105.70281    429.48493    676.21789
      5.82000    929.93957    404.97183    524.96775
      5.83000    801.18274    395.09451    406.08823
      5.84000    815.51496    395.70268    419.81228
      5.85000    887.06793    406.19681    480.87112
      5.86000    841.73919    405.09502    436.64417
      5.87000    668.08174    384.34648    283.73526
      5.88000    720.15055    385.94886    334.20169
      5.89000   1502.53687    403.03673   1099.50014
      5.90000   3133.30581    439.52264   2693.78316
      5.91000   4084.63320    459.07635   3625.55685
      5.92000   3691.14785    474.05482   3217.09303
      5.93000   3126.30652    498.07648   2628.23004
      5.94000   2911.29892    538.07330   2373.22562
      5.95000   3036.91125    628.81668   2408.09457
      5.96000   3334.12374    739.49038   2594.63336
      5.97000   2994.76150    698.74912   2296.01238
      5.98000   1782.15893    437.41469   1344.74424
      5.99000    958.84037    262.57477    696.26560
      6.00000    768.22054    239.01229    529.20824
      6.01000    732.87897    240.00068    492.87830
      6.02000    672.44025    204.58197    467.85828
      6.03000    572.89555    130.93361    441.96194
      6.04000    529.08675    105.45521    423.63154
      6.05000    502.39886     94.29370    408.10516
      6.06000    492.73684     97.06886    395.66798
      6.07000    481.58953     97.43652    384.15302
      6.08000    474.89141    100.38355    374.50787
      6.09000    504.67177    132.47193    372.19984
      6.10000    565.33507    187.66712    377.66795
      6.11000    619.31694    238.67648    380.64046
      6.12000    595.24121    225.75387    369.48734
      6.13000    571.61103    213.39628    358.21475
      6.14000    556.44624    202.05274    354.39350
      6.15000    602.93858    203.31290    399.62568
      6.16000    791.82250    225.50191    566.32059
      6.17000   1011.11181    254.25074    756.86107
      6.18000   1078.65717    285.20596    793.45121
      6.19000    961.77608    264.00124    697.77484
      6.20000    825.87470    235.36022    590.51448
      6.21000    773.18470    217.33392    555.85078
      6.22000    864.71914    223.12525    641.59388
      6.23000   1045.05368    238.37282    806.68086
      6.24000   1088.40193    237.69362    850.70831
      6.25000   1014.59906    238.05608    776.54298
      6.26000    933.45686    225.57630    707.88056
      6.27000    898.34078    229.35085    668.98993
      6.28000    863.83845    222.08515    641.75330
      6.29000    846.23210    223.78381    622.44829
      6.30000    829.15237    222.53085    606.62152
      6.31000    812.35812    219.18726    593.17086
      6.32000    806.28266    223.53585    582.74681
      6.33000    788.57076    216.51552    572.05524
      6.34000    787.77107    223.20853    564.56254
      6.35000    772.27058    216.39472    555.87586
      6.36000    770.83725    221.11269    549.72456
      6.37000    761.22249    218.25594    542.96655
      6.38000    755.39768    218.18713    537.21055
      6.39000    752.86283    220.61452    532.24831
      6.40000    742.54923    215.97654    526.57270
      6.41000    744.92866    221.98854    522.94012
      6.42000    733.26754    215.64079    517.62675
      6.43000    737.08827    222.19081    514.89747
      6.44000    744.48068    227.71527    516.76541
      6.45000    921.15618    338.94101    582.21517
      6.46000   1608.36680    762.28761    846.07919
      6.47000   2492.85902   1310.06216   1182.79686
      6.48000   2608.97830   1392.77533   1216.20297
      6.49000   2236.72453   1175.63566   1061.08887
      6.50000   1977.26041   1028.37132    948.88909
      6.51000   1838.76567    952.87397    885.89170
      6.52000   1763.96487    918.04979    845.91685
      6.53000   1715.85842    898.60034    817.38293
      6.54000   1712.81286    893.10486    822.86878
      6.55000   1933.31849    898.66438   1065.57932
      6.56000   2702.02039    909.91407   1913.81124
      6.57000   3509.73936    932.63123   2789.52548
      6.58000   3594.59504    968.05503   2843.87983
      6.59000   3801.09593   1032.65834   3010.51587
      6.60000   4542.28786   1140.12541   3733.53499
      6.61000   4845.79433   1345.71716   3848.47840
      6.62000   4691.11338   1668.51036   3311.03449
      6.63000   4294.38238   1680.16280   2851.18589
      6.64000   3395.31238   1034.32892   2565.94867
      6.65000   2634.67882    445.25413   2372.15291
      6.66000   2344.07948    280.77890   2232.50114
      6.67000   2226.31742    263.08298   2123.25490
      6.68000   2143.48461    260.81421   2033.60496
      6.69000   2074.65184    259.07662   1957.78829
      6.70000   2012.68795    254.21485   1892.10586
      6.71000   1962.90689    254.95529   1835.35027
      6.72000   1912.92062    253.82263   1784.02011
      6.73000   1874.74623    257.88983   1739.28692
      6.74000   1834.19840    253.34739   1697.91250
      6.75000   1802.23487    250.85614   1661.03954
      6.76000   1770.21822    246.98230   1626.96697
      6.77000   1741.38062    246.88198   1595.76238
      6.78000   1716.77683    249.07508   1567.17079
      6.79000   1689.80340    247.17908   1540.10350
      6.80000   1670.94563    250.96252   1515.96798
      6.81000   1646.19926    249.24865   1492.08854
      6.82000   1630.63294    253.96764   1471.27550
      6.83000   1609.44761    253.11369   1450.46865
      6.84000   1594.90389    256.37942   1431.84661
      6.85000   1578.18440    256.14129   1413.94165
      6.86000   1563.58419    255.85582   1397.14132
      6.87000   1551.29951    255.15899   1381.55486
      6.88000   1536.45534    250.96394   1366.43422
      6.89000   1528.21322    252.37250   1353.03878
      6.90000   1513.59097    250.76698   1339.17628
      6.91000   1508.18269    258.23824   1327.85248
      6.92000   1495.48206    258.31753   1315.50711
      6.93000   1491.01725    262.20360   1305.53850
      6.94000   1482.12645    260.36415   1295.32863
      6.95000   1477.57405    262.28857   1286.42667
      6.96000   1473.42901    264.42628   1278.42542
      6.97000   1469.19454    268.73149   1271.03181
      6.98000   1470.17229    277.07247   1265.31523
      6.99000   1467.62318    278.56045   1259.93142
      7.00000   1474.50252    284.17943   1257.29429
      7.01000   1476.38164    286.53537   1254.83860
      7.02000   1491.02017    300.42621   1256.76400
      7.03000   1503.52509    310.34245   1260.17798
      7.04000   1532.62066    327.45090   1270.56904
      7.05000   1573.79512    348.18405   1289.42517
      7.06000   1657.15458    391.99627   1330.25056
      7.07000   1814.19805    467.13670   1412.02368
      7.08000   1940.86653    525.29965   1478.02623
      7.09000   1720.84808    430.72063   1353.03231
      7.10000   1276.76357    235.02981   1106.00339
      7.11000   1050.79743    136.86604    976.62547
      7.12000    999.68129    114.39973    946.59169
      7.13000    995.81954    117.75907    940.30137
      7.14000    986.47867    114.78805    933.68096
      7.15000    985.56613    114.03670    929.35506
      7.16000    977.79755    109.58178    923.61372
      7.17000    975.97571    115.02900    919.35664
      7.18000    970.25336    113.70704    914.49283
      7.19000    967.38120    109.77774    910.49661
      7.20000    963.86421    110.69213    906.51026
      7.21000    959.98471    114.91379    902.82214
      7.22000    958.83992    116.55238    900.00619
      7.23000    954.28730    111.04035    896.74154
      7.24000    955.46158    112.27423    895.33646
      7.25000    951.14753    113.49477    893.07962
      7.26000    954.63919    117.86534    893.45950
      7.27000    951.93781    112.53129    893.22378
      7.28000    958.62014    113.25931    896.69083
      7.29000    960.21867    111.48743    900.81170
      7.30000    973.54833    117.08497    911.32991
      7.31000    988.51445    115.35859    928.77835
      7.32000   1030.87885    115.34710    969.65949
      7.33000   1103.84776    110.38384   1046.21803
      7.34000   1131.23706    108.57416   1072.01138
      7.35000    948.56101    103.72702    884.26386
      7.36000    732.04202    101.53289    659.42476
      7.37000    684.86606     98.06838    611.94520
      7.38000    786.42290     97.78220    717.04621
      7.39000    887.66801     97.29470    822.40030
      7.40000    702.55715     97.99972    626.92245
      7.41000    397.35511     99.07503    305.72460
      7.42000    345.13896    109.86486    238.78589
      7.43000    583.82528    143.51118    450.66773
      7.44000    837.10916    165.30158    690.75756
      7.45000    821.00682    135.92175    706.01005
      7.46000    786.36069    109.32219    699.23677
      7.47000    857.40085    104.25665    779.99321
      7.48000    961.91294    107.88142    888.34434
      7.49000   1060.11427    113.49682    989.11488
      7.50000   1055.93792    122.77071    978.01115
      7.51000   1012.14892    136.90167    920.70663
      7.52000   1000.11432    157.32484    889.27217
      7.53000   1017.39250    174.67719    888.16706
      7.54000   1150.53184    221.16879    972.09713
      7.55000   1469.40089    346.16761   1164.50862
      7.56000   1613.02710    408.69519   1246.65277
      7.57000   1476.69810    355.83506   1165.22047
      7.58000   1333.33722    299.35050   1079.81897
      7.59000   1252.60344    268.96543   1030.44834
      7.60000   1203.63310    251.53688    999.51992
      7.61000   1169.57602    239.39154    977.33775
      7.62000   1143.89825    229.62269    960.05380
      7.63000   1124.25949    221.21000    946.31883
      7.64000   1110.60805    214.94234    935.53540
      7.65000   1114.30651    220.34501    930.83362
      7.66000   1163.05759    258.01146    940.90814
      7.67000   1219.06379    302.11071    953.82332
      7.68000   1209.36382    301.42942    946.22693
      7.69000   1200.61090    299.66441    938.73502
      7.70000   1201.31606    301.84642    935.29434
      7.71000   1182.32643    290.65727    927.03811
      7.72000   1163.04705    282.13956    918.85502
      7.73000   1150.30996    279.00810    912.60808
      7.74000   1140.75277    276.16726    907.57639
      7.75000   1134.34754    274.23022    903.50219
      7.76000   1127.30420    271.13535    899.33871
      7.77000   1124.06061    270.07090    896.61146
      7.78000   1118.21110    267.07134    892.98993
      7.79000   1116.57984    266.52803    890.96645
      7.80000   1111.85220    263.70286    888.01069
      7.81000   1111.16475    263.53233    886.37057
      7.82000   1107.34730    260.91729    884.02894
      7.83000   1107.52251    261.18815    882.83601
      7.84000   1104.16170    258.90299    880.76222
      7.85000   1105.53008    259.83600    880.35148
      7.86000   1102.23401    257.94435    878.29725
      7.87000   1104.74096    259.71772    878.60903
      7.88000   1101.80999    258.37424    876.84191
      7.89000   1104.93396    260.85370    877.53882
      7.90000   1102.92159    260.19938    876.42429
      7.91000   1106.24374    263.06759    877.22957
      7.92000   1105.30419    262.74168    876.91027
      7.93000   1109.13303    265.32951    878.02729
      7.94000   1108.81938    263.50979    878.19683
      7.95000   1113.72661    263.28620    880.03929
      7.96000   1113.77466    259.83341    880.49147
      7.97000   1120.08892    264.33089    883.34902
      7.98000   1120.54236    268.55540    884.05248
      7.99000   1128.30399    276.17615    887.95025
      8.00000   1129.76716    277.31306    889.39638
      8.01000   1138.67487    280.37509    894.04718
      8.02000   1142.00293    276.91805    896.77806
      8.03000   1152.10652    273.47156    902.26345
      8.04000   1158.25167    267.42412    906.79238
      8.05000   1170.68767    275.80190    913.73030
      8.06000   1181.85344    288.68300    921.13726
      8.07000   1202.83529    302.58169    932.74953
      8.08000   1220.02433    307.24752    943.10067
      8.09000   1198.33181    290.60557    932.57844
      8.10000   1138.38288    255.52346    904.93716
      8.11000   1173.41373    267.42001    930.77521
      8.12000   1264.72785    304.55552    986.65650
      8.13000   1316.53844    322.33824   1019.20106
      8.14000   1448.68200    364.26785   1108.12535
      8.15000   2159.10467    599.48365   1583.93053
      8.16000   3911.49977   1172.59333   2763.51756
      8.17000   5511.31053   1681.97237   3851.49495
      8.18000   5508.86681   1661.63199   3864.80958
      8.19000   4815.48757   1418.03649   3411.14652
      8.20000   4465.58153   1285.21946   3192.45386
      8.21000   4546.88840   1279.93181   3274.50311
      8.22000   5047.50580   1392.80878   3657.33348
      8.23000   5544.32527   1513.47297   4034.11709
      8.24000   5085.80115   1388.72299   3707.14504
      8.25000   3557.12722    980.16015   2597.76913
      8.26000   1818.34556    514.40273   1335.87512
      8.27000    942.40368    278.93660    701.18862
      8.28000    775.60308    233.76432    580.44804
      8.29000    768.55759    229.73965    576.88635
      8.30000    782.32456    231.26766    588.14267
      8.31000    802.69800    231.33950    606.99725
      8.32000    845.20560    234.47290    644.22703
      8.33000    901.46230    236.39984    695.94234
      8.34000    895.58297    235.52618    688.74312
      8.35000    773.98908    224.59829    577.43959
      8.36000    673.67611    218.88054    484.08023
      8.37000    635.77604    215.76007    451.33202
      8.38000    627.47894    217.73082    442.83332
      8.39000    618.22134    216.31330    436.25146
      8.40000    617.97414    218.82427    434.19865
      8.41000    611.70411    217.30274    429.84145
      8.42000    614.02458    219.85952    429.83403
      8.43000    609.14901    218.55342    426.27035
      8.44000    611.78086    221.01077    426.44080
      8.45000    608.54607    220.00984    424.11827
      8.46000    610.84803    222.43601    423.80335
      8.47000    609.38310    221.93143    422.71993
      8.48000    614.31513    224.98202    424.34952
      8.49000    631.79059    230.06681    436.50121
      8.50000    713.47729    254.64725    493.37950
      8.51000    831.73573    288.06910    577.86601
      8.52000    869.68691    298.74498    604.86655
      8.53000    791.03960    273.09312    551.47854
      8.54000    699.10030    244.18364    487.99918
      8.55000    653.63927    228.99819    457.11958
      8.56000    649.31284    226.99470    453.23831
      8.57000    687.25078    233.54224    480.03346
      8.58000    801.50107    263.41530    556.54823
      8.59000    890.82552    295.93095    611.34604
      8.60000    851.09893    298.27098    574.03774
      8.61000    757.86566    282.77088    499.46785
      8.62000    724.36953    273.86187    478.60273
      8.63000    730.06766    269.71756    491.24988
      8.64000    732.04090    267.69180    495.60246
      8.65000    738.06671    267.01693    502.92482
      8.66000    742.89361    265.99586    509.34640
      8.67000    716.06030    266.44345    477.11418
      8.68000    691.61659    265.78000    449.32823
      8.69000    708.71565    266.76988    467.60903
      8.70000    716.98269    266.26930    477.24598
      8.71000    719.36271    267.61867    477.62404
      8.72000    717.69126    267.18131    475.43365
      8.73000    719.43932    268.82977    474.50333
      8.74000    718.44443    268.39696    472.97288
      8.75000    720.95197    270.30339    472.32939
      8.76000    720.40431    269.91161    471.07874
      8.77000    723.60862    272.12175    470.77220
      8.78000    723.51127    272.57751    469.49761
      8.79000    727.53672    275.96547    469.82017
      8.80000    728.06280    277.79418    468.39783
      8.81000    732.80442    281.66721    469.25953
      8.82000    734.57758    284.43439    468.07197
      8.83000    739.88230    288.71120    469.16302
      8.84000    743.59918    292.68533    468.67522
      8.85000    749.62237    297.68776    469.75516
      8.86000    756.04251    303.22668    470.44462
      8.87000    763.39798    309.55731    471.45447
      8.88000    773.42310    317.30457    473.63378
      8.89000    783.43617    325.97663    474.85101
      8.90000    798.35099    337.14770    478.59952
      8.91000    813.50832    350.05908    480.62511
      8.92000    835.86470    367.21450    485.89999
      8.93000    861.24834    388.46977    489.76047
      8.94000    898.44311    418.27429    497.23279
      8.95000    949.05753    460.03927    505.82997
      8.96000   1029.76819    526.35497    520.25207
      8.97000   1165.17063    638.01587    543.80972
      8.98000   1389.86537    827.98913    578.45943
      8.99000   1678.49359   1079.81710    615.16917
      9.00000   1863.43740   1262.47166    617.27410
      9.01000   1816.83104   1254.02404    579.10892
      9.02000   1627.13479   1119.97369    523.18196
      9.03000   1450.79132    982.13831    484.71115
      9.04000   1323.48107    882.37657    456.81900
      9.05000   1241.75201    814.28734    443.19706
      9.06000   1181.33572    765.86936    430.82436
      9.07000   1141.85825    731.24106    425.89141
      9.08000   1115.76752    708.84523    421.77863
      9.09000   1184.33382    755.29901    443.51232
      9.10000   1693.04935   1136.26484    569.98666
      9.11000   2884.20909   2073.77874    819.54052
      9.12000   3879.21842   2922.81351    959.36866
      9.13000   4122.85086   3152.70383    970.51939
      9.14000   4103.92526   3089.80428   1014.13833
      9.15000   4002.04635   2899.71813   1102.32851
      9.16000   4254.49297   2896.72916   1357.76381
      9.17000   4543.68076   2970.73281   1572.94795
      9.18000   4292.99645   2779.21082   1513.78563
      9.19000   3981.51350   2574.87440   1406.63910
      9.20000   3952.00825   2534.66343   1417.34483
      9.21000   4065.27647   2585.40106   1479.87541
      9.22000   3785.88227   2437.73734   1348.14494
      9.23000   3128.51687   2120.65000   1007.86687
      9.24000   2915.20563   2094.68598    820.51965
      9.25000   3053.31725   2266.45582    786.86142
      9.26000   2705.48176   1963.15743    742.32432
      9.27000   1896.03514   1243.74103    652.29411
      9.28000   1457.74293    851.95310    605.78983
      9.29000   1363.13107    774.90554    588.22553
      9.30000   1361.90024    776.14867    585.75157
      9.31000   1362.27646    783.91487    578.36159
      9.32000   1380.04594    801.90567    578.14027
      9.33000   1393.76565    821.22502    572.54062
      9.34000   1427.34577    853.45078    573.89499
      9.35000   1461.59787    891.42890    570.16897
      9.36000   1523.97935    950.50708    573.47227
      9.37000   1604.91045   1033.69685    571.21359
      9.38000   1763.82167   1187.67703    576.14463
      9.39000   2016.15883   1440.86748    575.29135
      9.40000   2117.30393   1540.59677    576.70717
      9.41000   1660.01871   1099.91298    560.10572
      9.42000   1132.74255    584.38924    548.35331
      9.43000    947.26456    408.07886    539.18570
      9.44000    924.80093    386.50000    538.30092
      9.45000    922.18840    387.49973    534.68867
      9.46000    922.63611    388.38100    534.25511
      9.47000    925.26333    393.15268    532.11066
      9.48000    926.61788    395.13662    531.48127
      9.49000    932.77265    402.34459    530.42806
      9.50000    935.30326    405.65251    529.65076
      9.51000    944.59470    415.07707    529.51763
      9.52000    948.78857    420.32046    528.46811
      9.53000    961.74455    432.28241    529.46214
      9.54000    978.80555    450.12715    528.67840
      9.55000   1101.19253    563.16354    538.02899
      9.56000   1508.53496    944.06809    564.46686
      9.57000   2007.51470   1404.25475    603.25995
      9.58000   2066.56769   1455.62994    610.93774
      9.59000   1882.47826   1277.83493    604.64333
      9.60000   1760.12307   1161.70467    598.41840
      9.61000   1708.03725   1109.73618    598.30107
      9.62000   1692.10543   1093.71395    598.39148
      9.63000   1691.82835   1091.47833    600.35001
      9.64000   1712.85799   1110.06010    602.79790
      9.65000   1742.53205   1136.05091    606.48114
      9.66000   1803.58213   1190.10533    613.47680
      9.67000   1950.83131   1314.39783    636.43348
      9.68000   2532.36574   1797.99398    734.37176
      9.69000   3720.28125   2793.37029    926.91096
      9.70000   4552.05119   3533.82918   1018.22201
      9.71000   4865.88280   3866.60646    999.27634
      9.72000   5047.52429   4052.12402    995.40027
      9.73000   4804.01064   3855.39940    948.61124
      9.74000   3986.51783   3164.45725    822.06058
      9.75000   3143.98986   2453.30048    690.68938
      9.76000   2820.66002   2178.90059    641.75943
      9.77000   2790.99699   2156.20800    634.78900
      9.78000   2899.51810   2244.47612    655.04198
      9.79000   3116.27783   2423.75448    692.52335
      9.80000   2991.08405   2303.85899    687.22506
      9.81000   2320.68821   1707.33265    613.35556
      9.82000   1867.56866   1283.97574    583.59292
      9.83000   1693.91986   1142.14729    551.77257
      9.84000   1318.50312    923.78901    394.71412
      9.85000   1038.18855    767.22893    270.95962
      9.86000    952.75992    723.96853    228.79138
      9.87000    962.14825    730.17306    231.97519
      9.88000    972.75452    743.25917    229.49535
      9.89000   1034.73245    780.23895    254.49350
      9.90000   1157.55472    856.05820    301.49651
      9.91000   1288.65103    958.16849    330.48254
      9.92000   1670.83871   1300.65353    370.18518
      9.93000   2782.07931   2186.02458    596.05473
      9.94000   3840.33289   2942.42462    897.90827
      9.95000   3679.76707   2685.31863    994.44845
      9.96000   3125.60147   2092.96455   1032.63691
      9.97000   2767.71612   1769.06801    998.64812
      9.98000   2552.37324   1625.39487    926.97837
      9.99000   2417.19464   1552.02675    865.16790
     10.00000   2398.43627   1546.23538    852.20089
     10.01000   2461.83395   1596.02258    865.81137
     10.02000   2671.94515   1748.43799    923.50716
     10.03000   2912.58364   1915.82472    996.75892
     10.04000   2582.03711   1687.28972    894.74739
     10.05000   1878.86550   1176.02587    702.83963
     10.06000   1795.81278   1065.89768    729.91510
     10.07000   2267.95298   1311.10949    956.84349
     10.08000   2383.94590   1373.21707   1010.72883
     10.09000   2168.48530   1256.39258    912.09272
     10.10000   1993.14337   1157.79962    835.34376
     10.11000   1904.15450   1114.00663    790.14787
     10.12000   1861.87010   1089.25599    772.61411
     10.13000   1843.96412   1085.45315    758.51096
     10.14000   1851.62506   1093.84413    757.78093
     10.15000   1970.31884   1177.82400    792.49483
     10.16000   2344.75425   1444.47027    900.28398
     10.17000   2861.29764   1798.29168   1063.00596
     10.18000   2876.56884   1814.20284   1062.36600
     10.19000   2519.22027   1559.88642    959.33384
     10.20000   2192.00203   1333.81859    858.18343
     10.21000   1781.14875   1050.73901    730.40974
     10.22000   1431.25348    816.33566    614.91781
     10.23000   1530.27540    905.82296    624.45244
     10.24000   1982.00719   1231.94245    750.06474
     10.25000   2246.50803   1423.26202    823.24601
     10.26000   2397.13731   1517.86939    879.26793
     10.27000   2488.88085   1571.62461    917.25624
     10.28000   2301.47938   1422.49108    878.98830
     10.29000   2039.99606   1201.38946    838.60660
     10.30000   2066.01913   1191.02768    874.99145
     10.31000   2062.94400   1179.80470    883.13930
     10.32000   1701.48414    978.53144    722.95270
     10.33000   1376.60732    801.71970    574.88762
     10.34000   1328.62185    774.74969    553.87216
     10.35000   1320.10989    772.24480    547.86509
     10.36000   1293.80806    740.90510    552.90296
     10.37000   1209.98264    676.15813    533.82451
     10.38000   1110.78232    602.17307    508.60926
     10.39000   1040.02440    542.30112    497.72328
     10.40000    961.17586    491.79379    469.38207
     10.41000    926.53890    459.64124    466.89766
     10.42000    885.09466    433.00420    452.09046
     10.43000    857.33868    414.33558    443.00311
     10.44000    845.21891    401.83767    443.38191
     10.45000    824.20247    392.61389    431.60186
     10.46000    826.12841    393.26614    432.95865
     10.47000    887.86579    449.97192    438.15136
     10.48000   1125.63299    686.76175    439.12499
     10.49000   1554.67246   1090.57697    464.20818
