cpu-bind=MASK - lcn1321, task  0  0 [422296]: mask |BBBBBBBB|BBBBBBBB|BBBBBBBB|BBBBBBBB|BBBBBBBB|BBBBBBBB|BBBBBBBB|BBBBBBBB|BBBBBBBB|BBBBBBBB|BBBBBBBB|BBBBBBBB||||BBBBBBBB|BBBBBBBB|BBBBBBBB|BBBBBBBB|BBBBBBBB|BBBBBBBB|BBBBBBBB|BBBBBBBB|BBBBBBBB|BBBBBBBB|BBBBBBBB|BBBBBBBB|  set
Running "module reset". Resetting modules to system default. The following $MODULEPATH directories have been removed: None
Running "module reset". Resetting modules to system default. The following $MODULEPATH directories have been removed: None
malloc(): unsorted double linked list corrupted

Program received signal SIGABRT: Process abort signal.

Backtrace for this error:
malloc(): unsorted double linked list corrupted

Program received signal SIGABRT: Process abort signal.

Backtrace for this error:
malloc(): unsorted double linked list corrupted

Program received signal SIGABRT: Process abort signal.

Backtrace for this error:
malloc(): unsorted double linked list corrupted
malloc(): unsorted double linked list corrupted

Program received signal SIGABRT: Process abort signal.

Backtrace for this error:
malloc(): unsorted double linked list corrupted

Program received signal SIGABRT: Process abort signal.

Backtrace for this error:
malloc(): unsorted double linked list corrupted

Program received signal SIGABRT: Process abort signal.

Backtrace for this error:
malloc(): unsorted double linked list corrupted

Program received signal SIGABRT: Process abort signal.

Backtrace for this error:
malloc(): unsorted double linked list corrupted
malloc(): unsorted double linked list corrupted

Program received signal SIGABRT: Process abort signal.

Backtrace for this error:
malloc(): unsorted double linked list corrupted

Program received signal SIGABRT: Process abort signal.

Backtrace for this error:
malloc(): unsorted double linked list corrupted

Program received signal SIGABRT: Process abort signal.

Backtrace for this error:
malloc(): unsorted double linked list corrupted

Program received signal SIGABRT: Process abort signal.

Backtrace for this error:
corrupted double-linked list
malloc(): unsorted double linked list corrupted

Program received signal SIGABRT: Process abort signal.

Backtrace for this error:
malloc(): unsorted double linked list corrupted
malloc(): unsorted double linked list corrupted
corrupted double-linked list

Program received signal SIGABRT: Process abort signal.

Backtrace for this error:
corrupted double-linked list

Program received signal SIGABRT: Process abort signal.

Backtrace for this error:
malloc(): unsorted double linked list corrupted
malloc(): unsorted double linked list corrupted

Program received signal SIGABRT: Process abort signal.

Backtrace for this error:
malloc(): unsorted double linked list corrupted

Program received signal SIGABRT: Process abort signal.

Backtrace for this error:
corrupted double-linked list

Program received signal SIGABRT: Process abort signal.

Backtrace for this error:

Program received signal SIGABRT: Process abort signal.

Backtrace for this error:
malloc(): unsorted double linked list corrupted

Program received signal SIGABRT: Process abort signal.

Backtrace for this error:
malloc(): unsorted double linked list corrupted
corrupted double-linked list
malloc(): unsorted double linked list corrupted
malloc(): unsorted double linked list corrupted

Program received signal SIGABRT: Process abort signal.

Backtrace for this error:
malloc(): unsorted double linked list corrupted

Program received signal SIGABRT: Process abort signal.

Backtrace for this error:
malloc(): unsorted double linked list corrupted

Program received signal SIGABRT: Process abort signal.

Backtrace for this error:
malloc(): unsorted double linked list corrupted

Program received signal SIGABRT: Process abort signal.

Backtrace for this error:
malloc(): unsorted double linked list corrupted
malloc(): unsorted double linked list corrupted

Program received signal SIGABRT: Process abort signal.

Backtrace for this error:

Program received signal SIGABRT: Process abort signal.

Backtrace for this error:

Program received signal SIGABRT: Process abort signal.

Backtrace for this error:
malloc(): unsorted double linked list corrupted
malloc(): unsorted double linked list corrupted
malloc(): unsorted double linked list corrupted
malloc(): unsorted double linked list corrupted

Program received signal SIGABRT: Process abort signal.

Backtrace for this error:
malloc(): unsorted double linked list corrupted

Program received signal SIGABRT: Process abort signal.

Backtrace for this error:
malloc(): unsorted double linked list corrupted

Program received signal SIGABRT: Process abort signal.

Backtrace for this error:

Program received signal SIGABRT: Process abort signal.

Backtrace for this error:
malloc(): unsorted double linked list corrupted

Program received signal SIGABRT: Process abort signal.

Backtrace for this error:
corrupted double-linked list
malloc(): unsorted double linked list corrupted

Program received signal SIGABRT: Process abort signal.

Backtrace for this error:

Program received signal SIGABRT: Process abort signal.

Backtrace for this error:
malloc(): unsorted double linked list corrupted
malloc(): unsorted double linked list corrupted

Program received signal SIGABRT: Process abort signal.

Backtrace for this error:
malloc(): unsorted double linked list corrupted

Program received signal SIGABRT: Process abort signal.

Backtrace for this error:
malloc(): unsorted double linked list corrupted

Program received signal SIGABRT: Process abort signal.

Backtrace for this error:
malloc(): unsorted double linked list corrupted

Program received signal SIGABRT: Process abort signal.

Backtrace for this error:

Program received signal SIGABRT: Process abort signal.

Backtrace for this error:
corrupted double-linked list
malloc(): unsorted double linked list corrupted
malloc(): unsorted double linked list corrupted

Program received signal SIGABRT: Process abort signal.

Backtrace for this error:
malloc(): unsorted double linked list corrupted
malloc(): unsorted double linked list corrupted
malloc(): unsorted double linked list corrupted

Program received signal SIGABRT: Process abort signal.

Backtrace for this error:

Program received signal SIGABRT: Process abort signal.

Backtrace for this error:

Program received signal SIGABRT: Process abort signal.

Backtrace for this error:

Program received signal SIGABRT: Process abort signal.

Backtrace for this error:
malloc(): unsorted double linked list corrupted
malloc(): unsorted double linked list corrupted

Program received signal SIGABRT: Process abort signal.

Backtrace for this error:
malloc(): unsorted double linked list corrupted

Program received signal SIGABRT: Process abort signal.

Backtrace for this error:

Program received signal SIGABRT: Process abort signal.

Backtrace for this error:
malloc(): unsorted double linked list corrupted
malloc(): unsorted double linked list corrupted
malloc(): unsorted double linked list corrupted

Program received signal SIGABRT: Process abort signal.

Backtrace for this error:

Program received signal SIGABRT: Process abort signal.

Backtrace for this error:

Program received signal SIGABRT: Process abort signal.

Backtrace for this error:
malloc(): unsorted double linked list corrupted

Program received signal SIGABRT: Process abort signal.

Backtrace for this error:

Program received signal SIGABRT: Process abort signal.

Backtrace for this error:
malloc(): unsorted double linked list corrupted
malloc(): unsorted double linked list corrupted

Program received signal SIGABRT: Process abort signal.

Backtrace for this error:

Program received signal SIGABRT: Process abort signal.

Backtrace for this error:

Program received signal SIGABRT: Process abort signal.

Backtrace for this error:
malloc(): unsorted double linked list corrupted

Program received signal SIGABRT: Process abort signal.

Backtrace for this error:
malloc(): unsorted double linked list corrupted

Program received signal SIGABRT: Process abort signal.

Backtrace for this error:

Program received signal SIGABRT: Process abort signal.

Backtrace for this error:

Program received signal SIGABRT: Process abort signal.

Backtrace for this error:
malloc(): unsorted double linked list corrupted

Program received signal SIGABRT: Process abort signal.

Backtrace for this error:
malloc(): unsorted double linked list corrupted
malloc(): unsorted double linked list corrupted

Program received signal SIGABRT: Process abort signal.

Backtrace for this error:
malloc(): unsorted double linked list corrupted
malloc(): unsorted double linked list corrupted

Program received signal SIGABRT: Process abort signal.

Backtrace for this error:

Program received signal SIGABRT: Process abort signal.

Backtrace for this error:
malloc(): unsorted double linked list corrupted
malloc(): unsorted double linked list corrupted

Program received signal SIGABRT: Process abort signal.

Backtrace for this error:
malloc(): unsorted double linked list corrupted

Program received signal SIGABRT: Process abort signal.

Backtrace for this error:
malloc(): unsorted double linked list corrupted

Program received signal SIGABRT: Process abort signal.

Backtrace for this error:

Program received signal SIGABRT: Process abort signal.

Backtrace for this error:
malloc(): unsorted double linked list corrupted

Program received signal SIGABRT: Process abort signal.

Backtrace for this error:

Program received signal SIGABRT: Process abort signal.

Backtrace for this error:
malloc(): unsorted double linked list corrupted
malloc(): unsorted double linked list corrupted

Program received signal SIGABRT: Process abort signal.

Backtrace for this error:

Program received signal SIGABRT: Process abort signal.

Backtrace for this error:

Program received signal SIGABRT: Process abort signal.

Backtrace for this error:

Program received signal SIGABRT: Process abort signal.

Backtrace for this error:

Program received signal SIGABRT: Process abort signal.

Backtrace for this error:

Program received signal SIGABRT: Process abort signal.

Backtrace for this error:

Program received signal SIGABRT: Process abort signal.

Backtrace for this error:
malloc(): unsorted double linked list corrupted

Program received signal SIGABRT: Process abort signal.

Backtrace for this error:

Program received signal SIGABRT: Process abort signal.

Backtrace for this error:

Could not print backtrace: /proc/self/exe, errno: 116

Could not print backtrace: /proc/self/exe, errno: 116

Could not print backtrace: /proc/self/exe, errno: 116

Could not print backtrace: /proc/self/exe, errno: 116

Could not print backtrace: /proc/self/exe, errno: 116

Could not print backtrace: /proc/self/exe, errno: 116
#0  0x150a5f3ebd06
#1  0x150a5f3ead75
#2  0x150a5f054daf
#3  0x150a5f0a154c
#4  0x150a5f054d05
#5  0x150a5f0287f2
#6  0x150a5f02912f
#7  0x150a5f0ab616
#8  0x150a5f0ae5eb
#9  0x150a5f0af428
#10  0x150a5fc5e3ed
#11  0x150a5fc67c87
#12  0x150a5ee76cb9
#0  0x14d962d9cd06
#1  0x14d962d9bd75
#2  0x14d962854daf
#3  0x14d9628a154c
#4  0x14d962854d05
#5  0x14d9628287f2
#6  0x14d96282912f
#7  0x14d9628ab616
#8  0x14d9628ae5eb
#9  0x14d9628af428
#10  0x14d96360f3ed
#11  0x14d963618c87
#12  0x14d962a54cb9
#13  0x14d962a4a0ee
#14  0x14d963617259
#15  0x14d963619eab
#16  0x14d96361b424
#17  0x14d9636137b0
#18  0x14d9630d98c8
#19  0x3b168bf
#20  0x169d274
#21  0x6b177c
#22  0x5e600c
#23  0x14d96283feaf
#24  0x14d96283ff5f
#25  0x6b10a4
#26  0xffffffffffffffff

Could not print backtrace: /proc/self/exe, errno: 116
#13  0x150a5ee6c0ee
#14  0x150a5fc66259
#15  0x150a5fc68eab
#16  0x150a5fc6a424
#17  0x150a5fc627b0
#18  0x150a5f7288c8
#19  0x3b168bf
#20  0x169d274
#21  0x6b177c
#22  0x5e600c
#23  0x150a5f03feaf
#24  0x150a5f03ff5f
#25  0x6b10a4
#26  0xffffffffffffffff
#0  0x148f25d98d06
#1  0x148f25d97d75
#2  0x148f25854daf
#3  0x148f258a154c
#4  0x148f25854d05
#5  0x148f258287f2
#6  0x148f2582912f
#7  0x148f258ab616
#8  0x148f258ae5eb
#9  0x148f258af428
#10  0x148f2660b3ed
#11  0x148f26614c87
#12  0x148f25a50cb9
#13  0x148f25a460ee
#14  0x148f26613259
#15  0x148f26615eab
#16  0x148f26617424
#17  0x148f2660f7b0
#18  0x148f260d58c8
#19  0x3b168bf
#20  0x169d274
#21  0x6b177c
#22  0x5e600c
#23  0x148f2583feaf
#24  0x148f2583ff5f
#25  0x6b10a4
#26  0xffffffffffffffff
#0  0x151140f6ed06
#1  0x151140f6dd75
#2  0x151140a54daf
#3  0x151140aa154c
#4  0x151140a54d05
#5  0x151140a287f2
#6  0x151140a2912f
#7  0x151140aab616
#8  0x151140aae5eb
#9  0x151140aaf428
#10  0x1511417e13ed
#11  0x1511417eac87
#12  0x1511408b0cb9
#13  0x1511408a60ee
#14  0x1511417e9259
#15  0x1511417ebeab
#16  0x1511417ed424
#17  0x1511417e57b0
#18  0x1511412ab8c8
#19  0x3b168bf
#20  0x169d274
#21  0x6b177c
#22  0x5e600c
#23  0x151140a3feaf
#24  0x151140a3ff5f
#25  0x6b10a4
#26  0xffffffffffffffff

Could not print backtrace: /proc/self/exe, errno: 116

Could not print backtrace: /proc/self/exe, errno: 116
#0  0x1498277ebd06
#1  0x1498277ead75
#2  0x149827454daf
#3  0x1498274a154c
#4  0x149827454d05
#5  0x1498274287f2
#6  0x14982742912f
#7  0x1498274ab616
#8  0x1498274ae5eb
#9  0x1498274af428
#10  0x14982805e3ed
#11  0x149828067c87
#12  0x149827276cb9
#13  0x14982726c0ee
#14  0x149828066259
#15  0x149828068eab
#16  0x14982806a424
#17  0x1498280627b0
#18  0x149827b288c8
#19  0x3b168bf
#20  0x169d274
#21  0x6b177c
#22  0x5e600c
#23  0x14982743feaf
#24  0x14982743ff5f
#25  0x6b10a4
#26  0xffffffffffffffff
#0  0x14dea11bcd06
#1  0x14dea11bbd75
#2  0x14dea0c54daf
#3  0x14dea0ca154c
#4  0x14dea0c54d05
#5  0x14dea0c287f2
#6  0x14dea0c2912f
#7  0x14dea0cab616
#8  0x14dea0cae5eb
#9  0x14dea0caf428
#10  0x14dea1a2f3ed
#11  0x14dea1a38c87
#12  0x14dea0e74cb9
#13  0x14dea0e6a0ee
#14  0x14dea1a37259
#15  0x14dea1a39eab
#16  0x14dea1a3b424
#17  0x14dea1a337b0
#18  0x14dea14f98c8
#19  0x3b168bf
#20  0x169d274
#21  0x6b177c
#22  0x5e600c
#23  0x14dea0c3feaf
#24  0x14dea0c3ff5f
#25  0x6b10a4
#26  0xffffffffffffffff
#0  0x148948b78d06
#1  0x148948b77d75
#2  0x148948654daf
#3  0x1489486a154c
#4  0x148948654d05
#5  0x1489486287f2
#6  0x14894862912f
#7  0x1489486ab616
#8  0x1489486ae5eb
#9  0x1489486af428
#10  0x1489493eb3ed
#11  0x1489493f4c87
#12  0x1489484b0cb9
#13  0x1489484a60ee
#14  0x1489493f3259
#15  0x1489493f5eab
#16  0x1489493f7424
#17  0x1489493ef7b0
#18  0x148948eb58c8
#19  0x3b168bf
#20  0x169d274
#21  0x6b177c
#22  0x5e600c
#23  0x14894863feaf
#24  0x14894863ff5f
#25  0x6b10a4
#26  0xffffffffffffffff

Could not print backtrace: /proc/self/exe, errno: 116
#0  0x1542be1acd06
#1  0x1542be1abd75
#2  0x1542bdc54daf
#3  0x1542bdca154c
#4  0x1542bdc54d05
#5  0x1542bdc287f2
#6  0x1542bdc2912f
#7  0x1542bdcab616
#8  0x1542bdcae5eb
#9  0x1542bdcaf428
#10  0x1542bea1f3ed
#11  0x1542bea28c87
#12  0x1542bde64cb9
#13  0x1542bde5a0ee
#14  0x1542bea27259
#15  0x1542bea29eab
#16  0x1542bea2b424
#17  0x1542bea237b0
#18  0x1542be4e98c8

Could not print backtrace: /proc/self/exe, errno: 116
#0  0x153da98aad06
#1  0x153da98a9d75
#2  0x153da9454daf
#3  0x153da94a154c
#4  0x153da9454d05
#5  0x153da94287f2
#6  0x153da942912f
#7  0x153da94ab616
#8  0x153da94ac16b
#9  0x153da94ad1ca
#10  0x153da94af954
#11  0x153daa1c2250
#12  0x153daa1872c8
#13  0x153daa0f58f9
#14  0x153daa0f6028
#15  0x153da92b0cb9
#16  0x153da92a60ee
#17  0x153daa125259
#18  0x153daa127eab
#19  0x153daa129424
#20  0x153daa1217b0
#21  0x153da9be78c8
#22  0x3b168bf
#23  0x169d274
#24  0x6b177c
#25  0x5e600c
#26  0x153da943feaf
#27  0x153da943ff5f
#28  0x6b10a4
#29  0xffffffffffffffff
#19  0x3b168bf
#20  0x169d274
#21  0x6b177c
#22  0x5e600c
#23  0x1542bdc3feaf
#24  0x1542bdc3ff5f
#25  0x6b10a4
#26  0xffffffffffffffff
#0  0x152ca1b5cd06
#1  0x152ca1b5bd75
#2  0x152ca1654daf
#3  0x152ca16a154c
#4  0x152ca1654d05
#5  0x152ca16287f2
#6  0x152ca162912f
#7  0x152ca16ab616
#8  0x152ca16ae5eb
#9  0x152ca16af428
#10  0x152ca23cf3ed
#11  0x152ca23d8c87
#12  0x152ca14b0cb9
#13  0x152ca14a60ee
#14  0x152ca23d7259
#15  0x152ca23d9eab
#16  0x152ca23db424
#17  0x152ca23d37b0
#18  0x152ca1e998c8
#19  0x3b168bf
#20  0x169d274
#21  0x6b177c
#22  0x5e600c
#23  0x152ca163feaf
#0  0x1467705c1d06
#1  0x1467705c0d75
#2  0x146770054daf
#3  0x1467700a154c
#4  0x146770054d05
#5  0x1467700287f2
#6  0x14677002912f
#7  0x1467700ab616
#8  0x1467700ae5eb
#9  0x1467700af428
#10  0x146770e343ed
#11  0x146770e3dc87
#24  0x152ca163ff5f
#25  0x6b10a4
#26  0xffffffffffffffff
#12  0x146770279cb9
#13  0x14677026f0ee
#14  0x146770e3c259
#15  0x146770e3eeab
#16  0x146770e40424
#17  0x146770e387b0
#18  0x1467708fe8c8
#19  0x3b168bf
#20  0x169d274
#21  0x6b177c
#22  0x5e600c
#23  0x14677003feaf
#24  0x14677003ff5f
#25  0x6b10a4
#26  0xffffffffffffffff

Could not print backtrace: /proc/self/exe, errno: 116
#0  0x145805ca3d06
#1  0x145805ca2d75
#2  0x145805854daf
#3  0x1458058a154c
#4  0x145805854d05
#5  0x1458058287f2
#6  0x14580582912f
#7  0x1458058ab616
#8  0x1458058ae5eb
#9  0x1458058af428
#10  0x1458065163ed
#11  0x14580651fc87
#12  0x1458056b0cb9
#13  0x1458056a60ee
#14  0x14580651e259
#15  0x145806520eab
#16  0x145806522424
#17  0x14580651a7b0
#18  0x145805fe08c8
#19  0x3b168bf
#20  0x169d274
#21  0x6b177c
#22  0x5e600c
#23  0x14580583feaf
#24  0x14580583ff5f
#25  0x6b10a4
#26  0xffffffffffffffff

Could not print backtrace: /proc/self/exe, errno: 116
#0  0x14d9ba128d06
#1  0x14d9ba127d75
#2  0x14d9b9c54daf
#3  0x14d9b9ca154c
#4  0x14d9b9c54d05
#5  0x14d9b9c287f2
#6  0x14d9b9c2912f
#7  0x14d9b9cab616
#8  0x14d9b9cae5eb
#9  0x14d9b9caf428
#10  0x14d9ba99b3ed
#11  0x14d9ba9a4c87
#12  0x14d9b9ab0cb9
#13  0x14d9b9aa60ee
#14  0x14d9ba9a3259
#15  0x14d9ba9a5eab
#16  0x14d9ba9a7424
#17  0x14d9ba99f7b0
#18  0x14d9ba4658c8
#19  0x3b168bf
#20  0x169d274
#21  0x6b177c
#22  0x5e600c
#23  0x14d9b9c3feaf
#24  0x14d9b9c3ff5f
#25  0x6b10a4
#26  0xffffffffffffffff

Could not print backtrace: /proc/self/exe, errno: 116

Could not print backtrace: /proc/self/exe, errno: 116
#0  0x14b7730c1d06
#1  0x14b7730c0d75
#2  0x14b772c54daf
#3  0x14b772ca154c
#4  0x14b772c54d05
#5  0x14b772c287f2
#6  0x14b772c2912f
#7  0x14b772cab616
#8  0x14b772cae5eb
#9  0x14b772caf428
#10  0x14b7739343ed
#11  0x14b77393dc87
#12  0x14b772ab0cb9
#13  0x14b772aa60ee
#14  0x14b77393c259
#15  0x14b77393eeab
#16  0x14b773940424
#17  0x14b7739387b0
#18  0x14b7733fe8c8
#19  0x3b168bf
#20  0x169d274
#21  0x6b177c
#22  0x5e600c
#23  0x14b772c3feaf
#24  0x14b772c3ff5f
#25  0x6b10a4
#26  0xffffffffffffffff
#0  0x14a12750bd06
#1  0x14a12750ad75
#2  0x14a127054daf
#3  0x14a1270a154c
#4  0x14a127054d05
#5  0x14a1270287f2
#6  0x14a12702912f
#7  0x14a1270ab616
#8  0x14a1270ae5eb
#9  0x14a1270af428
#10  0x14a127d7e3ed
#11  0x14a127d87c87
#12  0x14a126eb0cb9
#13  0x14a126ea60ee
#14  0x14a127d86259
#15  0x14a127d88eab
#16  0x14a127d8a424
#17  0x14a127d827b0
#18  0x14a1278488c8
#19  0x3b168bf
#20  0x169d274
#21  0x6b177c
#22  0x5e600c
#23  0x14a12703feaf
#24  0x14a12703ff5f
#25  0x6b10a4
#26  0xffffffffffffffff

Could not print backtrace: /proc/self/exe, errno: 116
#0  0x1509ba885d06
#1  0x1509ba884d75
#2  0x1509ba454daf
#3  0x1509ba4a154c
#4  0x1509ba454d05
#5  0x1509ba4287f2
#6  0x1509ba42912f
#7  0x1509ba4ab616
#8  0x1509ba4ae5eb
#9  0x1509ba4af428
#10  0x1509bb0f83ed
#11  0x1509bb101c87
#12  0x1509ba2b0cb9
#13  0x1509ba2a60ee
#14  0x1509bb100259
#15  0x1509bb102eab
#16  0x1509bb104424
#17  0x1509bb0fc7b0
#18  0x1509babc28c8
#19  0x3b168bf
#20  0x169d274
#21  0x6b177c
#22  0x5e600c
#23  0x1509ba43feaf
#24  0x1509ba43ff5f
#25  0x6b10a4
#26  0xffffffffffffffff

Could not print backtrace: /proc/self/exe, errno: 116
#0  0x152b32407d06
#1  0x152b32406d75
#2  0x152b32054daf
#3  0x152b320a154c
#4  0x152b32054d05
#5  0x152b320287f2
#6  0x152b3202912f
#7  0x152b320ab616
#8  0x152b320ae5eb
#9  0x152b320af428
#10  0x152b32c7a3ed
#11  0x152b32c83c87
#12  0x152b31eb0cb9
#13  0x152b31ea60ee
#14  0x152b32c82259
#15  0x152b32c84eab
#16  0x152b32c86424
#17  0x152b32c7e7b0
#18  0x152b327448c8
#19  0x3b168bf
#20  0x169d274
#21  0x6b177c
#22  0x5e600c
#23  0x152b3203feaf
#24  0x152b3203ff5f
#25  0x6b10a4
#26  0xffffffffffffffff

Could not print backtrace: /proc/self/exe, errno: 116

Could not print backtrace: /proc/self/exe, errno: 116

Could not print backtrace: /proc/self/exe, errno: 116
#0  0x1523c3eccd06
#1  0x1523c3ecbd75
#2  0x1523c3a54daf
#3  0x1523c3aa154c
#4  0x1523c3a54d05
#5  0x1523c3a287f2
#6  0x1523c3a2912f
#7  0x1523c3aab616
#8  0x1523c3aac16b
#9  0x1523c3aad1ca
#10  0x1523c3aaf954
#0  0x146c2e699d06
#1  0x146c2e698d75
#2  0x146c2e254daf
#3  0x146c2e2a154c
#4  0x146c2e254d05
#5  0x146c2e2287f2
#6  0x146c2e22912f
#7  0x146c2e2ab616
#8  0x146c2e2ae5eb
#9  0x146c2e2af428
#10  0x146c2f0b96fe
#11  0x1523c47ab73f
#12  0x1523c47e43f8
#13  0x1523c47a92c8
#14  0x1523c47178f9
#15  0x1523c4718028
#16  0x1523c38b0cb9
#17  0x1523c38a60ee
#18  0x1523c4747259
#19  0x1523c4749eab
#20  0x1523c474b424
#11  0x146c2ef15c9c
#12  0x146c2e0b0cb9
#13  0x146c2e0a60ee
#14  0x146c2ef14259
#15  0x146c2ef16eab
#16  0x146c2ef18424
#17  0x146c2ef107b0
#18  0x146c2e9d68c8
#19  0x3b168bf
#20  0x169d274
#21  0x6b177c
#22  0x5e600c
#23  0x146c2e23feaf
#24  0x146c2e23ff5f
#21  0x1523c47437b0
#22  0x1523c42098c8
#23  0x3b168bf
#24  0x169d274
#25  0x6b177c
#26  0x5e600c
#27  0x1523c3a3feaf
#28  0x1523c3a3ff5f
#29  0x6b10a4
#30  0xffffffffffffffff
#25  0x6b10a4
#26  0xffffffffffffffff

Could not print backtrace: /proc/self/exe, errno: 116

Could not print backtrace: /proc/self/exe, errno: 116
#0  0x1506bebb2d06
#1  0x1506bebb1d75
#2  0x1506be654daf
#3  0x1506be6a154c
#4  0x1506be654d05
#5  0x1506be6287f2
#6  0x1506be62912f
#7  0x1506be6ab616
#8  0x1506be6ae5eb
#9  0x1506be6af428
#10  0x1506bf4253ed
#11  0x1506bf42ec87
#12  0x1506be86acb9
#13  0x1506be8600ee
#14  0x1506bf42d259
#15  0x1506bf42feab
#16  0x1506bf431424
#17  0x1506bf4297b0
#18  0x1506beeef8c8
#19  0x3b168bf
#20  0x169d274
#21  0x6b177c
#22  0x5e600c
#23  0x1506be63feaf
#24  0x1506be63ff5f
#25  0x6b10a4
#26  0xffffffffffffffff

Could not print backtrace: /proc/self/exe, errno: 116
#0  0x15068ffffd06
#1  0x15068fffed75
#2  0x15068fc54daf
#3  0x15068fca154c
#4  0x15068fc54d05
#5  0x15068fc287f2
#6  0x15068fc2912f
#7  0x15068fcab616
#8  0x15068fcae5eb
#9  0x15068fcaf428
#10  0x1506908723ed
#11  0x15069087bc87
#12  0x15068faaecb9
#13  0x15068faa40ee
#14  0x15069087a259
#15  0x15069087ceab
#16  0x15069087e424
#17  0x1506908767b0
#18  0x15069033c8c8
#19  0x3b168bf
#0  0x14d43c0a8d06
#1  0x14d43c0a7d75
#2  0x14d43bc54daf
#3  0x14d43bca154c
#4  0x14d43bc54d05
#5  0x14d43bc287f2
#6  0x14d43bc2912f
#7  0x14d43bcab616
#8  0x14d43bcac16b
#9  0x14d43bcad1ca
#10  0x14d43bcaf954
#11  0x14d43c9c0480
#12  0x14d43c9852c8
#13  0x14d43c8f38f9
#14  0x14d43c8f4028
#15  0x14d43bab0cb9
#16  0x14d43baa60ee
#17  0x14d43c923259
#18  0x14d43c925eab
#19  0x14d43c927424
#20  0x14d43c91f7b0
#21  0x14d43c3e58c8
#22  0x3b168bf
#23  0x169d274
#24  0x6b177c
#20  0x169d274
#21  0x6b177c
#22  0x5e600c
#23  0x15068fc3feaf
#24  0x15068fc3ff5f
#25  0x6b10a4
#26  0xffffffffffffffff

Could not print backtrace: /proc/self/exe, errno: 116
#25  0x5e600c
#26  0x14d43bc3feaf
#27  0x14d43bc3ff5f
#28  0x6b10a4
#29  0xffffffffffffffff

Could not print backtrace: /proc/self/exe, errno: 116
#0  0x14eac2f2dd06
#1  0x14eac2f2cd75
#2  0x14eac2a54daf
#3  0x14eac2aa154c
#4  0x14eac2a54d05
#5  0x14eac2a287f2
#6  0x14eac2a2912f
#7  0x14eac2aab616
#8  0x14eac2aae5eb
#9  0x14eac2aaf428
#10  0x14eac37a03ed
#11  0x14eac37a9c87
#12  0x14eac28b0cb9
#13  0x14eac28a60ee
#14  0x14eac37a8259
#15  0x14eac37aaeab
#16  0x14eac37ac424
#17  0x14eac37a47b0
#18  0x14eac326a8c8
#19  0x3b168bf
#20  0x169d274
#21  0x6b177c
#22  0x5e600c
#23  0x14eac2a3feaf
#24  0x14eac2a3ff5f
#25  0x6b10a4
#26  0xffffffffffffffff

Could not print backtrace: /proc/self/exe, errno: 116
#0  0x151a272e3d06
#1  0x151a272e2d75
#2  0x151a26e54daf
#3  0x151a26ea154c
#4  0x151a26e54d05
#5  0x151a26e287f2
#6  0x151a26e2912f
#7  0x151a26eab616
#8  0x151a26eae5eb
#9  0x151a26eaf428
#10  0x151a27b563ed
#11  0x151a27b5fc87
#12  0x151a26cb0cb9
#13  0x151a26ca60ee
#14  0x151a27b5e259
#15  0x151a27b60eab
#16  0x151a27b62424
#17  0x151a27b5a7b0
#18  0x151a276208c8
#19  0x3b168bf
#20  0x169d274
#21  0x6b177c
#22  0x5e600c
#23  0x151a26e3feaf
#24  0x151a26e3ff5f
#25  0x6b10a4
#26  0xffffffffffffffff
#0  0x145f20650d06
#1  0x145f2064fd75
#2  0x145f20254daf
#3  0x145f202a154c
#4  0x145f20254d05
#5  0x145f202287f2
#6  0x145f2022912f
#7  0x145f202ab616
#8  0x145f202ae5eb
#9  0x145f202af428
#10  0x145f20ec33ed
#11  0x145f20eccc87
#12  0x145f200b0cb9
#13  0x145f200a60ee
#14  0x145f20ecb259
#15  0x145f20ecdeab
#16  0x145f20ecf424
#17  0x145f20ec77b0
#18  0x145f2098d8c8
#19  0x3b168bf
#20  0x169d274
#21  0x6b177c
#22  0x5e600c
#23  0x145f2023feaf
#24  0x145f2023ff5f
#25  0x6b10a4
#26  0xffffffffffffffff
#0  0x149ded469d06
#1  0x149ded468d75
#2  0x149ded054daf
#3  0x149ded0a154c
#4  0x149ded054d05
#5  0x149ded0287f2
#6  0x149ded02912f
#7  0x149ded0ab616
#8  0x149ded0ae5eb
#9  0x149ded0af428
#10  0x149dedcdc3ed
#11  0x149dedce5c87
#12  0x149deceb0cb9
#13  0x149decea60ee
#14  0x149dedce4259
#15  0x149dedce6eab
#16  0x149dedce8424
#17  0x149dedce07b0
#18  0x149ded7a68c8
#19  0x3b168bf
#20  0x169d274
#21  0x6b177c
#22  0x5e600c
#23  0x149ded03feaf
#24  0x149ded03ff5f
#25  0x6b10a4
#26  0xffffffffffffffff

Could not print backtrace: /proc/self/exe, errno: 116
#0  0x14f4c1770d06
#1  0x14f4c176fd75
#2  0x14f4c1254daf
#3  0x14f4c12a154c
#4  0x14f4c1254d05
#5  0x14f4c12287f2
#6  0x14f4c122912f
#7  0x14f4c12ab616
#8  0x14f4c12ae5eb
#9  0x14f4c12af428
#10  0x14f4c1fe33ed
#11  0x14f4c1fecc87
#12  0x14f4c10b0cb9
#13  0x14f4c10a60ee
#14  0x14f4c1feb259
#15  0x14f4c1fedeab
#16  0x14f4c1fef424
#17  0x14f4c1fe77b0
#18  0x14f4c1aad8c8
#19  0x3b168bf
#20  0x169d274
#21  0x6b177c
#22  0x5e600c
#23  0x14f4c123feaf
#24  0x14f4c123ff5f
#25  0x6b10a4
#26  0xffffffffffffffff

Could not print backtrace: /proc/self/exe, errno: 116

Could not print backtrace: /proc/self/exe, errno: 116
#0  0x14c5f6b00d06
#1  0x14c5f6affd75
#2  0x14c5f6654daf
#3  0x14c5f66a154c
#4  0x14c5f6654d05
#5  0x14c5f66287f2
#6  0x14c5f662912f
#7  0x14c5f66ab616
#8  0x14c5f66ae5eb
#9  0x14c5f66af428
#10  0x14c5f75206fe
#11  0x14c5f737cc9c
#12  0x14c5f64b0cb9
#13  0x14c5f64a60ee
#14  0x14c5f737b259
#15  0x14c5f737deab
#16  0x14c5f737f424
#17  0x14c5f73777b0
#18  0x14c5f6e3d8c8
#19  0x3b168bf
#20  0x169d274
#21  0x6b177c
#22  0x5e600c
#23  0x14c5f663feaf
#24  0x14c5f663ff5f
#25  0x6b10a4
#26  0xffffffffffffffff

Could not print backtrace: /proc/self/exe, errno: 116
#0  0x1514a255fd06
#1  0x1514a255ed75
#2  0x1514a2054daf
#3  0x1514a20a154c
#4  0x1514a2054d05
#5  0x1514a20287f2
#6  0x1514a202912f
#7  0x1514a20ab616
#8  0x1514a20ae5eb
#9  0x1514a20af428
#10  0x1514a2dd23ed
#11  0x1514a2ddbc87
#12  0x1514a1eb0cb9
#13  0x1514a1ea60ee
#14  0x1514a2dda259
#15  0x1514a2ddceab
#16  0x1514a2dde424
#17  0x1514a2dd67b0
#18  0x1514a289c8c8
#19  0x3b168bf
#20  0x169d274
#21  0x6b177c
#22  0x5e600c
#23  0x1514a203feaf
#24  0x1514a203ff5f
#25  0x6b10a4
#26  0xffffffffffffffff

Could not print backtrace: /proc/self/exe, errno: 116

Could not print backtrace: /proc/self/exe, errno: 116
#0  0x1512808efd06
#1  0x1512808eed75
#2  0x151280454daf
#3  0x1512804a154c
#4  0x151280454d05
#5  0x1512804287f2
#6  0x15128042912f
#7  0x1512804ab616
#8  0x1512804ae5eb
#9  0x1512804af428
#10  0x15128130f6fe
#11  0x15128116bc9c
#12  0x1512802b0cb9
#13  0x1512802a60ee
#14  0x15128116a259
#15  0x15128116ceab
#16  0x15128116e424
#17  0x1512811667b0
#18  0x151280c2c8c8
#19  0x3b168bf
#20  0x169d274
#21  0x6b177c
#22  0x5e600c
#23  0x15128043feaf
#24  0x15128043ff5f
#25  0x6b10a4
#26  0xffffffffffffffff

Could not print backtrace: /proc/self/exe, errno: 116

Could not print backtrace: /proc/self/exe, errno: 116
#0  0x151a988ccd06
#1  0x151a988cbd75
#2  0x151a98454daf
#3  0x151a984a154c
#4  0x151a98454d05
#5  0x151a984287f2
#6  0x151a9842912f
#7  0x151a984ab616
#8  0x151a984ae5eb
#9  0x151a984af428
#10  0x151a9913f3ed
#11  0x151a99148c87
#12  0x151a982b0cb9
#13  0x151a982a60ee
#14  0x151a99147259
#15  0x151a99149eab
#16  0x151a9914b424
#17  0x151a991437b0
#18  0x151a98c098c8
#19  0x3b168bf
#20  0x169d274

Could not print backtrace: /proc/self/exe, errno: 116
#21  0x6b177c
#22  0x5e600c
#23  0x151a9843feaf
#24  0x151a9843ff5f
#25  0x6b10a4
#26  0xffffffffffffffff
#0  0x14c6b113bd06
#1  0x14c6b113ad75
#2  0x14c6b0c54daf
#3  0x14c6b0ca154c
#4  0x14c6b0c54d05
#5  0x14c6b0c287f2
#6  0x14c6b0c2912f
#7  0x14c6b0cab616
#8  0x14c6b0cae5eb
#9  0x14c6b0caf428
#10  0x14c6b19ae3ed
#11  0x14c6b19b7c87
#12  0x14c6b0ab0cb9
#13  0x14c6b0aa60ee
#14  0x14c6b19b6259
#15  0x14c6b19b8eab
#16  0x14c6b19ba424
#17  0x14c6b19b27b0
#18  0x14c6b14788c8
#19  0x3b168bf
#20  0x169d274
#21  0x6b177c
#22  0x5e600c
#23  0x14c6b0c3feaf
#24  0x14c6b0c3ff5f
#25  0x6b10a4
#0  0x152c4a98ad06
#1  0x152c4a989d75
#2  0x152c4a454daf
#3  0x152c4a4a154c
#4  0x152c4a454d05
#5  0x152c4a4287f2
#6  0x152c4a42912f
#7  0x152c4a4ab616
#8  0x152c4a4ac16b
#9  0x152c4a4acd48
#10  0x152c4a4af954
#11  0x152c4b1d6038
#12  0x152c4a642cb9
#13  0x152c4a6380ee
#14  0x152c4b205259
#15  0x152c4b207eab
#16  0x152c4b209424
#17  0x152c4b2017b0
#18  0x152c4acc78c8
#19  0x3b168bf
#20  0x169d274
#21  0x6b177c
#22  0x5e600c
#23  0x152c4a43feaf
#24  0x152c4a43ff5f
#25  0x6b10a4
#26  0xffffffffffffffff
#26  0xffffffffffffffff

Could not print backtrace: /proc/self/exe, errno: 116

Could not print backtrace: /proc/self/exe, errno: 116
#0  0x147c9de62d06
#1  0x147c9de61d75
#2  0x147c9da54daf
#3  0x147c9daa154c
#4  0x147c9da54d05
#5  0x147c9da287f2
#6  0x147c9da2912f
#7  0x147c9daab616
#0  0x14f0c1dc6d06
#1  0x14f0c1dc5d75
#2  0x14f0c1a54daf
#3  0x14f0c1aa154c
#4  0x14f0c1a54d05
#5  0x14f0c1a287f2
#6  0x14f0c1a2912f
#7  0x14f0c1aab616
#8  0x14f0c1aae5eb
#9  0x14f0c1aaf428
#8  0x147c9daae5eb
#9  0x147c9daaf428
#10  0x147c9e6d53ed
#11  0x147c9e6dec87
#12  0x147c9d8b0cb9
#13  0x147c9d8a60ee
#14  0x147c9e6dd259
#10  0x14f0c26393ed
#11  0x14f0c2642c87
#12  0x14f0c1874cb9
#13  0x14f0c186a0ee
#14  0x14f0c2641259
#15  0x14f0c2643eab
#16  0x14f0c2645424
#17  0x14f0c263d7b0
#18  0x14f0c21038c8
#19  0x3b168bf
#20  0x169d274
#15  0x147c9e6dfeab
#16  0x147c9e6e1424
#17  0x147c9e6d97b0
#18  0x147c9e19f8c8
#19  0x3b168bf
#20  0x169d274
#21  0x6b177c
#22  0x5e600c
#23  0x147c9da3feaf
#24  0x147c9da3ff5f
#25  0x6b10a4
#26  0xffffffffffffffff
#21  0x6b177c
#22  0x5e600c
#23  0x14f0c1a3feaf
#24  0x14f0c1a3ff5f
#25  0x6b10a4
#26  0xffffffffffffffff

Could not print backtrace: /proc/self/exe, errno: 116

Could not print backtrace: /proc/self/exe, errno: 116

Could not print backtrace: /proc/self/exe, errno: 116
#0  0x1500aabc4d06
#1  0x1500aabc3d75
#2  0x1500aa854daf
#3  0x1500aa8a154c
#4  0x1500aa854d05
#5  0x1500aa8287f2
#6  0x1500aa82912f
#7  0x1500aa8ab616
#8  0x1500aa8ae5eb
#9  0x1500aa8af428
#10  0x1500ab4373ed
#11  0x1500ab440c87
#12  0x1500aa672cb9
#13  0x1500aa6680ee
#14  0x1500ab43f259
#15  0x1500ab441eab
#16  0x1500ab443424
#17  0x1500ab43b7b0
#18  0x1500aaf018c8
#19  0x3b168bf
#20  0x169d274
#21  0x6b177c
#22  0x5e600c
#23  0x1500aa83feaf
#24  0x1500aa83ff5f
#25  0x6b10a4
#26  0xffffffffffffffff

Could not print backtrace: /proc/self/exe, errno: 116

Could not print backtrace: /proc/self/exe, errno: 116
#0  0x14d40f7bed06
#1  0x14d40f7bdd75
#2  0x14d40f254daf
#3  0x14d40f2a154c
#4  0x14d40f254d05
#5  0x14d40f2287f2
#6  0x14d40f22912f
#7  0x14d40f2ab616
#8  0x14d40f2ae5eb
#9  0x14d40f2af428
#10  0x14d4100313ed
#11  0x14d41003ac87
#12  0x14d40f476cb9
#13  0x14d40f46c0ee
#14  0x14d410039259
#15  0x14d41003beab
#16  0x14d41003d424
#17  0x14d4100357b0
#18  0x14d40fafb8c8
#19  0x3b168bf
#20  0x169d274
#21  0x6b177c
#22  0x5e600c
#23  0x14d40f23feaf
#24  0x14d40f23ff5f
#25  0x6b10a4
#26  0xffffffffffffffff
#0  0x1504162b9d06
#1  0x1504162b8d75
#2  0x150415e54daf
#3  0x150415ea154c
#4  0x150415e54d05
#5  0x150415e287f2
#6  0x150415e2912f
#7  0x150415eab616
#8  0x150415eae5eb
#0  0x14b7a2b9cd06
#1  0x14b7a2b9bd75
#2  0x14b7a2654daf
#3  0x14b7a26a154c
#4  0x14b7a2654d05
#5  0x14b7a26287f2
#6  0x14b7a262912f
#7  0x14b7a26ab616
#8  0x14b7a26ae5eb
#9  0x14b7a26af428
#10  0x14b7a340f3ed
#11  0x14b7a3418c87
#12  0x14b7a2854cb9
#0  0x14d6681bcd06
#1  0x14d6681bbd75
#2  0x14d667c54daf
#3  0x14d667ca154c
#4  0x14d667c54d05
#5  0x14d667c287f2
#6  0x14d667c2912f
#7  0x14d667cab616
#8  0x14d667cac16b
#9  0x14d667cad1ca
#0  0x146a7d708d06
#1  0x146a7d707d75
#2  0x146a7d254daf
#3  0x146a7d2a154c
#4  0x146a7d254d05
#5  0x146a7d2287f2
#6  0x146a7d22912f
#7  0x146a7d2ab616
#8  0x146a7d2ae5eb
#9  0x146a7d2af428
#10  0x146a7df7b3ed
#11  0x146a7df84c87
#12  0x146a7d0b0cb9
#13  0x146a7d0a60ee
#14  0x146a7df83259
#15  0x146a7df85eab
#16  0x146a7df87424
#9  0x150415eaf428
#10  0x150416b2c3ed
#11  0x150416b35c87
#12  0x150415cb0cb9
#13  0x150415ca60ee
#14  0x150416b34259
#15  0x150416b36eab
#16  0x150416b38424
#17  0x150416b307b0
#18  0x1504165f68c8
#19  0x3b168bf
#20  0x169d274
#21  0x6b177c
#22  0x5e600c
#23  0x150415e3feaf
#24  0x150415e3ff5f
#25  0x6b10a4
#26  0xffffffffffffffff
#10  0x14d667caf954
#11  0x14d667f53608
#12  0x14d668a08028
#13  0x14d667e74cb9
#14  0x14d667e6a0ee
#15  0x14d668a37259
#16  0x14d668a39eab
#17  0x14d668a3b424
#0  0x1507f83bed06
#1  0x1507f83bdd75
#2  0x1507f7e54daf
#3  0x1507f7ea154c
#4  0x1507f7e54d05
#5  0x1507f7e287f2
#6  0x1507f7e2912f
#7  0x1507f7eab616
#8  0x1507f7eae5eb
#9  0x1507f7eaf428
#10  0x1507f8c313ed
#11  0x1507f8c3ac87
#12  0x1507f8076cb9
#13  0x1507f806c0ee
#14  0x1507f8c39259
#15  0x1507f8c3beab
#16  0x1507f8c3d424
#17  0x1507f8c357b0
#18  0x1507f86fb8c8
#19  0x3b168bf
#20  0x169d274
#21  0x6b177c
#22  0x5e600c
#23  0x1507f7e3feaf
#24  0x1507f7e3ff5f
#25  0x6b10a4
#26  0xffffffffffffffff
#13  0x14b7a284a0ee
#14  0x14b7a3417259
#15  0x14b7a3419eab
#16  0x14b7a341b424
#17  0x14b7a34137b0
#18  0x14b7a2ed98c8
#19  0x3b168bf
#20  0x169d274
#21  0x6b177c
#22  0x5e600c
#23  0x14b7a263feaf
#24  0x14b7a263ff5f
#25  0x6b10a4
#18  0x14d668a337b0
#19  0x14d6684f98c8
#20  0x3b168bf
#21  0x169d274
#22  0x6b177c
#23  0x5e600c
#24  0x14d667c3feaf
#25  0x14d667c3ff5f
#26  0x6b10a4
#27  0xffffffffffffffff
#17  0x146a7df7f7b0
#18  0x146a7da458c8
#19  0x3b168bf
#20  0x169d274
#21  0x6b177c
#22  0x5e600c
#23  0x146a7d23feaf
#24  0x146a7d23ff5f
#25  0x6b10a4
#26  0xffffffffffffffff
#26  0xffffffffffffffff

Could not print backtrace: /proc/self/exe, errno: 116

Could not print backtrace: /proc/self/exe, errno: 116
#0  0x14c5a9b2cd06
#1  0x14c5a9b2bd75
#2  0x14c5a9654daf
#3  0x14c5a96a154c
#4  0x14c5a9654d05
#5  0x14c5a96287f2
#6  0x14c5a962912f
#7  0x14c5a96ab616

Could not print backtrace: /proc/self/exe, errno: 116
#0  0x15526d97dd06
#1  0x15526d97cd75
#2  0x15526d454daf
#3  0x15526d4a154c
#4  0x15526d454d05
#5  0x15526d4287f2
#6  0x15526d42912f
#7  0x15526d4ab616
#8  0x15526d4ae5eb
#9  0x15526d4af428
#10  0x15526e1f03ed
#11  0x15526e1f9c87
#12  0x15526d2b0cb9
#13  0x15526d2a60ee
#14  0x15526e1f8259
#15  0x15526e1faeab
#16  0x15526e1fc424
#17  0x15526e1f47b0
#18  0x15526dcba8c8
#19  0x3b168bf
#20  0x169d274
#21  0x6b177c
#22  0x5e600c
#23  0x15526d43feaf
#24  0x15526d43ff5f
#25  0x6b10a4
#26  0xffffffffffffffff
#8  0x14c5a96ae5eb
#9  0x14c5a96af428
#10  0x14c5aa39f3ed
#11  0x14c5aa3a8c87
#12  0x14c5a94b0cb9
#13  0x14c5a94a60ee
#14  0x14c5aa3a7259
#15  0x14c5aa3a9eab
#16  0x14c5aa3ab424
#17  0x14c5aa3a37b0
#18  0x14c5a9e698c8
#19  0x3b168bf
#20  0x169d274
#21  0x6b177c
#22  0x5e600c
#23  0x14c5a963feaf
#24  0x14c5a963ff5f
#25  0x6b10a4
#26  0xffffffffffffffff
#0  0x15010635ad06
#1  0x150106359d75
#2  0x150105e54daf
#3  0x150105ea154c
#4  0x150105e54d05
#5  0x150105e287f2
#6  0x150105e2912f
#7  0x150105eab616
#8  0x150105eae5eb
#9  0x150105eaf428
#10  0x150106bcd3ed
#11  0x150106bd6c87
#12  0x150105cb0cb9
#13  0x150105ca60ee
#14  0x150106bd5259
#15  0x150106bd7eab
#16  0x150106bd9424
#17  0x150106bd17b0
#18  0x1501066978c8
#19  0x3b168bf
#20  0x169d274
#21  0x6b177c
#22  0x5e600c
#23  0x150105e3feaf
#24  0x150105e3ff5f
#25  0x6b10a4
#26  0xffffffffffffffff

Could not print backtrace: /proc/self/exe, errno: 116
#0  0x145dbd738d06
#1  0x145dbd737d75
#2  0x145dbd254daf
#3  0x145dbd2a154c
#4  0x145dbd254d05
#5  0x145dbd2287f2
#6  0x145dbd22912f
#7  0x145dbd2ab616
#8  0x145dbd2ae5eb
#9  0x145dbd2af428
#10  0x145dbdfab3ed

Could not print backtrace: /proc/self/exe, errno: 116

Could not print backtrace: /proc/self/exe, errno: 116
#11  0x145dbdfb4c87
#12  0x145dbd0b0cb9
#13  0x145dbd0a60ee
#14  0x145dbdfb3259
#15  0x145dbdfb5eab
#16  0x145dbdfb7424
#17  0x145dbdfaf7b0
#18  0x145dbda758c8
#19  0x3b168bf
#20  0x169d274
#0  0x1483da6e0d06
#1  0x1483da6dfd75
#2  0x1483da254daf
#3  0x1483da2a154c
#4  0x1483da254d05
#5  0x1483da2287f2
#6  0x1483da22912f
#7  0x1483da2ab616
#8  0x1483da2ae5eb
#9  0x1483da2af428
#10  0x1483daf533ed
#11  0x1483daf5cc87
#12  0x1483da0b0cb9
#13  0x1483da0a60ee
#14  0x1483daf5b259
#15  0x1483daf5deab
#16  0x1483daf5f424
#17  0x1483daf577b0
#18  0x1483daa1d8c8
#19  0x3b168bf
#20  0x169d274
#21  0x6b177c
#22  0x5e600c
#23  0x1483da23feaf
#24  0x1483da23ff5f
#25  0x6b10a4
#26  0xffffffffffffffff
#21  0x6b177c
#22  0x5e600c
#23  0x145dbd23feaf
#24  0x145dbd23ff5f
#25  0x6b10a4
#26  0xffffffffffffffff

Could not print backtrace: /proc/self/exe, errno: 116

Could not print backtrace: /proc/self/exe, errno: 116
#0  0x1466ef3bcd06
#1  0x1466ef3bbd75
#2  0x1466eee54daf
#3  0x1466eeea154c
#4  0x1466eee54d05
#5  0x1466eee287f2
#6  0x1466eee2912f
#7  0x1466eeeab616
#8  0x1466eeeae5eb
#9  0x1466eeeaf428
#0  0x1524ab841d06
#1  0x1524ab840d75
#2  0x1524ab454daf
#3  0x1524ab4a154c
#4  0x1524ab454d05
#5  0x1524ab4287f2
#6  0x1524ab42912f
#7  0x1524ab4ab616
#8  0x1524ab4ae5eb
#10  0x1466efc2f3ed
#11  0x1466efc38c87
#12  0x1466ef074cb9
#13  0x1466ef06a0ee
#14  0x1466efc37259
#15  0x1466efc39eab
#16  0x1466efc3b424
#17  0x1466efc337b0
#18  0x1466ef6f98c8
#19  0x3b168bf
#9  0x1524ab4af428
#10  0x1524ac0b43ed
#11  0x1524ac0bdc87
#12  0x1524ab2b0cb9
#13  0x1524ab2a60ee
#14  0x1524ac0bc259
#15  0x1524ac0beeab
#16  0x1524ac0c0424
#17  0x1524ac0b87b0

Could not print backtrace: /proc/self/exe, errno: 116
#20  0x169d274
#21  0x6b177c
#22  0x5e600c
#23  0x1466eee3feaf
#24  0x1466eee3ff5f
#25  0x6b10a4
#26  0xffffffffffffffff
#18  0x1524abb7e8c8
#19  0x3b168bf
#20  0x169d274
#21  0x6b177c
#22  0x5e600c
#23  0x1524ab43feaf
#24  0x1524ab43ff5f
#25  0x6b10a4
#26  0xffffffffffffffff
#0  0x1537516d4d06
#1  0x1537516d3d75
#2  0x153751254daf
#3  0x1537512a154c
#4  0x153751254d05
#5  0x1537512287f2
#6  0x15375122912f
#7  0x1537512ab616
#8  0x1537512ae5eb
#9  0x1537512af428
#10  0x153751f473ed
#11  0x153751f50c87
#12  0x1537510b0cb9
#13  0x1537510a60ee
#14  0x153751f4f259
#15  0x153751f51eab
#16  0x153751f53424
#17  0x153751f4b7b0
#18  0x153751a118c8
#19  0x3b168bf
#20  0x169d274
#21  0x6b177c
#22  0x5e600c
#23  0x15375123feaf
#24  0x15375123ff5f
#25  0x6b10a4
#26  0xffffffffffffffff

Could not print backtrace: /proc/self/exe, errno: 116

Could not print backtrace: /proc/self/exe, errno: 116
#0  0x151a0a6b5d06
#1  0x151a0a6b4d75
#2  0x151a0a254daf
#3  0x151a0a2a154c
#4  0x151a0a254d05
#5  0x151a0a2287f2
#6  0x151a0a22912f
#7  0x151a0a2ab616
#8  0x151a0a2ae5eb
#9  0x151a0a2af428
#10  0x151a0b0d56fe
#11  0x151a0af31c9c
#12  0x151a0a0b0cb9
#13  0x151a0a0a60ee
#14  0x151a0af30259
#15  0x151a0af32eab
#16  0x151a0af34424
#17  0x151a0af2c7b0
#18  0x151a0a9f28c8
#19  0x3b168bf
#20  0x169d274
#21  0x6b177c
#22  0x5e600c
#23  0x151a0a23feaf
#24  0x151a0a23ff5f
#25  0x6b10a4
#26  0xffffffffffffffff

Could not print backtrace: /proc/self/exe, errno: 116
#0  0x15256ce88d06
#1  0x15256ce87d75
#2  0x15256ca54daf
#3  0x15256caa154c
#4  0x15256ca54d05
#5  0x15256ca287f2
#6  0x15256ca2912f
#7  0x15256caab616
#8  0x15256caac16b
#9  0x15256caad1ca
#10  0x15256caaf954
#11  0x15256d7652dc
#12  0x15256d6d38f9
#13  0x15256d6d4028
#14  0x15256c8b0cb9
#15  0x15256c8a60ee
#16  0x15256d703259
#17  0x15256d705eab
#18  0x15256d707424
#19  0x15256d6ff7b0
#20  0x15256d1c58c8
#21  0x3b168bf
#22  0x169d274
#23  0x6b177c
#24  0x5e600c
#25  0x15256ca3feaf
#26  0x15256ca3ff5f
#27  0x6b10a4
#28  0xffffffffffffffff
#0  0x14bbad473d06
#1  0x14bbad472d75
#2  0x14bbad054daf
#3  0x14bbad0a154c
#4  0x14bbad054d05
#5  0x14bbad0287f2
#6  0x14bbad02912f
#7  0x14bbad0ab616
#8  0x14bbad0ae5eb
#9  0x14bbad0af428
#10  0x14bbadce63ed
#11  0x14bbadcefc87
#12  0x14bbaceb0cb9
#13  0x14bbacea60ee
#14  0x14bbadcee259
#15  0x14bbadcf0eab
#16  0x14bbadcf2424
#17  0x14bbadcea7b0

Could not print backtrace: /proc/self/exe, errno: 116
#0  0x1492efd56d06
#1  0x1492efd55d75
#2  0x1492ef854daf
#3  0x1492ef8a154c
#4  0x1492ef854d05
#5  0x1492ef8287f2
#6  0x1492ef82912f
#7  0x1492ef8ab616
#8  0x1492ef8ae5eb
#9  0x1492ef8af428
#10  0x1492f07766fe
#11  0x1492f05d2c9c
#12  0x1492ef6b0cb9
#13  0x1492ef6a60ee
#14  0x1492f05d1259
#15  0x1492f05d3eab
#16  0x1492f05d5424
#17  0x1492f05cd7b0
#18  0x1492f00938c8
#19  0x3b168bf
#20  0x169d274
#21  0x6b177c
#22  0x5e600c
#23  0x1492ef83feaf
#24  0x1492ef83ff5f
#25  0x6b10a4
#26  0xffffffffffffffff
#0  0x14ddc77b5d06
#1  0x14ddc77b4d75
#2  0x14ddc7254daf
#3  0x14ddc72a154c
#4  0x14ddc7254d05
#5  0x14ddc72287f2
#6  0x14ddc722912f
#7  0x14ddc72ab616
#8  0x14ddc72ae5eb
#9  0x14ddc72af428
#10  0x14ddc80283ed
#11  0x14ddc8031c87
#12  0x14ddc746dcb9
#13  0x14ddc74630ee
#14  0x14ddc8030259
#15  0x14ddc8032eab
#16  0x14ddc8034424
#17  0x14ddc802c7b0
#18  0x14ddc7af28c8
#19  0x3b168bf
#20  0x169d274
#21  0x6b177c
#22  0x5e600c
#23  0x14ddc723feaf
#24  0x14ddc723ff5f
#25  0x6b10a4
#26  0xffffffffffffffff
#18  0x14bbad7b08c8
#19  0x3b168bf
#20  0x169d274
#21  0x6b177c
#22  0x5e600c
#23  0x14bbad03feaf
#24  0x14bbad03ff5f
#25  0x6b10a4
#26  0xffffffffffffffff

Could not print backtrace: /proc/self/exe, errno: 116

Could not print backtrace: /proc/self/exe, errno: 116
#0  0x146180b0fd06
#1  0x146180b0ed75
#2  0x146180654daf
#3  0x1461806a154c
#4  0x146180654d05
#5  0x1461806287f2
#6  0x14618062912f
#7  0x1461806ab616
#8  0x1461806ac16b
#9  0x1461806ad1ca
#0  0x153a8d29fd06
#1  0x153a8d29ed75
#2  0x153a8ce54daf
#3  0x153a8cea154c
#4  0x153a8ce54d05
#5  0x153a8ce287f2
#6  0x153a8ce2912f
#7  0x153a8ceab616
#8  0x153a8ceae5eb
#9  0x153a8ceaf428
#10  0x153a8db123ed
#11  0x153a8db1bc87
#12  0x153a8ccb0cb9
#13  0x153a8cca60ee
#14  0x153a8db1a259
#15  0x153a8db1ceab
#16  0x153a8db1e424
#17  0x153a8db167b0
#18  0x153a8d5dc8c8
#19  0x3b168bf
#20  0x169d274
#21  0x6b177c
#22  0x5e600c
#23  0x153a8ce3feaf
#24  0x153a8ce3ff5f
#25  0x6b10a4
#26  0xffffffffffffffff
#10  0x1461806af954
#11  0x14618135b038
#12  0x1461804b0cb9
#13  0x1461804a60ee
#14  0x14618138a259
#15  0x14618138ceab
#16  0x14618138e424
#17  0x1461813867b0
#18  0x146180e4c8c8
#19  0x3b168bf
#20  0x169d274
#21  0x6b177c
#22  0x5e600c
#23  0x14618063feaf
#24  0x14618063ff5f
#25  0x6b10a4
#26  0xffffffffffffffff

Could not print backtrace: /proc/self/exe, errno: 116
#0  0x153427d45d06
#1  0x153427d44d75
#2  0x153427854daf
#3  0x1534278a154c
#4  0x153427854d05
#5  0x1534278287f2
#6  0x15342782912f
#7  0x1534278ab616

Could not print backtrace: /proc/self/exe, errno: 116
#8  0x1534278ae5eb
#9  0x1534278af428
#10  0x1534285b83ed
#11  0x1534285c1c87
#12  0x1534276b0cb9
#13  0x1534276a60ee
#14  0x1534285c0259
#15  0x1534285c2eab
#16  0x1534285c4424

Could not print backtrace: /proc/self/exe, errno: 116
#0  0x1543ecf96d06
#1  0x1543ecf95d75
#2  0x1543eca54daf
#3  0x1543ecaa154c
#4  0x1543eca54d05
#5  0x1543eca287f2
#6  0x1543eca2912f
#7  0x1543ecaab616
#8  0x1543ecaae5eb
#9  0x1543ecaaf428
#10  0x1543ed8093ed
#11  0x1543ed812c87
#12  0x1543ecc4ecb9
#13  0x1543ecc440ee
#14  0x1543ed811259
#15  0x1543ed813eab
#16  0x1543ed815424
#17  0x1543ed80d7b0
#18  0x1543ed2d38c8
#19  0x3b168bf
#20  0x169d274
#21  0x6b177c
#22  0x5e600c
#23  0x1543eca3feaf
#24  0x1543eca3ff5f
#25  0x6b10a4
#26  0xffffffffffffffff
#17  0x1534285bc7b0
#18  0x1534280828c8
#19  0x3b168bf
#20  0x169d274
#21  0x6b177c
#22  0x5e600c
#23  0x15342783feaf
#24  0x15342783ff5f
#25  0x6b10a4
#26  0xffffffffffffffff
#0  0x153bc3da2d06
#1  0x153bc3da1d75
#2  0x153bc3854daf
#3  0x153bc38a154c
#4  0x153bc3854d05
#5  0x153bc38287f2
#6  0x153bc382912f
#7  0x153bc38ab616
#8  0x153bc38ae5eb
#9  0x153bc38af428
#10  0x153bc46153ed
#11  0x153bc461ec87
#12  0x153bc3a5acb9
#13  0x153bc3a500ee
#14  0x153bc461d259
#15  0x153bc461feab
#16  0x153bc4621424
#17  0x153bc46197b0
#18  0x153bc40df8c8
#19  0x3b168bf
#20  0x169d274
#21  0x6b177c
#22  0x5e600c
#23  0x153bc383feaf
#24  0x153bc383ff5f
#25  0x6b10a4
#26  0xffffffffffffffff

Could not print backtrace: /proc/self/exe, errno: 116
#0  0x145e72c1bd06
#1  0x145e72c1ad75
#2  0x145e72854daf
#3  0x145e728a154c
#4  0x145e72854d05
#5  0x145e728287f2
#6  0x145e7282912f
#7  0x145e728ab616
#8  0x145e728ae5eb
#9  0x145e728af428
#10  0x145e7363b6fe
#11  0x145e73497c9c
#12  0x145e726b0cb9
#13  0x145e726a60ee
#14  0x145e73496259
#15  0x145e73498eab
#16  0x145e7349a424
#17  0x145e734927b0
#18  0x145e72f588c8
#19  0x3b168bf
#20  0x169d274
#21  0x6b177c
#22  0x5e600c
#23  0x145e7283feaf
#24  0x145e7283ff5f
#25  0x6b10a4
#26  0xffffffffffffffff

Could not print backtrace: /proc/self/exe, errno: 116
#0  0x150f52690d06
#1  0x150f5268fd75
#2  0x150f52254daf
#3  0x150f522a154c
#4  0x150f52254d05
#5  0x150f522287f2
#6  0x150f5222912f
#7  0x150f522ab616
#8  0x150f522ae5eb
#9  0x150f522af428
#10  0x150f52f033ed
#11  0x150f52f0cc87
#12  0x150f520b0cb9
#13  0x150f520a60ee
#14  0x150f52f0b259
#15  0x150f52f0deab
#16  0x150f52f0f424
#17  0x150f52f077b0
#18  0x150f529cd8c8
#19  0x3b168bf
#20  0x169d274
#21  0x6b177c
#22  0x5e600c
#23  0x150f5223feaf
#24  0x150f5223ff5f
#25  0x6b10a4
#26  0xffffffffffffffff

Could not print backtrace: /proc/self/exe, errno: 116
#0  0x150326a0cd06
#1  0x150326a0bd75
#2  0x150326654daf
#3  0x1503266a154c
#4  0x150326654d05
#5  0x1503266287f2
#6  0x15032662912f
#7  0x1503266ab616
#8  0x1503266ae5eb
#9  0x1503266af428
#10  0x15032727f3ed
#11  0x150327288c87
#12  0x1503264b0cb9
#13  0x1503264a60ee
#14  0x150327287259
#15  0x150327289eab
#16  0x15032728b424
#17  0x1503272837b0
#18  0x150326d498c8
#19  0x3b168bf
#20  0x169d274
#21  0x6b177c
#22  0x5e600c
#23  0x15032663feaf
#24  0x15032663ff5f
#25  0x6b10a4
#26  0xffffffffffffffff

Could not print backtrace: /proc/self/exe, errno: 116
#0  0x153941e47d06
#1  0x153941e46d75
#2  0x153941a54daf
#3  0x153941aa154c
#4  0x153941a54d05
#5  0x153941a287f2
#6  0x153941a2912f
#7  0x153941aab616
#8  0x153941aae5eb
#9  0x153941aaf428
#10  0x1539428676fe
#11  0x1539426c3c9c
#12  0x1539418b0cb9
#13  0x1539418a60ee
#14  0x1539426c2259
#15  0x1539426c4eab
#16  0x1539426c6424
#17  0x1539426be7b0
#18  0x1539421848c8
#19  0x3b168bf
#20  0x169d274
#21  0x6b177c
#22  0x5e600c
#23  0x153941a3feaf
#24  0x153941a3ff5f
#25  0x6b10a4
#26  0xffffffffffffffff

Could not print backtrace: /proc/self/exe, errno: 116
#0  0x1479a3f32d06
#1  0x1479a3f31d75
#2  0x1479a3a54daf
#3  0x1479a3aa154c
#4  0x1479a3a54d05
#5  0x1479a3a287f2
#6  0x1479a3a2912f
#7  0x1479a3aab616
#8  0x1479a3aae5eb
#9  0x1479a3aaf428
#10  0x1479a47a53ed
#11  0x1479a47aec87
#12  0x1479a38b0cb9
#13  0x1479a38a60ee
#14  0x1479a47ad259
#15  0x1479a47afeab
#16  0x1479a47b1424
#17  0x1479a47a97b0
#18  0x1479a426f8c8
#19  0x3b168bf
#20  0x169d274
#21  0x6b177c
#22  0x5e600c
#23  0x1479a3a3feaf
#24  0x1479a3a3ff5f
#25  0x6b10a4
#26  0xffffffffffffffff

Could not print backtrace: /proc/self/exe, errno: 116
#0  0x1482b09cbd06
#1  0x1482b09cad75
#2  0x1482b0654daf
#3  0x1482b06a154c
#4  0x1482b0654d05
#5  0x1482b06287f2
#6  0x1482b062912f
#7  0x1482b06ab616
#8  0x1482b06ae5eb
#9  0x1482b06af428
#10  0x1482b123e3ed
#11  0x1482b1247c87
#12  0x1482b0476cb9
#13  0x1482b046c0ee
#14  0x1482b1246259
#15  0x1482b1248eab
#16  0x1482b124a424
#17  0x1482b12427b0
#18  0x1482b0d088c8
#19  0x3b168bf
#20  0x169d274
#21  0x6b177c
#22  0x5e600c
#23  0x1482b063feaf
#24  0x1482b063ff5f
#25  0x6b10a4
#26  0xffffffffffffffff

Could not print backtrace: /proc/self/exe, errno: 116
#0  0x14c425ac7d06
#1  0x14c425ac6d75
#2  0x14c425654daf
#3  0x14c4256a154c
#4  0x14c425654d05
#5  0x14c4256287f2
#6  0x14c42562912f
#7  0x14c4256ab616
#8  0x14c4256ae5eb
#9  0x14c4256af428
#10  0x14c42633a3ed
#11  0x14c426343c87
#12  0x14c4254b0cb9
#13  0x14c4254a60ee
#14  0x14c426342259
#15  0x14c426344eab
#16  0x14c426346424
#17  0x14c42633e7b0
#18  0x14c425e048c8
#19  0x3b168bf
#20  0x169d274
#21  0x6b177c
#22  0x5e600c
#23  0x14c42563feaf
#24  0x14c42563ff5f
#25  0x6b10a4
#26  0xffffffffffffffff

Could not print backtrace: /proc/self/exe, errno: 116
#0  0x14f1e3152d06
#1  0x14f1e3151d75
#2  0x14f1e2c54daf
#3  0x14f1e2ca154c
#4  0x14f1e2c54d05
#5  0x14f1e2c287f2
#6  0x14f1e2c2912f
#7  0x14f1e2cab616
#8  0x14f1e2cae5eb
#9  0x14f1e2caf428
#10  0x14f1e39c53ed
#11  0x14f1e39cec87
#12  0x14f1e2ab0cb9
#13  0x14f1e2aa60ee
#14  0x14f1e39cd259
#15  0x14f1e39cfeab
#16  0x14f1e39d1424
#17  0x14f1e39c97b0
#18  0x14f1e348f8c8
#19  0x3b168bf
#20  0x169d274
#21  0x6b177c
#22  0x5e600c
#23  0x14f1e2c3feaf
#24  0x14f1e2c3ff5f
#25  0x6b10a4
#26  0xffffffffffffffff

Could not print backtrace: /proc/self/exe, errno: 116
#0  0x14646fd9bd06
#1  0x14646fd9ad75
#2  0x14646f854daf
#3  0x14646f8a154c
#4  0x14646f854d05
#5  0x14646f8287f2
#6  0x14646f82912f
#7  0x14646f8ab616
#8  0x14646f8ae5eb
#9  0x14646f8af428
#10  0x14647060e3ed
#11  0x146470617c87
#12  0x14646fa53cb9
#13  0x14646fa490ee
#14  0x146470616259
#15  0x146470618eab
#16  0x14647061a424
#17  0x1464706127b0
#18  0x1464700d88c8
#19  0x3b168bf
#20  0x169d274
#21  0x6b177c
#22  0x5e600c
#23  0x14646f83feaf
#24  0x14646f83ff5f
#25  0x6b10a4
#26  0xffffffffffffffff

Could not print backtrace: /proc/self/exe, errno: 116
#0  0x14db1a141d06
#1  0x14db1a140d75
#2  0x14db19c54daf
#3  0x14db19ca154c
#4  0x14db19c54d05
#5  0x14db19c287f2
#6  0x14db19c2912f
#7  0x14db19cab616
#8  0x14db19cae5eb
#9  0x14db19caf428
#10  0x14db1a9b43ed
#11  0x14db1a9bdc87
#12  0x14db19ab0cb9
#13  0x14db19aa60ee
#14  0x14db1a9bc259
#15  0x14db1a9beeab
#16  0x14db1a9c0424
#17  0x14db1a9b87b0
#18  0x14db1a47e8c8
#19  0x3b168bf
#20  0x169d274
#21  0x6b177c
#22  0x5e600c
#23  0x14db19c3feaf
#24  0x14db19c3ff5f
#25  0x6b10a4
#26  0xffffffffffffffff

Could not print backtrace: /proc/self/exe, errno: 116
#0  0x14cb36f62d06
#1  0x14cb36f61d75
#2  0x14cb36a54daf
#3  0x14cb36aa154c
#4  0x14cb36a54d05
#5  0x14cb36a287f2
#6  0x14cb36a2912f
#7  0x14cb36aab616
#8  0x14cb36aae5eb
#9  0x14cb36aaf428
#10  0x14cb379826fe
#11  0x14cb377dec9c
#12  0x14cb368b0cb9
#13  0x14cb368a60ee
#14  0x14cb377dd259
#15  0x14cb377dfeab
#16  0x14cb377e1424
#17  0x14cb377d97b0
#18  0x14cb3729f8c8
#19  0x3b168bf
#20  0x169d274
#21  0x6b177c
#22  0x5e600c
#23  0x14cb36a3feaf
#24  0x14cb36a3ff5f
#25  0x6b10a4
#26  0xffffffffffffffff

Could not print backtrace: /proc/self/exe, errno: 116
#0  0x14acf3df3d06
#1  0x14acf3df2d75
#2  0x14acf3a54daf
#3  0x14acf3aa154c
#4  0x14acf3a54d05
#5  0x14acf3a287f2
#6  0x14acf3a2912f
#7  0x14acf3aab616
#8  0x14acf3aae5eb
#9  0x14acf3aaf428
#10  0x14acf46663ed
#11  0x14acf466fc87
#12  0x14acf3876cb9
#13  0x14acf386c0ee
#14  0x14acf466e259
#15  0x14acf4670eab
#16  0x14acf4672424
#17  0x14acf466a7b0
#18  0x14acf41308c8
#19  0x3b168bf
#20  0x169d274
#21  0x6b177c
#22  0x5e600c
#23  0x14acf3a3feaf
#24  0x14acf3a3ff5f
#25  0x6b10a4
#26  0xffffffffffffffff

Could not print backtrace: /proc/self/exe, errno: 116
#0  0x14a8b328ed06
#1  0x14a8b328dd75
#2  0x14a8b2e54daf
#3  0x14a8b2ea154c
#4  0x14a8b2e54d05
#5  0x14a8b2e287f2
#6  0x14a8b2e2912f
#7  0x14a8b2eab616
#8  0x14a8b2eae5eb
#9  0x14a8b2eaf428
#10  0x14a8b3cae6fe
#11  0x14a8b3b0ac9c
#12  0x14a8b2cb0cb9
#13  0x14a8b2ca60ee
#14  0x14a8b3b09259
#15  0x14a8b3b0beab
#16  0x14a8b3b0d424
#17  0x14a8b3b057b0
#18  0x14a8b35cb8c8
#19  0x3b168bf
#20  0x169d274
#21  0x6b177c
#22  0x5e600c
#23  0x14a8b2e3feaf
#24  0x14a8b2e3ff5f
#25  0x6b10a4
#26  0xffffffffffffffff

Could not print backtrace: /proc/self/exe, errno: 116
#0  0x14899a3f0d06
#1  0x14899a3efd75
#2  0x14899a054daf
#3  0x14899a0a154c
#4  0x14899a054d05
#5  0x14899a0287f2
#6  0x14899a02912f
#7  0x14899a0ab616
#8  0x14899a0ae5eb
#9  0x14899a0af428
#10  0x14899ac633ed
#11  0x14899ac6cc87
#12  0x148999e76cb9
#13  0x148999e6c0ee
#14  0x14899ac6b259
#15  0x14899ac6deab
#16  0x14899ac6f424
#17  0x14899ac677b0
#18  0x14899a72d8c8
#19  0x3b168bf
#20  0x169d274
#21  0x6b177c
#22  0x5e600c
#23  0x14899a03feaf
#24  0x14899a03ff5f
#25  0x6b10a4
#26  0xffffffffffffffff

Could not print backtrace: /proc/self/exe, errno: 116
#0  0x1476b5b7dd06
#1  0x1476b5b7cd75
#2  0x1476b5654daf
#3  0x1476b56a154c
#4  0x1476b5654d05
#5  0x1476b56287f2
#6  0x1476b562912f
#7  0x1476b56ab616
#8  0x1476b56ae5eb
#9  0x1476b56af428
#10  0x1476b63f03ed
#11  0x1476b63f9c87
#12  0x1476b54b0cb9
#13  0x1476b54a60ee
#14  0x1476b63f8259
#15  0x1476b63faeab
#16  0x1476b63fc424
#17  0x1476b63f47b0
#18  0x1476b5eba8c8
#19  0x3b168bf
#20  0x169d274
#21  0x6b177c
#22  0x5e600c
#23  0x1476b563feaf
#24  0x1476b563ff5f
#25  0x6b10a4
#26  0xffffffffffffffff

Could not print backtrace: /proc/self/exe, errno: 116
#0  0x1483a2b27d06
#1  0x1483a2b26d75
#2  0x1483a2654daf
#3  0x1483a26a154c
#4  0x1483a2654d05
#5  0x1483a26287f2
#6  0x1483a262912f
#7  0x1483a26ab616
#8  0x1483a26ae5eb
#9  0x1483a26af428
#10  0x1483a339a3ed
#11  0x1483a33a3c87
#12  0x1483a24b0cb9
#13  0x1483a24a60ee
#14  0x1483a33a2259
#15  0x1483a33a4eab
#16  0x1483a33a6424
#17  0x1483a339e7b0
#18  0x1483a2e648c8
#19  0x3b168bf
#20  0x169d274
#21  0x6b177c
#22  0x5e600c
#23  0x1483a263feaf
#24  0x1483a263ff5f
#25  0x6b10a4
#26  0xffffffffffffffff

Could not print backtrace: /proc/self/exe, errno: 116
#0  0x145e9a6d9d06
#1  0x145e9a6d8d75
#2  0x145e9a254daf
#3  0x145e9a2a154c
#4  0x145e9a254d05
#5  0x145e9a2287f2
#6  0x145e9a22912f
#7  0x145e9a2ab616
#8  0x145e9a2ae5eb
#9  0x145e9a2af428
#10  0x145e9af4c3ed
#11  0x145e9af55c87
#12  0x145e9a0b0cb9
#13  0x145e9a0a60ee
#14  0x145e9af54259
#15  0x145e9af56eab
#16  0x145e9af58424
#17  0x145e9af507b0
#18  0x145e9aa168c8
#19  0x3b168bf
#20  0x169d274
#21  0x6b177c
#22  0x5e600c
#23  0x145e9a23feaf
#24  0x145e9a23ff5f
#25  0x6b10a4
#26  0xffffffffffffffff
srun: error: lcn1504: task 172: Aborted (core dumped)
srun: Terminating StepId=361403.0
slurmstepd: error:  mpi/pmix_v3: _errhandler: lcn1504 [7]: pmixp_client_v2.c:211: Error handler invoked: status = -25, source = [slurm.pmix.361403.0:172]
slurmstepd: error: *** STEP 361403.0 ON lcn1321 CANCELLED AT 2025-11-24T18:37:37 ***
srun: Job step aborted: Waiting up to 32 seconds for job step to finish.
srun: error: lcn1321: task 19: Aborted (core dumped)
srun: error: lcn1504: tasks 179,187: Aborted (core dumped)
srun: error: lcn1504: task 170: Aborted (core dumped)
srun: error: lcn1504: task 169: Aborted (core dumped)
slurmstepd: error:  mpi/pmix_v3: _errhandler: lcn1321 [0]: pmixp_client_v2.c:211: Error handler invoked: status = -25, source = [slurm.pmix.361403.0:19]
slurmstepd: error:  mpi/pmix_v3: _errhandler: lcn1504 [7]: pmixp_client_v2.c:211: Error handler invoked: status = -25, source = [slurm.pmix.361403.0:179]
srun: error: lcn1321: task 0: Aborted (core dumped)
srun: error: lcn1324: tasks 77,81: Aborted (core dumped)
slurmstepd: error:  mpi/pmix_v3: _errhandler: lcn1324 [3]: pmixp_client_v2.c:211: Error handler invoked: status = -25, source = [slurm.pmix.361403.0:77]
srun: error: lcn1322: tasks 28-31: Terminated
srun: error: lcn1501: task 111: Terminated
srun: error: lcn1506: tasks 220,222-225,228,230,234-237: Terminated
srun: error: lcn1505: tasks 205,207: Terminated
srun: error: lcn1502: tasks 123-124,126-128,130,134-135,137-139: Terminated
srun: error: lcn1503: tasks 148-149,151: Terminated
srun: error: lcn1501: tasks 100-102,105-107,109-110,113-114,117-118: Terminated
srun: error: lcn1324: tasks 84-85,87: Terminated
srun: error: lcn1321: tasks 3,6: Terminated
srun: error: lcn1502: task 125: Terminated
srun: error: lcn1506: tasks 217-219: Terminated
srun: error: lcn1502: task 140: Terminated
srun: error: lcn1501: tasks 97-99: Terminated
srun: error: lcn1321: tasks 2,4-5,7-18,21: Terminated
srun: error: lcn1322: tasks 26-27,32,34,36,38-39,44-45,47: Terminated
srun: error: lcn1321: task 22: Terminated
srun: error: lcn1503: tasks 147,154-155,158,161,163-164: Terminated
srun: error: lcn1505: tasks 195,198-203,210,212-214: Terminated
srun: error: lcn1321: task 1: Aborted (core dumped)
srun: error: lcn1324: task 83: Terminated
srun: error: lcn1503: tasks 153,156-157,166-167: Terminated
srun: error: lcn1505: tasks 193-194,197,209,211: Terminated
srun: error: lcn1323: tasks 54,57: Terminated
srun: error: lcn1321: task 23: Aborted (core dumped)
srun: error: lcn1504: tasks 171,173,176-178,180-181,183,189: Killed
srun: error: lcn1324: tasks 73,80,82: Terminated
srun: error: lcn1504: tasks 174-175,182,184-186,188,190-191: Killed
srun: error: lcn1504: task 168: Killed
srun: error: lcn1323: tasks 49-51,53,60-63,66-68,71: Terminated
slurmstepd: error:  mpi/pmix_v3: _errhandler: lcn1502 [5]: pmixp_client_v2.c:211: Error handler invoked: status = -25, source = [slurm.pmix.361403.0:139]
srun: error: lcn1324: tasks 75-76,78-79,88-95: Terminated
srun: error: lcn1324: task 86: Aborted (core dumped)
slurmstepd: error:  mpi/pmix_v3: _errhandler: lcn1501 [4]: pmixp_client_v2.c:211: Error handler invoked: status = -25, source = [slurm.pmix.361403.0:111]
srun: error: lcn1323: tasks 64,70: Terminated
slurmstepd: error:  mpi/pmix_v3: _errhandler: lcn1506 [9]: pmixp_client_v2.c:211: Error handler invoked: status = -25, source = [slurm.pmix.361403.0:237]
slurmstepd: error:  mpi/pmix_v3: _errhandler: lcn1322 [1]: pmixp_client_v2.c:211: Error handler invoked: status = -25, source = [slurm.pmix.361403.0:30]
slurmstepd: error:  mpi/pmix_v3: _errhandler: lcn1321 [0]: pmixp_client_v2.c:211: Error handler invoked: status = -25, source = [slurm.pmix.361403.0:3]
slurmstepd: error:  mpi/pmix_v3: _errhandler: lcn1503 [6]: pmixp_client_v2.c:211: Error handler invoked: status = -25, source = [slurm.pmix.361403.0:148]
slurmstepd: error:  mpi/pmix_v3: _errhandler: lcn1505 [8]: pmixp_client_v2.c:211: Error handler invoked: status = -25, source = [slurm.pmix.361403.0:205]
srun: error: lcn1324: task 72: Aborted (core dumped)
srun: error: lcn1321: task 20: Aborted (core dumped)
slurmstepd: error:  mpi/pmix_v3: _errhandler: lcn1323 [2]: pmixp_client_v2.c:211: Error handler invoked: status = -25, source = [slurm.pmix.361403.0:54]
slurmstepd: error:  mpi/pmix_v3: _errhandler: lcn1324 [3]: pmixp_client_v2.c:211: Error handler invoked: status = -25, source = [slurm.pmix.361403.0:87]
srun: error: lcn1324: task 74: Aborted (core dumped)
srun: error: lcn1505: task 215: Aborted (core dumped)
srun: error: lcn1505: task 204: Aborted (core dumped)
srun: error: lcn1505: task 206: Aborted (core dumped)
srun: error: lcn1505: task 208: Aborted (core dumped)
srun: error: lcn1505: task 196: Aborted (core dumped)
srun: error: lcn1505: task 192: Aborted (core dumped)
srun: error: lcn1323: task 59: Aborted (core dumped)
slurmstepd: error:  mpi/pmix_v3: _errhandler: lcn1323 [2]: pmixp_client_v2.c:211: Error handler invoked: status = -25, source = [slurm.pmix.361403.0:59]
srun: error: lcn1501: task 112: Aborted (core dumped)
srun: error: lcn1323: task 55: Aborted (core dumped)
srun: error: lcn1323: task 52: Aborted (core dumped)
srun: error: lcn1501: task 103: Aborted (core dumped)
srun: error: lcn1323: task 65: Aborted (core dumped)
slurmstepd: error:  mpi/pmix_v3: _errhandler: lcn1501 [4]: pmixp_client_v2.c:211: Error handler invoked: status = -25, source = [slurm.pmix.361403.0:112]
srun: error: lcn1323: tasks 56,58,69: Aborted (core dumped)
srun: error: lcn1501: task 96: Aborted (core dumped)
srun: error: lcn1323: task 48: Aborted (core dumped)
srun: error: lcn1501: task 116: Aborted (core dumped)
srun: error: lcn1501: task 108: Aborted (core dumped)
srun: error: lcn1501: tasks 115,119: Aborted (core dumped)
srun: error: lcn1501: task 104: Aborted (core dumped)
srun: error: lcn1503: task 145: Aborted (core dumped)
slurmstepd: error:  mpi/pmix_v3: _errhandler: lcn1503 [6]: pmixp_client_v2.c:211: Error handler invoked: status = -25, source = [slurm.pmix.361403.0:145]
srun: error: lcn1322: task 46: Aborted (core dumped)
srun: error: lcn1503: task 150: Aborted (core dumped)
srun: error: lcn1503: task 162: Aborted (core dumped)
srun: error: lcn1322: task 33: Aborted (core dumped)
srun: error: lcn1503: task 152: Aborted (core dumped)
srun: error: lcn1506: task 233: Aborted (core dumped)
srun: error: lcn1322: task 41: Aborted (core dumped)
srun: error: lcn1503: task 146: Aborted (core dumped)
srun: error: lcn1322: task 43: Aborted (core dumped)
srun: error: lcn1322: task 25: Aborted (core dumped)
srun: error: lcn1322: task 40: Aborted (core dumped)
srun: error: lcn1502: task 142: Aborted (core dumped)
slurmstepd: error:  mpi/pmix_v3: _errhandler: lcn1506 [9]: pmixp_client_v2.c:211: Error handler invoked: status = -25, source = [slurm.pmix.361403.0:233]
srun: error: lcn1322: task 37: Aborted (core dumped)
srun: error: lcn1503: task 160: Aborted (core dumped)
srun: error: lcn1503: task 159: Aborted (core dumped)
srun: error: lcn1502: task 121: Aborted (core dumped)
srun: error: lcn1322: tasks 24,35: Aborted (core dumped)
srun: error: lcn1322: task 42: Aborted (core dumped)
srun: error: lcn1502: tasks 120,122,131,136: Aborted (core dumped)
srun: error: lcn1506: task 239: Aborted (core dumped)
srun: error: lcn1503: task 144: Aborted (core dumped)
srun: error: lcn1503: task 165: Aborted (core dumped)
srun: error: lcn1502: task 132: Aborted (core dumped)
srun: error: lcn1502: task 129: Aborted (core dumped)
srun: error: lcn1502: task 133: Aborted (core dumped)
slurmstepd: error:  mpi/pmix_v3: _errhandler: lcn1506 [9]: pmixp_client_v2.c:211: Error handler invoked: status = -25, source = [slurm.pmix.361403.0:239]
srun: error: lcn1502: task 141: Aborted (core dumped)
srun: error: lcn1502: task 143: Aborted (core dumped)
srun: error: lcn1506: task 227: Aborted (core dumped)
srun: error: lcn1506: tasks 229,238: Aborted (core dumped)
srun: error: lcn1506: task 231: Aborted (core dumped)
srun: error: lcn1506: tasks 221,226: Aborted (core dumped)
srun: error: lcn1506: task 232: Aborted (core dumped)
srun: error: lcn1506: task 216: Aborted (core dumped)
