Energy-E_F (eV)    DOS (1/eV)    PDOS (1/eV)  of atom type H  C  
     -4.99000   2189.12622    232.84452   1956.28170
     -4.98000   2262.11906    235.68692   2026.43215
     -4.97000   2432.95312    243.80342   2189.14970
     -4.96000   2757.59424    259.01726   2498.57697
     -4.95000   2853.59377    258.35710   2595.23667
     -4.94000   2247.38490    218.57360   2028.81130
     -4.93000   1673.78215    181.08943   1492.69272
     -4.92000   1674.03214    170.52743   1503.50471
     -4.91000   1833.95470    169.79685   1664.15784
     -4.90000   1828.24569    169.18925   1659.05644
     -4.89000   1757.68123    168.27377   1589.40746
     -4.88000   1713.56388    167.53460   1546.02928
     -4.87000   1689.10803    166.94194   1522.16609
     -4.86000   1673.02759    166.43365   1506.59394
     -4.85000   1661.23458    165.98610   1495.24848
     -4.84000   1652.05392    165.58836   1486.46556
     -4.83000   1644.63611    165.23415   1479.40196
     -4.82000   1638.49437    164.91946   1473.57491
     -4.81000   1633.32586    164.64114   1468.68472
     -4.80000   1628.93148    164.39701   1464.53447
     -4.79000   1625.17266    164.18504   1460.98762
     -4.78000   1621.95283    164.00414   1457.94868
     -4.77000   1619.20007    163.85281   1455.34726
     -4.76000   1616.86024    163.73041   1453.12983
     -4.75000   1614.89033    163.63551   1451.25481
     -4.74000   1613.25973    163.56793   1449.69180
     -4.73000   1611.94270    163.52692   1448.41578
     -4.72000   1610.92104    163.51241   1447.40863
     -4.71000   1610.17676    163.52357   1446.65319
     -4.70000   1609.69897    163.56050   1446.13848
     -4.69000   1609.47680    163.62280   1445.85400
     -4.68000   1609.50415    163.71057   1445.79357
     -4.67000   1609.77370    163.82362   1445.95008
     -4.66000   1610.28328    163.96224   1446.32104
     -4.65000   1611.02934    164.12635   1446.90299
     -4.64000   1612.01071    164.31622   1447.69448
     -4.63000   1613.22728    164.53211   1448.69517
     -4.62000   1614.68034    164.77433   1449.90601
     -4.61000   1616.37211    165.04343   1451.32868
     -4.60000   1618.30485    165.33968   1452.96517
     -4.59000   1620.48424    165.66382   1454.82042
     -4.58000   1622.91311    166.01631   1456.89680
     -4.57000   1625.65611    166.40996   1459.24615
     -4.56000   1631.13948    167.35799   1463.78150
     -4.55000   1677.52997    176.93167   1500.59830
     -4.54000   1952.59656    234.75431   1717.84224
     -4.53000   2553.05757    360.75224   2192.30533
     -4.52000   2891.60236    430.17034   2461.43202
     -4.51000   2721.88668    391.66649   2330.22019
     -4.50000   2499.81391    342.53797   2157.27594
     -4.49000   2381.19352    315.70983   2065.48369
     -4.48000   2316.24351    300.44707   2015.79643
     -4.47000   2275.00968    290.31491   1984.69478
     -4.46000   2246.87978    283.02095   1963.85883
     -4.45000   2227.12638    277.53671   1949.58967
     -4.44000   2213.21755    273.30615   1939.91140
     -4.43000   2203.64825    269.99524   1933.65301
     -4.42000   2197.46686    267.38978   1930.07708
     -4.41000   2194.04555    265.34511   1928.70044
     -4.40000   2192.96160    263.76075   1929.20085
     -4.39000   2193.92396    262.56454   1931.35942
     -4.38000   2196.73876    261.70428   1935.03448
     -4.37000   2201.28020    261.14170   1940.13851
     -4.36000   2207.47633    260.84909   1946.62723
     -4.35000   2215.30155    260.80699   1954.49456
     -4.34000   2224.76771    261.00196   1963.76575
     -4.33000   2235.92516    261.42651   1974.49865
     -4.32000   2248.86055    262.07759   1986.78297
     -4.31000   2263.70336    262.95712   2000.74623
     -4.30000   2280.62555    264.07115   2016.55439
     -4.29000   2299.85712    265.43077   2034.42634
     -4.28000   2321.69619    267.05253   2054.64366
     -4.27000   2346.53082    268.95936   2077.57146
     -4.26000   2374.86745    271.18198   2103.68547
     -4.25000   2407.38043    273.76147   2133.61896
     -4.24000   2444.98421    276.75285   2168.23137
     -4.23000   2488.95840    280.23016   2208.72824
     -4.22000   2541.17082    284.29619   2256.87463
     -4.21000   2604.55130    289.10179   2315.44950
     -4.20000   2686.22194    295.09358   2391.12836
     -4.19000   2846.62752    307.79076   2538.83676
     -4.18000   3505.86327    368.07913   3137.78414
     -4.17000   5452.76405    550.42055   4902.34351
     -4.16000   7879.55172    754.87316   7124.67856
     -4.15000   9521.57220    821.86083   8699.71137
     -4.14000  10625.41007    836.46621   9788.94386
     -4.13000  10834.93952    875.74886   9959.19066
     -4.12000  11085.12698    966.99817  10118.12881
     -4.11000  10343.69623    935.63652   9408.05971
     -4.10000   6980.78356    624.37688   6356.40668
     -4.09000   4063.45575    348.64986   3714.80589
     -4.08000   3122.22484    265.86744   2856.35740
     -4.07000   2919.54394    254.84374   2664.70020
     -4.06000   2825.09550    253.19699   2571.89851
     -4.05000   2751.77084    252.57741   2499.19343
     -4.04000   2691.45334    252.47240   2438.98093
     -4.03000   2641.23434    252.80330   2388.43105
     -4.02000   2599.15499    253.52703   2345.62796
     -4.01000   2563.82594    254.61964   2309.20631
     -4.00000   2534.24097    256.07100   2278.16997
     -3.99000   2509.66684    257.88246   2251.78438
     -3.98000   2489.57349    260.06562   2229.50787
     -3.97000   2473.58580    262.64164   2210.94416
     -3.96000   2461.45806    265.64201   2195.81605
     -3.95000   2453.05611    269.11027   2183.94584
     -3.94000   2448.35182    273.10408   2175.24774
     -3.93000   2447.43178    277.69910   2169.73268
     -3.92000   2451.00465    283.00200   2168.00265
     -3.91000   2470.61321    289.31117   2181.30204
     -3.90000   2589.18312    298.03696   2291.14616
     -3.89000   2939.82256    311.41263   2628.40992
     -3.88000   3285.30626    326.22840   2959.07786
     -3.87000   3296.35375    338.00658   2958.34717
     -3.86000   3190.36348    350.67685   2839.68664
     -3.85000   3157.66698    368.24074   2789.42624
     -3.84000   3192.13460    392.69271   2799.44189
     -3.83000   3286.14755    428.33873   2857.80882
     -3.82000   3478.84917    488.02995   2990.81922
     -3.81000   3876.89308    601.42764   3275.46544
     -3.80000   4341.07539    731.61944   3609.45595
     -3.79000   3971.84516    636.88942   3334.95574
     -3.78000   2795.99363    324.39877   2471.59486
     -3.77000   2099.97769    140.19419   1959.78351
     -3.76000   1954.22902    103.41729   1850.81173
     -3.75000   1935.65456    100.38868   1835.26587
     -3.74000   1928.42503     99.98330   1828.44174
     -3.73000   1923.29881     99.70955   1823.58926
     -3.72000   1920.10535     99.49242   1820.61293
     -3.71000   1919.06364     99.33437   1819.72927
     -3.70000   1920.54992     99.24293   1821.30699
     -3.69000   1925.16505     99.23137   1825.93368
     -3.68000   1933.86611     99.32122   1834.54489
     -3.67000   1948.22576     99.54818   1848.67757
     -3.66000   1970.97985     99.97413   1871.00572
     -3.65000   2007.40002    100.71824   1906.68178
     -3.64000   2069.73319    102.05614   1967.67706
     -3.63000   2194.08143    104.79656   2089.28487
     -3.62000   2444.87888    110.37877   2334.50011
     -3.61000   2636.39442    114.65394   2521.74049
     -3.60000   2185.76674    104.60859   2081.15815
     -3.59000   1392.15560     86.90018   1305.25542
     -3.58000   1026.03204     78.70825    947.32379
     -3.57000    967.56930     77.37283    890.19647
     -3.56000    965.07328     77.28904    887.78423
     -3.55000    966.16937     77.29044    888.87893
     -3.54000    967.46140     77.30139    890.16001
     -3.53000    968.86674     77.32010    891.54664
     -3.52000    970.38509     77.34662    893.03846
     -3.51000    972.02160     77.38107    894.64053
     -3.50000    974.30306     77.43333    896.86974
     -3.49000    990.92615     77.75838    913.16777
     -3.48000   1143.42064     80.62047   1062.80017
     -3.47000   1704.78569     91.11861   1613.66708
     -3.46000   2386.78380    103.92384   2282.85996
     -3.45000   2473.20580    105.68981   2367.51599
     -3.44000   2222.53594    101.16614   2121.36980
     -3.43000   2050.30576     98.07250   1952.23326
     -3.42000   1963.39484     96.55128   1866.84356
     -3.41000   1912.36556     95.69179   1816.67377
     -3.40000   1878.41933     95.14853   1783.27080
     -3.39000   1854.30335     94.78905   1759.51430
     -3.38000   1836.48045     94.54909   1741.93136
     -3.37000   1822.97112     94.39301   1728.57811
     -3.36000   1812.57432     94.29937   1718.27495
     -3.35000   1804.51460     94.25444   1710.26016
     -3.34000   1798.26960     94.24913   1704.02047
     -3.33000   1793.47727     94.27723   1699.20004
     -3.32000   1789.87591     94.33430   1695.54161
     -3.31000   1787.27392     94.41715   1692.85677
     -3.30000   1785.53193     94.52361   1691.00832
     -3.29000   1784.54688     94.65233   1689.89455
     -3.28000   1784.23424     94.80195   1689.43229
     -3.27000   1784.53238     94.97167   1689.56071
     -3.26000   1785.39486     95.16104   1690.23382
     -3.25000   1786.78762     95.36982   1691.41780
     -3.24000   1788.68470     95.59791   1693.08679
     -3.23000   1791.06683     95.84537   1695.22146
     -3.22000   1793.92297     96.11246   1697.81051
     -3.21000   1797.24542     96.39942   1700.84600
     -3.20000   1801.03288     96.70674   1704.32613
     -3.19000   1805.28706     97.03497   1708.25210
     -3.18000   1810.01369     97.38474   1712.62895
     -3.17000   1815.22281     97.75685   1717.46595
     -3.16000   1820.92835     98.15216   1722.77619
     -3.15000   1827.14689     98.57172   1728.57517
     -3.14000   1833.89866     99.01655   1734.88210
     -3.13000   1841.20787     99.48794   1741.71993
     -3.12000   1849.10408     99.98728   1749.11680
     -3.11000   1857.62143    100.51624   1757.10519
     -3.10000   1866.79682    101.07646   1765.72035
     -3.09000   1876.67466    101.66993   1775.00473
     -3.08000   1887.30580    102.29885   1785.00695
     -3.07000   1898.74919    102.96577   1795.78341
     -3.06000   1911.06911    103.67337   1807.39574
     -3.05000   1924.34300    104.42482   1819.91817
     -3.04000   1938.65976    105.22384   1833.43592
     -3.03000   1954.12168    106.07443   1848.04725
     -3.02000   1970.84554    106.98128   1863.86426
     -3.01000   1988.97233    107.94980   1881.02252
     -3.00000   2008.66866    108.98660   1899.68206
     -2.99000   2030.12879    110.09901   1920.02978
     -2.98000   2053.58533    111.29579   1942.28955
     -2.97000   2079.32046    112.58740   1966.73306
     -2.96000   2107.68625    113.98692   1993.69933
     -2.95000   2139.11229    115.50994   2023.60236
     -2.94000   2174.14262    117.17614   2056.96648
     -2.93000   2213.47304    119.01034   2094.46270
     -2.92000   2258.01229    121.04459   2136.96770
     -2.91000   2308.97932    123.32167   2185.65765
     -2.90000   2368.05567    125.89978   2242.15588
     -2.89000   2437.65419    128.86186   2308.79233
     -2.88000   2521.39805    132.33113   2389.06692
     -2.87000   2625.13378    136.50473   2488.62905
     -2.86000   2759.38459    141.73300   2617.65159
     -2.85000   2947.39529    148.77788   2798.61742
     -2.84000   3246.01781    159.48376   3086.53405
     -2.83000   3693.69851    175.23447   3518.46405
     -2.82000   4070.03084    189.65604   3880.37480
     -2.81000   4226.67177    198.29891   4028.37286
     -2.80000   3971.91215    191.57730   3780.33485
     -2.79000   2712.64871    147.46437   2565.18434
     -2.78000   1527.04094    105.94367   1421.09728
     -2.77000   1173.93307     94.56290   1079.37017
     -2.76000   1147.16064     95.04506   1052.11558
     -2.75000   1160.26249     97.08249   1063.18000
     -2.74000   1176.51552     99.37136   1077.14415
     -2.73000   1194.50015    101.88213   1092.61803
     -2.72000   1214.42327    104.64855   1109.77471
     -2.71000   1236.59297    107.71457   1128.87839
     -2.70000   1261.40299    111.13530   1150.26769
     -2.69000   1289.36806    114.98183   1174.38623
     -2.68000   1321.16520    119.34730   1201.81790
     -2.67000   1357.70723    124.35671   1233.35052
     -2.66000   1400.25427    130.18252   1270.07175
     -2.65000   1450.60485    137.07050   1313.53434
     -2.64000   1511.43826    145.38681   1366.05145
     -2.63000   1586.98138    155.70863   1431.27275
     -2.62000   1684.44707    169.02112   1515.42595
     -2.61000   1817.82063    187.23415   1630.58648
     -2.60000   2021.40482    215.03244   1806.37238
     -2.59000   2393.46072    265.83549   2127.62523
     -2.58000   3009.65724    349.97727   2659.67997
     -2.57000   3192.38059    374.91607   2817.46452
     -2.56000   2096.37510    225.21343   1871.16167
     -2.55000    911.96903     63.42803    848.54100
     -2.54000    532.77812     11.59865    521.17948
     -2.53000    490.03842      5.69234    484.34608
     -2.52000    492.34962      5.50136    486.84826
     -2.51000    544.00696      6.19624    537.81072
     -2.50000    820.36807      9.92726    810.44081
     -2.49000   1335.25601     16.93466   1318.32135
     -2.48000   1549.72606     20.01342   1529.71264
     -2.47000   1376.60497     17.90191   1358.70306
     -2.46000   1200.61810     15.69820   1184.91990
     -2.45000   1107.62677     14.56722   1093.05956
     -2.44000   1053.94005     13.94115   1039.99890
     -2.43000   1017.88689     13.53756   1004.34933
     -2.42000    991.65167     13.25573    978.39595
     -2.41000    971.62950     13.04979    958.57971
     -2.40000    955.84979     12.89504    942.95474
     -2.39000    943.12166     12.77676    930.34490
     -2.38000    932.67792     12.68563    919.99230
     -2.37000    924.00021     12.61550    911.38471
     -2.36000    916.72490     12.56217    904.16274
     -2.35000    910.58923     12.52270    898.06653
     -2.34000    905.40218     12.49508    892.90711
     -2.33000    901.01917     12.47786    888.54131
     -2.32000    897.33199     12.47009    884.86190
     -2.31000    894.25863     12.47116    881.78747
     -2.30000    891.73984     12.48077    879.25907
     -2.29000    889.73270     12.49889    877.23382
     -2.28000    888.20648     12.52567    875.68081
     -2.27000    887.14549     12.56156    874.58393
     -2.26000    886.54361     12.60719    873.93642
     -2.25000    886.40902     12.66350    873.74552
     -2.24000    886.75879     12.73170    874.02709
     -2.23000    887.62602     12.81339    874.81263
     -2.22000    889.05975     12.91064    876.14911
     -2.21000    891.12875     13.02610    878.10266
     -2.20000    893.92639     13.16317    880.76322
     -2.19000    897.88414     13.33590    884.54824
     -2.18000    916.22263     13.96153    902.26110
     -2.17000   1151.65511     21.42957   1130.22554
     -2.16000   2580.38493     66.47851   2513.90642
     -2.15000   5647.03598    162.94417   5484.09181
     -2.14000   7281.07268    213.86114   7067.21153
     -2.13000   6326.32835    183.02377   6143.30458
     -2.12000   5168.10251    145.89420   5022.20831
     -2.11000   4572.15297    126.60238   4445.55059
     -2.10000   4280.93421    116.95867   4163.97555
     -2.09000   4163.71309    112.78045   4050.93264
     -2.08000   4233.84394    114.36431   4119.47963
     -2.07000   4629.64730    125.78944   4503.85785
     -2.06000   5134.27650    140.68361   4993.59289
     -2.05000   4311.86420    116.54551   4195.31869
     -2.04000   2166.98878     53.29094   2113.69784
     -2.03000    889.83382     15.57166    874.26216
     -2.02000    628.53289      7.83424    620.69865
     -2.01000    610.15137      7.27052    602.88085
     -2.00000    624.23630      7.66973    616.56657
     -1.99000    690.38195      9.62583    680.75612
     -1.98000    767.28827     11.90146    755.38681
     -1.97000    728.23219     10.65185    717.58034
     -1.96000    749.39904     10.25413    739.14490
     -1.95000   1453.13627     24.23476   1428.90151
     -1.94000   3286.87350     61.40339   3225.47012
     -1.93000   4638.78013     88.95103   4549.82910
     -1.92000   4395.77688     84.15539   4311.62149
     -1.91000   3836.05327     72.76179   3763.29148
     -1.90000   3570.10666     67.16371   3502.94295
     -1.89000   3477.71298     64.97890   3412.73407
     -1.88000   3470.69562     64.44267   3406.25295
     -1.87000   3525.52388     65.08056   3460.44332
     -1.86000   3643.24198     66.90158   3576.34040
     -1.85000   3845.32885     70.30735   3775.02150
     -1.84000   4199.04584     76.57175   4122.47408
     -1.83000   4901.56438     89.44104   4812.12334
     -1.82000   6044.84331    110.60955   5934.23375
     -1.81000   6190.41583    112.49993   6077.91589
     -1.80000   3923.48881     68.27043   3855.21839
     -1.79000   1689.21568     25.05728   1664.15840
     -1.78000    992.19854     11.58738    980.61116
     -1.77000    908.85415      9.96005    898.89409
     -1.76000    903.73592      9.83904    893.89688
     -1.75000    903.03342      9.79891    893.23451
     -1.74000    902.96623      9.76665    893.19959
     -1.73000    903.38263      9.73938    893.64325
     -1.72000    904.23331      9.71619    894.51713
     -1.71000    905.48507      9.69641    895.78866
     -1.70000    907.11652      9.67957    897.43695
     -1.69000    909.11257      9.66529    899.44728
     -1.68000    911.46741      9.65330    901.81411
     -1.67000    914.17767      9.64336    904.53430
     -1.66000    917.24682      9.63533    907.61149
     -1.65000    920.68487      9.62909    911.05578
     -1.64000    924.50324      9.62456    914.87868
     -1.63000    928.72081      9.62169    919.09912
     -1.62000    933.36014      9.62047    923.73967
     -1.61000    938.45071      9.62090    928.82980
     -1.60000    944.02810      9.62304    934.40506
     -1.59000    950.13530      9.62695    940.50834
     -1.58000    956.82358      9.63274    947.19084
     -1.57000    964.15553      9.64053    954.51499
     -1.56000    972.20675      9.65052    962.55623
     -1.55000    981.06707      9.66291    971.40415
     -1.54000    990.84758      9.67800    981.16958
     -1.53000   1001.68463      9.69613    991.98850
     -1.52000   1013.74771      9.71775   1004.02997
     -1.51000   1027.24865      9.74342   1017.50523
     -1.50000   1042.45862      9.77387   1032.68475
     -1.49000   1059.73004      9.81006   1049.91998
     -1.48000   1079.52926      9.85324   1069.67603
     -1.47000   1102.49177      9.90514   1092.58663
     -1.46000   1129.50574      9.96818   1119.53756
     -1.45000   1161.86609     10.04589   1151.82020
     -1.44000   1201.55212     10.14368   1191.40844
     -1.43000   1251.79758     10.27041   1241.52717
     -1.42000   1318.42708     10.44208   1307.98500
     -1.41000   1413.88289     10.69289   1403.19001
     -1.40000   1572.69017     11.11797   1561.57219
     -1.39000   1870.43774     11.92557   1858.51217
     -1.38000   2196.03538     12.80643   2183.22895
     -1.37000   1923.94537     12.03157   1911.91380
     -1.36000   1117.23910      9.78590   1107.45320
     -1.35000    658.36332      8.51423    649.84909
     -1.34000    569.58404      8.27050    561.31354
     -1.33000    562.90924      8.25376    554.65548
     -1.32000    562.49642      8.25387    554.24255
     -1.31000    562.37895      8.25455    554.12440
     -1.30000    562.34418      8.25536    554.08883
     -1.29000    562.36908      8.25630    554.11278
     -1.28000    562.44133      8.25741    554.18392
     -1.27000    562.55289      8.25869    554.29419
     -1.26000    562.70061      8.26020    554.44041
     -1.25000    562.88030      8.26193    554.61837
     -1.24000    563.08954      8.26390    554.82564
     -1.23000    563.32720      8.26613    555.06107
     -1.22000    563.59202      8.26863    555.32339
     -1.21000    563.88429      8.27144    555.61285
     -1.20000    564.20237      8.27454    555.92782
     -1.19000    564.54579      8.27796    556.26783
     -1.18000    564.91484      8.28171    556.63313
     -1.17000    565.30945      8.28581    557.02364
     -1.16000    565.72943      8.29025    557.43917
     -1.15000    566.17489      8.29507    557.87981
     -1.14000    566.64611      8.30027    558.34583
     -1.13000    567.14316      8.30587    558.83729
     -1.12000    567.66668      8.31188    559.35480
     -1.11000    568.21598      8.31830    559.89768
     -1.10000    568.79250      8.32516    560.46734
     -1.09000    569.39639      8.33247    561.06392
     -1.08000    570.02746      8.34023    561.68723
     -1.07000    570.68716      8.34848    562.33869
     -1.06000    571.37558      8.35722    563.01836
     -1.05000    572.09303      8.36645    563.72658
     -1.04000    572.84067      8.37622    564.46445
     -1.03000    573.61868      8.38651    565.23218
     -1.02000    574.42797      8.39735    566.03061
     -1.01000    575.26983      8.40877    566.86105
     -1.00000    576.14395      8.42077    567.72318
     -0.99000    577.05233      8.43337    568.61896
     -0.98000    577.99544      8.44660    569.54884
     -0.97000    578.97348      8.46045    570.51303
     -0.96000    579.98859      8.47497    571.51362
     -0.95000    581.04201      8.49018    572.55183
     -0.94000    582.13354      8.50607    573.62747
     -0.93000    583.26548      8.52269    574.74279
     -0.92000    584.43880      8.54005    575.89875
     -0.91000    585.65487      8.55818    577.09670
     -0.90000    586.91544      8.57710    578.33834
     -0.89000    588.22121      8.59683    579.62438
     -0.88000    589.57449      8.61740    580.95709
     -0.87000    590.97731      8.63885    582.33845
     -0.86000    592.43082      8.66120    583.76962
     -0.85000    593.93690      8.68447    585.25243
     -0.84000    595.49798      8.70870    586.78928
     -0.83000    597.11612      8.73392    588.38220
     -0.82000    598.79337      8.76016    590.03321
     -0.81000    600.53281      8.78747    591.74533
     -0.80000    602.33668      8.81589    593.52079
     -0.79000    604.20770      8.84543    595.36227
     -0.78000    606.14884      8.87617    597.27267
     -0.77000    608.16361      8.90812    599.25549
     -0.76000    610.25569      8.94136    601.31433
     -0.75000    612.42778      8.97591    603.45187
     -0.74000    614.68485      9.01184    605.67301
     -0.73000    617.03103      9.04921    607.98182
     -0.72000    619.47015      9.08806    610.38209
     -0.71000    622.00784      9.12847    612.87938
     -0.70000    624.64852      9.17048    615.47804
     -0.69000    627.39840      9.21419    618.18421
     -0.68000    630.26465      9.25967    621.00498
     -0.67000    633.25294      9.30700    623.94595
     -0.66000    636.37067      9.35625    627.01441
     -0.65000    639.62570      9.40753    630.21817
     -0.64000    643.02782      9.46095    633.56687
     -0.63000    646.58511      9.51660    637.06851
     -0.62000    650.30928      9.57460    640.73469
     -0.61000    654.21093      9.63508    644.57585
     -0.60000    658.30351      9.69818    648.60533
     -0.59000    662.60101      9.76405    652.83696
     -0.58000    667.11865      9.83286    657.28579
     -0.57000    671.87454      9.90478    661.96976
     -0.56000    676.88768      9.98002    666.90767
     -0.55000    682.18062     10.05879    672.12182
     -0.54000    687.77735     10.14134    677.63601
     -0.53000    693.70690     10.22795    683.47895
     -0.52000    700.00063     10.31892    689.68171
     -0.51000    706.69500     10.41459    696.28041
     -0.50000    713.83374     10.51537    703.31837
     -0.49000    721.46415     10.62168    710.84247
     -0.48000    729.64444     10.73405    718.91039
     -0.47000    738.44156     10.85307    727.58849
     -0.46000    747.93572     10.97943    736.95629
     -0.45000    758.22344     11.11396    747.10947
     -0.44000    769.42079     11.25764    758.16314
     -0.43000    781.67067     11.41165    770.25901
     -0.42000    795.15051     11.57744    783.57307
     -0.41000    810.08546     11.75683    798.32862
     -0.40000    826.76414     11.95211    814.81202
     -0.39000    845.56601     12.16627    833.39973
     -0.38000    867.00256     12.40329    854.59927
     -0.37000    891.78391     12.66864    879.11527
     -0.36000    920.93369     12.97013    907.96356
     -0.35000    955.99794     13.31948    942.67846
     -0.34000    999.46655     13.73546    985.73108
     -0.33000   1055.72552     14.25097   1041.47455
     -0.32000   1133.79308     14.93344   1118.85964
     -0.31000   1257.63989     15.96185   1241.67803
     -0.30000   1486.96958     17.78148   1469.18811
     -0.29000   1786.73139     20.12728   1766.60411
     -0.28000   1678.04126     19.41963   1658.62163
     -0.27000   1024.01330     14.64985   1009.36344
     -0.26000    568.50860     11.38985    557.11876
     -0.25000    468.81172     10.80827    458.00345
     -0.24000    466.52557     10.96690    455.55867
     -0.23000    473.26956     11.20451    462.06505
     -0.22000    480.81631     11.46069    469.35561
     -0.21000    488.96168     11.73537    477.22631
     -0.20000    497.77906     12.03078    485.74828
     -0.19000    507.35931     12.34958    495.00973
     -0.18000    517.81109     12.69499    505.11609
     -0.17000    529.26479     13.07084    516.19395
     -0.16000    541.88087     13.48181    528.39905
     -0.15000    555.85668     13.93368    541.92300
     -0.14000    571.44006     14.43367    557.00639
     -0.13000    588.94604     14.99094    573.95510
     -0.12000    608.78355     15.61735    593.16620
     -0.11000    631.49352     16.32853    615.16499
     -0.10000    657.81062     17.14570    640.66492
     -0.09000    688.76413     18.09849    670.66564
     -0.08000    725.84872     19.22983    706.61890
     -0.07000    771.34853     20.60518    750.74335
     -0.06000    828.98444     22.33093    806.65350
     -0.05000    905.43430     24.59757    880.83673
     -0.04000   1014.87796     27.80854    987.06942
     -0.03000   1196.78192     33.08367   1163.69825
     -0.02000   1543.16980     43.03075   1500.13905
     -0.01000   1947.88773     54.65585   1893.23188
      0.00000   1666.55114     46.90213   1619.64902
      0.01000    700.41073     19.73641    680.67432
      0.02000    123.77780      3.48977    120.28802
      0.03000      8.61811      0.24304      8.37506
      0.04000      0.22906      0.00646      0.22259
      0.05000      0.00030      0.00001      0.00029
      0.06000      0.00000      0.00000      0.00000
      0.07000      0.00000      0.00000      0.00000
      0.08000      0.00000      0.00000      0.00000
      0.09000      0.00000      0.00000      0.00000
      0.10000      0.00000      0.00000      0.00000
      0.11000      0.00000      0.00000      0.00000
      0.12000      0.00000      0.00000      0.00000
      0.13000      0.00000      0.00000      0.00000
      0.14000      0.00000      0.00000      0.00000
      0.15000      0.00000      0.00000      0.00000
      0.16000      0.00000      0.00000      0.00000
      0.17000      0.00000      0.00000      0.00000
      0.18000      0.00000      0.00000      0.00000
      0.19000      0.00000      0.00000      0.00000
      0.20000      0.00000      0.00000      0.00000
      0.21000      0.00000      0.00000      0.00000
      0.22000      0.00000      0.00000      0.00000
      0.23000      0.00000      0.00000      0.00000
      0.24000      0.00000      0.00000      0.00000
      0.25000      0.00000      0.00000      0.00000
      0.26000      0.00000      0.00000      0.00000
      0.27000      0.00000      0.00000      0.00000
      0.28000      0.00000      0.00000      0.00000
      0.29000      0.00000      0.00000      0.00000
      0.30000      0.00000      0.00000      0.00000
      0.31000      0.00000      0.00000      0.00000
      0.32000      0.00000      0.00000      0.00000
      0.33000      0.00000      0.00000      0.00000
      0.34000      0.00000      0.00000      0.00000
      0.35000      0.00000      0.00000      0.00000
      0.36000      0.00000      0.00000      0.00000
      0.37000      0.00000      0.00000      0.00000
      0.38000      0.00000      0.00000      0.00000
      0.39000      0.00000      0.00000      0.00000
      0.40000      0.00000      0.00000      0.00000
      0.41000      0.00000      0.00000      0.00000
      0.42000      0.00000      0.00000      0.00000
      0.43000      0.00000      0.00000      0.00000
      0.44000      0.00000      0.00000      0.00000
      0.45000      0.00000      0.00000      0.00000
      0.46000      0.00000      0.00000      0.00000
      0.47000      0.00000      0.00000      0.00000
      0.48000      0.00000      0.00000      0.00000
      0.49000      0.00000      0.00000      0.00000
      0.50000      0.00000      0.00000      0.00000
      0.51000      0.00000      0.00000      0.00000
      0.52000      0.00000      0.00000      0.00000
      0.53000      0.00000      0.00000      0.00000
      0.54000      0.00000      0.00000      0.00000
      0.55000      0.00000      0.00000      0.00000
      0.56000      0.00000      0.00000      0.00000
      0.57000      0.00000      0.00000      0.00000
      0.58000      0.00000      0.00000      0.00000
      0.59000      0.00000      0.00000      0.00000
      0.60000      0.00000      0.00000      0.00000
      0.61000      0.00000      0.00000      0.00000
      0.62000      0.00000      0.00000      0.00000
      0.63000      0.00000      0.00000      0.00000
      0.64000      0.00000      0.00000      0.00000
      0.65000      0.00000      0.00000      0.00000
      0.66000      0.00000      0.00000      0.00000
      0.67000      0.00000      0.00000      0.00000
      0.68000      0.00000      0.00000      0.00000
      0.69000      0.00000      0.00000      0.00000
      0.70000      0.00000      0.00000      0.00000
      0.71000      0.00000      0.00000      0.00000
      0.72000      0.00000      0.00000      0.00000
      0.73000      0.00000      0.00000      0.00000
      0.74000      0.00000      0.00000      0.00000
      0.75000      0.00000      0.00000      0.00000
      0.76000      0.00000      0.00000      0.00000
      0.77000      0.00000      0.00000      0.00000
      0.78000      0.00000      0.00000      0.00000
      0.79000      0.00000      0.00000      0.00000
      0.80000      0.00000      0.00000      0.00000
      0.81000      0.00000      0.00000      0.00000
      0.82000      0.00000      0.00000      0.00000
      0.83000      0.00000      0.00000      0.00000
      0.84000      0.00000      0.00000      0.00000
      0.85000      0.00000      0.00000      0.00000
      0.86000      0.00000      0.00000      0.00000
      0.87000      0.00000      0.00000      0.00000
      0.88000      0.00000      0.00000      0.00000
      0.89000      0.00000      0.00000      0.00000
      0.90000      0.00000      0.00000      0.00000
      0.91000      0.00000      0.00000      0.00000
      0.92000      0.00000      0.00000      0.00000
      0.93000      0.00000      0.00000      0.00000
      0.94000      0.00000      0.00000      0.00000
      0.95000      0.00000      0.00000      0.00000
      0.96000      0.00000      0.00000      0.00000
      0.97000      0.00000      0.00000      0.00000
      0.98000      0.00000      0.00000      0.00000
      0.99000      0.00000      0.00000      0.00000
      1.00000      0.00000      0.00000      0.00000
      1.01000      0.00000      0.00000      0.00000
      1.02000      0.00000      0.00000      0.00000
      1.03000      0.00000      0.00000      0.00000
      1.04000      0.00000      0.00000      0.00000
      1.05000      0.00000      0.00000      0.00000
      1.06000      0.00000      0.00000      0.00000
      1.07000      0.00000      0.00000      0.00000
      1.08000      0.00000      0.00000      0.00000
      1.09000      0.00000      0.00000      0.00000
      1.10000      0.00000      0.00000      0.00000
      1.11000      0.00000      0.00000      0.00000
      1.12000      0.00000      0.00000      0.00000
      1.13000      0.00000      0.00000      0.00000
      1.14000      0.00000      0.00000      0.00000
      1.15000      0.00000      0.00000      0.00000
      1.16000      0.00000      0.00000      0.00000
      1.17000      0.00000      0.00000      0.00000
      1.18000      0.00000      0.00000      0.00000
      1.19000      0.00000      0.00000      0.00000
      1.20000      0.00000      0.00000      0.00000
      1.21000      0.00000      0.00000      0.00000
      1.22000      0.00000      0.00000      0.00000
      1.23000      0.00000      0.00000      0.00000
      1.24000      0.00000      0.00000      0.00000
      1.25000      0.00000      0.00000      0.00000
      1.26000      0.00000      0.00000      0.00000
      1.27000      0.00000      0.00000      0.00000
      1.28000      0.00000      0.00000      0.00000
      1.29000      0.00000      0.00000      0.00000
      1.30000      0.00000      0.00000      0.00000
      1.31000      0.00000      0.00000      0.00000
      1.32000      0.00000      0.00000      0.00000
      1.33000      0.00000      0.00000      0.00000
      1.34000      0.00000      0.00000      0.00000
      1.35000      0.00000      0.00000      0.00000
      1.36000      0.00000      0.00000      0.00000
      1.37000      0.00000      0.00000      0.00000
      1.38000      0.00000      0.00000      0.00000
      1.39000      0.00000      0.00000      0.00000
      1.40000      0.00000      0.00000      0.00000
      1.41000      0.00000      0.00000      0.00000
      1.42000      0.00000      0.00000      0.00000
      1.43000      0.00000      0.00000      0.00000
      1.44000      0.00000      0.00000      0.00000
      1.45000      0.00000      0.00000      0.00000
      1.46000      0.00000      0.00000      0.00000
      1.47000      0.00000      0.00000      0.00000
      1.48000      0.00000      0.00000      0.00000
      1.49000      0.00000      0.00000      0.00000
      1.50000      0.00000      0.00000      0.00000
      1.51000      0.00000      0.00000      0.00000
      1.52000      0.00773      0.00008      0.00764
      1.53000      0.66444      0.00716      0.65728
      1.54000     19.36182      0.20907     19.15275
      1.55000    217.57227      2.35832    215.21395
      1.56000    978.38728     10.67991    967.70736
      1.57000   1913.06127     21.18888   1891.87240
      1.58000   1974.01793     22.54889   1951.46903
      1.59000   1533.49818     18.45812   1515.04006
      1.60000   1226.77899     15.66292   1211.11608
      1.61000   1061.66084     14.30398   1047.35686
      1.62000    957.21604     13.54950    943.66654
      1.63000    882.55357     13.08389    869.46968
      1.64000    825.60067     12.78598    812.81469
      1.65000    780.32788     12.59623    767.73166
      1.66000    743.27005     12.48093    730.78912
      1.67000    712.25819     12.41929    699.83890
      1.68000    685.85139     12.39771    673.45368
      1.69000    663.04827     12.40683    650.64144
      1.70000    643.12699     12.44004    630.68695
      1.71000    625.55223     12.49246    613.05978
      1.72000    609.91853     12.56047    597.35806
      1.73000    595.91004     12.64129    583.26875
      1.74000    583.28730     12.73290    570.55441
      1.75000    572.45148     12.84426    559.60722
      1.76000    578.00906     13.23697    564.77209
      1.77000    722.35687     16.09240    706.26447
      1.78000   1247.18568     25.72269   1221.46299
      1.79000   1815.62125     36.14721   1779.47404
      1.80000   1790.99213     36.02629   1754.96584
      1.81000   1494.14762     31.04889   1463.09873
      1.82000   1297.64165     27.84198   1269.79967
      1.83000   1187.70286     26.16521   1161.53766
      1.84000   1114.96296     25.14290   1089.82006
      1.85000   1061.10945     24.45061   1036.65884
      1.86000   1018.76214     23.95789    994.80425
      1.87000    984.15348     23.59833    960.55515
      1.88000    955.08618     23.33335    931.75283
      1.89000    930.16739     23.13854    907.02885
      1.90000    908.46125     22.99759    885.46366
      1.91000    889.30947     22.89907    866.41040
      1.92000    872.23427     22.83471    849.39956
      1.93000    856.87583     22.79833    834.07750
      1.94000    842.95944     22.78522    820.17422
      1.95000    830.26908     22.79170    807.47738
      1.96000    818.63236     22.81484    795.81752
      1.97000    807.91102     22.85233    785.05869
      1.98000    797.99034     22.90223    775.08811
      1.99000    788.77520     22.96295    765.81225
      2.00000    780.18748     23.03320    757.15427
      2.01000    772.15882     23.11186    749.04696
      2.02000    764.63284     23.19798    741.43486
      2.03000    757.56004     23.29077    734.26926
      2.04000    750.89734     23.38953    727.50782
      2.05000    744.60762     23.49363    721.11399
      2.06000    738.65892     23.60258    715.05634
      2.07000    733.02196     23.71589    709.30607
      2.08000    727.67201     23.83318    703.83883
      2.09000    722.58605     23.95406    698.63199
      2.10000    717.74408     24.07822    693.66586
      2.11000    713.12802     24.20536    688.92266
      2.12000    708.72182     24.33524    684.38658
      2.13000    704.51032     24.46758    680.04274
      2.14000    700.48121     24.60220    675.87900
      2.15000    696.62158     24.73888    671.88270
      2.16000    692.92118     24.87746    668.04372
      2.17000    689.36940     25.01773    664.35167
      2.18000    685.95700     25.15955    660.79745
      2.19000    682.67653     25.30278    657.37375
      2.20000    679.51916     25.44725    654.07191
      2.21000    676.47851     25.59285    650.88566
      2.22000    673.54762     25.73941    647.80821
      2.23000    670.72049     25.88684    644.83365
      2.24000    667.99163     26.03500    641.95663
      2.25000    665.35545     26.18375    639.17170
      2.26000    662.80749     26.33298    636.47451
      2.27000    660.34277     26.48255    633.86023
      2.28000    657.95701     26.63233    631.32468
      2.29000    655.64603     26.78220    628.86384
      2.30000    653.40683     26.93203    626.47480
      2.31000    651.23483     27.08166    624.15317
      2.32000    649.12661     27.23096    621.89565
      2.33000    647.07956     27.37979    619.69978
      2.34000    645.09070     27.52800    617.56269
      2.35000    643.15669     27.67545    615.48124
      2.36000    641.27475     27.82195    613.45280
      2.37000    639.44255     27.96738    611.47517
      2.38000    637.65720     28.11156    609.54564
      2.39000    635.91669     28.25433    607.66235
      2.40000    634.21832     28.39554    605.82278
      2.41000    632.56024     28.53502    604.02522
      2.42000    630.93994     28.67263    602.26732
      2.43000    629.35532     28.80818    600.54714
      2.44000    627.80488     28.94159    598.86329
      2.45000    626.28763     29.07271    597.21491
      2.46000    624.80082     29.20142    595.59940
      2.47000    623.34331     29.32761    594.01570
      2.48000    621.91383     29.45119    592.46264
      2.49000    620.51105     29.57209    590.93896
      2.50000    619.13458     29.69027    589.44431
      2.51000    617.78378     29.80570    587.97808
      2.52000    616.45769     29.91833    586.53937
      2.53000    615.15687     30.02819    585.12868
      2.54000    613.88113     30.13526    583.74587
      2.55000    612.63135     30.23955    582.39179
      2.56000    611.41031     30.34115    581.06916
      2.57000    610.22050     30.44003    579.78047
      2.58000    609.06751     30.53624    578.53127
      2.59000    607.95960     30.62974    577.32986
      2.60000    606.91559     30.72050    576.19509
      2.61000    606.22895     30.80954    575.41941
      2.62000    614.15535     30.93344    583.22191
      2.63000    720.80784     31.49789    689.30995
      2.64000   1201.47035     33.74855   1167.72180
      2.65000   1914.74272     37.06309   1877.67963
      2.66000   2059.24688     37.83607   2021.41081
      2.67000   1744.44260     36.54872   1707.89389
      2.68000   1494.35797     35.55308   1458.80488
      2.69000   1359.14179     35.07335   1324.06843
      2.70000   1274.73198     34.82097   1239.91101
      2.71000   1214.45990     34.67595   1179.78396
      2.72000   1168.27092     34.59306   1133.67785
      2.73000   1131.28694     34.55043   1096.73651
      2.74000   1100.74569     34.53564   1066.21004
      2.75000   1074.93425     34.54103   1040.39322
      2.76000   1052.72143     34.56151   1018.15992
      2.77000   1033.32644     34.59363    998.73281
      2.78000   1016.18666     34.63486    981.55180
      2.79000   1000.88616     34.68333    966.20283
      2.80000    987.10984     34.73763    952.37220
      2.81000    974.61322     34.79667    939.81655
      2.82000    963.52039     34.88660    928.63379
      2.83000    965.00266     35.97484    929.02782
      2.84000   1125.54211     50.59058   1074.95153
      2.85000   2004.41627    126.51453   1877.90174
      2.86000   3566.33576    260.60941   3305.72635
      2.87000   4104.99748    306.96506   3798.03242
      2.88000   3480.23625    253.79311   3226.44313
      2.89000   2897.06702    204.23453   2692.83249
      2.90000   2579.65983    177.43198   2402.22785
      2.91000   2385.74680    161.19316   2224.55365
      2.92000   2248.71865    149.81182   2098.90683
      2.93000   2144.23613    141.20261   2003.03352
      2.94000   2060.83145    134.38309   1926.44835
      2.95000   1992.11379    128.80598   1863.30781
      2.96000   1934.15830    124.13546   1810.02284
      2.97000   1884.38834    120.15128   1764.23706
      2.98000   1841.02831    116.70177   1724.32654
      2.99000   1802.80650    113.67853   1689.12796
      3.00000   1768.78945    111.00203   1657.78742
      3.01000   1738.26812    108.61196   1629.65615
      3.02000   1710.69262    106.46161   1604.23101
      3.03000   1685.62736    104.51412   1581.11324
      3.04000   1662.72761    102.74022   1559.98739
      3.05000   1641.71091    101.11606   1540.59485
      3.06000   1622.34754     99.62216   1522.72539
      3.07000   1604.44463     98.24228   1506.20235
      3.08000   1587.84113     96.96283   1490.87831
      3.09000   1572.40260     95.77240   1476.63020
      3.10000   1558.01196     94.66113   1463.35083
      3.11000   1544.57060     93.62063   1450.94997
      3.12000   1531.99247     92.64361   1439.34886
      3.13000   1520.20350     91.72371   1428.47978
      3.14000   1509.13868     90.85539   1418.28329
      3.15000   1498.74177     90.03372   1408.70804
      3.16000   1488.96151     89.25427   1399.70724
      3.17000   1479.75549     88.51320   1391.24229
      3.18000   1471.08322     87.80692   1383.27630
      3.19000   1462.91047     87.13219   1375.77828
      3.20000   1455.20643     86.48611   1368.72032
      3.21000   1447.94495     85.86601   1362.07894
      3.22000   1441.10061     85.26930   1355.83131
      3.23000   1434.65245     84.69358   1349.95887
      3.24000   1428.58180     84.13657   1344.44523
      3.25000   1422.87143     83.59600   1339.27543
      3.26000   1417.50762     83.06967   1334.43795
      3.27000   1412.47859     82.55534   1329.92325
      3.28000   1407.77422     82.05064   1325.72358
      3.29000   1403.38793     81.55308   1321.83486
      3.30000   1399.31496     81.05987   1318.25508
      3.31000   1395.55454     80.56789   1314.98664
      3.32000   1392.11155     80.07350   1312.03805
      3.33000   1388.99545     79.57217   1309.42328
      3.34000   1386.22756     79.05833   1307.16923
      3.35000   1383.84197     78.52455   1305.31742
      3.36000   1381.89997     77.96085   1303.93912
      3.37000   1380.51058     77.35313   1303.15745
      3.38000   1379.87353     76.68032   1303.19321
      3.39000   1380.39978     75.90970   1304.49008
      3.40000   1383.06688     74.98725   1308.07963
      3.41000   1390.83337     73.81882   1317.01454
      3.42000   1411.52462     72.16372   1339.36090
      3.43000   1433.26299     68.91824   1364.34475
      3.44000   1351.04014     62.58024   1288.45990
      3.45000   1166.00122     60.06943   1105.93179
      3.46000   1172.01843     73.86929   1098.14913
      3.47000   1355.16848     91.86144   1263.30704
      3.48000   1425.66045     93.82115   1331.83930
      3.49000   1403.42083     88.24916   1315.17167
      3.50000   1384.85820     84.51621   1300.34200
      3.51000   1377.39760     82.48980   1294.90780
      3.52000   1374.31778     81.18097   1293.13681
      3.53000   1373.18955     80.22093   1292.96861
      3.54000   1373.17920     79.46229   1293.71692
      3.55000   1373.93045     78.83222   1295.09823
      3.56000   1375.26739     78.28970   1296.97769
      3.57000   1377.09988     77.80971   1299.29018
      3.58000   1379.38028     77.37594   1302.00434
      3.59000   1382.08589     76.97730   1305.10860
      3.60000   1385.20896     76.60590   1308.60306
      3.61000   1388.75247     76.25597   1312.49650
      3.62000   1392.72801     75.92324   1316.80477
      3.63000   1397.15068     75.60423   1321.54644
      3.64000   1402.04398     75.29638   1326.74759
      3.65000   1407.43503     74.99752   1332.43751
      3.66000   1413.35739     74.70593   1338.65146
      3.67000   1419.85012     74.42017   1345.42994
      3.68000   1426.95887     74.13905   1352.81982
      3.69000   1434.73621     73.86152   1360.87469
      3.70000   1443.24412     73.58675   1369.65737
      3.71000   1452.55496     73.31406   1379.24091
      3.72000   1462.75158     73.04281   1389.70877
      3.73000   1473.93218     72.77253   1401.15965
      3.74000   1486.21345     72.50294   1413.71051
      3.75000   1499.73359     72.23387   1427.49972
      3.76000   1514.65677     71.96526   1442.69151
      3.77000   1531.18187     71.69730   1459.48457
      3.78000   1549.55270     71.43052   1478.12218
      3.79000   1570.06980     71.16583   1498.90397
      3.80000   1593.10648     70.90451   1522.20197
      3.81000   1619.13675     70.64865   1548.48810
      3.82000   1648.77753     70.40154   1578.37599
      3.83000   1682.84186     70.16805   1612.67380
      3.84000   1722.42333     69.95544   1652.46789
      3.85000   1769.04235     69.77481   1699.26753
      3.86000   1824.89263     69.64385   1755.24878
      3.87000   1893.28446     69.59156   1823.69291
      3.88000   1979.52833     69.66831   1909.86002
      3.89000   2092.93166     69.96948   2022.96218
      3.90000   2252.39970     70.70374   2181.69597
      3.91000   2507.75895     72.46136   2435.29759
      3.92000   2989.96037     76.83562   2913.12475
      3.93000   3667.60387     83.14345   3584.46041
      3.94000   3527.87857     77.93850   3449.94006
      3.95000   2121.08576     56.08763   2064.99813
      3.96000   1078.42737     39.52058   1038.90679
      3.97000    828.73884     32.59167    796.14717
      3.98000    683.83459     25.79162    658.04297
      3.99000    498.41407     19.78641    478.62766
      4.00000    418.77867     18.54459    400.23408
      4.01000    452.99509     26.32576    426.66934
      4.02000    610.31792     52.27401    558.04392
      4.03000    794.42591     89.10923    705.31668
      4.04000    881.39851    145.88482    735.51368
      4.05000    918.77781    210.54170    708.23611
      4.06000    855.30050    171.41841    683.88209
      4.07000    756.74033     89.27569    667.46464
      4.08000    719.25888     59.39404    659.86485
      4.09000    712.06197     55.68111    656.38086
      4.10000    733.86736     77.15728    656.71008
      4.11000   1028.58740    342.43364    686.15375
      4.12000   2302.24280   1483.69700    818.54580
      4.13000   4096.36944   3090.80324   1005.56620
      4.14000   4478.06885   3434.17311   1043.89574
      4.15000   4374.87570   3346.81206   1028.06364
      4.16000   5506.43947   4370.36859   1136.07088
      4.17000   6314.37896   5100.94270   1213.43626
      4.18000   5604.52216   4463.83966   1140.68249
      4.19000   4681.69819   3634.47447   1047.22373
      4.20000   4126.21340   3135.63614    990.57727
      4.21000   3779.46051   2824.58236    954.87816
      4.22000   3530.05435   2601.05538    928.99897
      4.23000   3336.58138   2427.79317    908.78821
      4.24000   3179.84699   2287.53108    892.31591
      4.25000   3049.09006   2170.59434    878.49571
      4.26000   2937.62262   2070.97159    866.65103
      4.27000   2841.00322   1984.67154    856.33168
      4.28000   2756.12922   1908.90746    847.22176
      4.29000   2680.74946   1841.65699    839.09247
      4.30000   2613.18661   1781.41290    831.77371
      4.31000   2552.15472   1727.02122    825.13350
      4.32000   2496.65020   1677.58166    819.06853
      4.33000   2445.87688   1632.37879    813.49808
      4.34000   2399.19254   1590.83653    808.35601
      4.35000   2356.07109   1552.48274    803.58835
      4.36000   2316.07793   1516.92777    799.15016
      4.37000   2278.85075   1483.84623    795.00452
      4.38000   2244.08222   1452.96270    791.11952
      4.39000   2211.51474   1424.04577    787.46898
      4.40000   2180.92355   1396.89416    784.02939
      4.41000   2152.11707   1371.33621    780.78086
      4.42000   2124.92899   1347.22242    777.70658
      4.43000   2099.21524   1324.42361    774.79163
      4.44000   2074.84613   1302.82370    772.02243
      4.45000   2051.71010   1282.32270    769.38740
      4.46000   2029.70841   1262.83213    766.87627
      4.47000   2008.75130   1244.27162    764.47968
      4.48000   1988.76161   1226.57151    762.19010
      4.49000   1969.66747   1209.66744    760.00003
      4.50000   1951.40578   1193.50320    757.90258
      4.51000   1933.91953   1178.02751    755.89202
      4.52000   1917.15611   1163.19353    753.96259
      4.53000   1901.06824   1148.95866    752.10959
      4.54000   1885.61479   1135.28593    750.32886
      4.55000   1870.75629   1122.13967    748.61661
      4.56000   1856.45632   1109.48774    746.96857
      4.57000   1842.68241   1097.30101    745.38140
      4.58000   1829.40581   1085.55336    743.85245
      4.59000   1816.59784   1074.21946    742.37837
      4.60000   1804.23347   1063.27647    740.95699
      4.61000   1792.28892   1052.70356    739.58535
      4.62000   1780.74292   1042.48128    738.26164
      4.63000   1769.57657   1032.59228    736.98429
      4.64000   1758.76950   1023.01869    735.75081
      4.65000   1748.30487   1013.74553    734.55934
      4.66000   1738.16648   1004.75816    733.40832
      4.67000   1728.34021    996.04397    732.29624
      4.68000   1718.81024    987.58873    731.22151
      4.69000   1709.56590    979.38223    730.18367
      4.70000   1700.59317    971.41244    729.18072
      4.71000   1691.88217    963.67004    728.21213
      4.72000   1683.42008    956.14416    727.27593
      4.73000   1675.19744    948.82617    726.37127
      4.74000   1667.20591    941.70797    725.49794
      4.75000   1659.43589    934.78096    724.65493
      4.76000   1651.87937    928.03789    723.84148
      4.77000   1644.52830    921.47169    723.05661
      4.78000   1637.37466    915.07519    722.29947
      4.79000   1630.41167    908.84219    721.56948
      4.80000   1623.63325    902.76683    720.86642
      4.81000   1617.03281    896.84319    720.18961
      4.82000   1610.60559    891.06652    719.53907
      4.83000   1604.34434    885.43067    718.91367
      4.84000   1598.24487    879.93146    718.31340
      4.85000   1592.30191    874.56450    717.73741
      4.86000   1586.51060    869.32452    717.18608
      4.87000   1580.86712    864.20836    716.65875
      4.88000   1575.36734    859.21196    716.15537
      4.89000   1570.00643    854.33093    715.67549
      4.90000   1564.78247    849.56244    715.22003
      4.91000   1559.69088    844.90280    714.78809
      4.92000   1554.72771    840.34843    714.37928
      4.93000   1549.89115    835.89686    713.99429
      4.94000   1545.17863    831.54558    713.63304
      4.95000   1540.58682    827.29048    713.29634
      4.96000   1536.11337    823.12987    712.98349
      4.97000   1531.75703    819.06082    712.69622
      4.98000   1527.51511    815.08127    712.43384
      4.99000   1523.38576    811.18865    712.19711
      5.00000   1519.36785    807.38077    711.98708
      5.01000   1515.46028    803.65551    711.80476
      5.02000   1511.66242    800.01087    711.65155
      5.03000   1507.97297    796.44480    711.52817
      5.04000   1504.39148    792.95498    711.43650
      5.05000   1500.91844    789.54049    711.37794
      5.06000   1497.55495    786.19908    711.35587
      5.07000   1494.30190    782.92890    711.37300
      5.08000   1491.16109    779.72818    711.43291
      5.09000   1488.13525    776.59495    711.54030
      5.10000   1485.22789    773.52785    711.70005
      5.11000   1482.44495    770.52484    711.92011
      5.12000   1479.79262    767.58367    712.20895
      5.13000   1477.28176    764.70283    712.57893
      5.14000   1474.92505    761.87975    713.04530
      5.15000   1472.74091    759.11194    713.62897
      5.16000   1470.75498    756.39653    714.35845
      5.17000   1469.00233    753.73015    715.27217
      5.18000   1467.53612    751.10869    716.42743
      5.19000   1466.43722    748.52840    717.90882
      5.20000   1465.82956    745.98290    719.84665
      5.21000   1465.91867    743.46599    722.45268
      5.22000   1467.06798    740.97226    726.09572
      5.23000   1469.97010    738.49799    731.47211
      5.24000   1476.16724    736.05846    740.10877
      5.25000   1489.93271    733.75393    756.17878
      5.26000   1522.56025    731.89558    790.66466
      5.27000   1566.64627    729.45223    837.19403
      5.28000   1494.32158    719.26139    775.06019
      5.29000   1230.06197    699.27654    530.78543
      5.30000   1042.42281    688.45191    353.97090
      5.31000   1130.40701    705.67162    424.73539
      5.32000   1403.67290    743.82232    659.85058
      5.33000   1564.62804    761.50598    803.12205
      5.34000   1542.05670    752.26499    789.79172
      5.35000   1492.59380    741.20652    751.38729
      5.36000   1467.84860    735.02356    732.82503
      5.37000   1455.99795    731.31116    724.68680
      5.38000   1449.21232    728.69029    720.52203
      5.39000   1444.87420    726.67966    718.19454
      5.40000   1441.94399    725.07556    716.86844
      5.41000   1439.92152    723.77464    716.14687
      5.42000   1438.53795    722.71930    715.81865
      5.43000   1437.63842    721.87651    715.76191
      5.44000   1437.13013    721.22774    715.90240
      5.45000   1436.95551    720.76254    716.19298
      5.46000   1437.08061    720.47705    716.60356
      5.47000   1437.48455    720.37098    717.11356
      5.48000   1438.15750    720.44878    717.70872
      5.49000   1439.09839    720.71811    718.38029
      5.50000   1440.31136    721.18902    719.12234
      5.51000   1441.80550    721.87452    719.93098
      5.52000   1443.59681    722.79317    720.80365
      5.53000   1445.70457    723.96589    721.73869
      5.54000   1448.15504    725.41907    722.73597
      5.55000   1450.98218    727.18488    723.79730
      5.56000   1454.22641    729.30345    724.92296
      5.57000   1457.93985    731.82420    726.11565
      5.58000   1462.18397    734.80623    727.37774
      5.59000   1467.03186    738.32004    728.71182
      5.60000   1472.56942    742.44788    730.12154
      5.61000   1478.88846    747.27634    731.61213
      5.62000   1486.07106    752.87934    733.19172
      5.63000   1494.15895    759.28714    734.87181
      5.64000   1503.10761    766.43640    736.67121
      5.65000   1512.74168    774.12444    738.61723
      5.66000   1522.76983    782.02310    740.74673
      5.67000   1532.90442    789.80567    743.09875
      5.68000   1543.07030    797.36242    745.70788
      5.69000   1553.55622    804.95811    748.59812
      5.70000   1564.98919    813.20057    751.78862
      5.71000   1578.17874    822.87160    755.30714
      5.72000   1593.98151    834.77905    759.20245
      5.73000   1613.30315    849.74604    763.55711
      5.74000   1637.24059    868.74191    768.49868
      5.75000   1667.37096    893.14298    774.22798
      5.76000   1706.29684    925.22184    781.07500
      5.77000   1759.00528    969.34530    789.65998
      5.78000   1837.58987   1036.13053    801.45933
      5.79000   1974.20544   1153.84228    820.36316
      5.80000   2179.04134   1331.38881    847.65253
      5.81000   2215.47839   1360.48216    854.99623
      5.82000   1881.78346   1063.73423    818.04923
      5.83000   1607.29266    819.25372    788.03895
      5.84000   1647.01906    851.60543    795.41364
      5.85000   1811.63713    993.68367    817.95346
      5.86000   1732.55737    918.66431    813.89305
      5.87000   1365.31790    588.64889    776.66901
      5.88000   1403.39689    640.44810    762.94878
      5.89000   2946.18194   2148.43555    797.74640
      5.90000   6265.01674   5402.07049    862.94625
      5.91000   8209.07526   7292.42176    916.65351
      5.92000   7374.99837   6425.19926    949.79911
      5.93000   6225.44717   5229.72743    995.71974
      5.94000   5811.77371   4728.24188   1083.53182
      5.95000   6068.74798   4810.20067   1258.54730
      5.96000   6689.87582   5197.66968   1492.20613
      5.97000   5997.85203   4597.33075   1400.52128
      5.98000   3557.29083   2680.83567    876.45516
      5.99000   1903.05334   1379.48722    523.56612
      6.00000   1521.59801   1046.48228    475.11573
      6.01000   1475.98987    977.43952    498.55036
      6.02000   1354.60797    927.38053    427.22744
      6.03000   1158.00210    876.53377    281.46833
      6.04000   1040.30736    837.18541    203.12195
      6.05000    995.62887    807.66939    187.95949
      6.06000    969.35569    782.39081    186.96488
      6.07000    947.97193    759.81880    188.15312
      6.08000    940.73871    741.69673    199.04198
      6.09000    997.24472    737.87071    259.37402
      6.10000   1143.44374    753.06882    390.37491
      6.11000   1229.84652    756.24273    473.60379
      6.12000   1188.10741    734.01971    454.08770
      6.13000   1129.07904    710.07804    419.00100
      6.14000   1107.08368    704.50823    402.57545
      6.15000   1206.73854    800.27968    406.45885
      6.16000   1572.98232   1130.38575    442.59657
      6.17000   1954.12020   1462.52591    491.59429
      6.18000   1977.25426   1465.06369    512.19056
      6.19000   1773.62970   1286.03568    487.59403
      6.20000   1578.84070   1130.58154    448.25917
      6.21000   1532.06324   1098.61897    433.44427
      6.22000   1746.20404   1298.67176    447.53228
      6.23000   2117.16087   1641.61622    475.54465
      6.24000   2192.01125   1710.45672    481.55453
      6.25000   2011.93340   1543.62372    468.30968
      6.26000   1863.35514   1405.88010    457.47504
      6.27000   1778.22871   1326.74383    451.48488
      6.28000   1722.22208   1274.48912    447.73296
      6.29000   1680.50288   1235.41512    445.08776
      6.30000   1647.35936   1204.24833    443.11103
      6.31000   1619.96863   1178.38466    441.58397
      6.32000   1596.70722   1156.32657    440.38065
      6.33000   1576.54853   1137.12797    439.42055
      6.34000   1558.80585   1120.15555    438.65030
      6.35000   1542.99665   1104.96396    438.03270
      6.36000   1528.77011   1091.22886    437.54125
      6.37000   1515.86380   1078.70703    437.15677
      6.38000   1504.07931   1067.21309    436.86622
      6.39000   1493.26237   1056.60163    436.66074
      6.40000   1483.29538   1046.75957    436.53582
      6.41000   1474.08919   1037.59695    436.49224
      6.42000   1465.59982   1029.05168    436.54814
      6.43000   1459.02075   1021.55065    437.47009
      6.44000   1487.22206   1027.83169    459.39036
      6.45000   1855.52149   1166.26953    689.25196
      6.46000   3293.10969   1717.94088   1575.16881
      6.47000   5083.76733   2399.08273   2684.68460
      6.48000   5251.47495   2441.85819   2809.61677
      6.49000   4473.99232   2116.83777   2357.15455
      6.50000   3940.88301   1888.85582   2052.02719
      6.51000   3671.72263   1764.12480   1907.59783
      6.52000   3517.79563   1683.69323   1834.10640
      6.53000   3425.32820   1627.49902   1798.10291
      6.54000   3423.74969   1642.95267   1787.63618
      6.55000   3890.28649   2158.41737   1797.99934
      6.56000   5486.15157   3916.13511   1827.91471
      6.57000   7095.60875   5664.06745   1879.12958
      6.58000   7224.99648   5722.93260   1958.40207
      6.59000   7658.75868   6080.63801   2080.09507
      6.60000   9167.04609   7551.69488   2285.96380
      6.61000   9726.12022   7719.99593   2698.86821
      6.62000   9374.91642   6595.74243   3348.38153
      6.63000   8566.69058   5670.81395   3359.05048
      6.64000   6751.99470   5103.85646   2044.46201
      6.65000   5240.73887   4720.93003    876.22366
      6.66000   4664.20300   4444.31639    551.78427
      6.67000   4434.20118   4228.38968    515.35426
      6.68000   4270.32894   4050.71907    509.54200
      6.69000   4132.54290   3900.38051    508.19703
      6.70000   4013.60650   3770.70221    508.49883
      6.71000   3909.42187   3657.16768    506.50630
      6.72000   3817.09140   3556.56666    501.92365
      6.73000   3734.48545   3466.54020    500.02845
      6.74000   3659.99771   3385.30906    503.19257
      6.75000   3592.38721   3311.49913    503.45887
      6.76000   3530.67751   3244.02944    501.16779
      6.77000   3474.09057   3182.03748    497.20618
      6.78000   3421.99591   3124.82395    489.58240
      6.79000   3373.87882   3071.81605    485.56136
      6.80000   3329.31427   3022.53900    490.56655
      6.81000   3287.95050   2976.59813    498.99594
      6.82000   3249.49521   2933.66204    504.97607
      6.83000   3213.70398   2893.45010    506.76057
      6.84000   3180.37348   2855.72530    502.96926
      6.85000   3149.33681   2820.28791    495.37204
      6.86000   3120.46029   2786.97025    493.75457
      6.87000   3093.63356   2755.62831    501.86650
      6.88000   3068.77765   2726.14661    508.23939
      6.89000   3045.83652   2698.42971    508.80282
      6.90000   3024.78343   2672.40627    508.88846
      6.91000   3005.61453   2648.02189    510.91248
      6.92000   2988.36059   2625.24791    516.49345
      6.93000   2973.08576   2604.07819    520.16474
      6.94000   2959.89811   2584.53379    522.34057
      6.95000   2948.95840   2566.66859    527.53554
      6.96000   2940.49726   2550.57762    532.10712
      6.97000   2934.84211   2536.41091    539.66558
      6.98000   2932.45076   2524.39166    547.31300
      6.99000   2933.97820   2514.85254    554.85092
      7.00000   2940.37490   2508.28895    566.33375
      7.01000   2953.07329   2505.45998    581.26905
      7.02000   2974.32795   2507.57451    600.80033
      7.03000   3007.94038   2516.68398    626.00999
      7.04000   3061.04151   2536.65770    659.11680
      7.05000   3149.86330   2576.32911    706.32489
      7.06000   3320.67945   2660.93993    789.11764
      7.07000   3648.36826   2831.44092    942.92276
      7.08000   3896.80905   2958.98466   1061.05681
      7.09000   3397.66133   2677.69505    840.73373
      7.10000   2504.90182   2180.59379    442.24365
      7.11000   2078.62572   1939.69322    254.01851
      7.12000   1997.44333   1888.98240    222.09248
      7.13000   1982.49067   1875.05830    221.91023
      7.14000   1972.42618   1864.05504    225.12638
      7.15000   1962.93341   1853.58531    226.41512
      7.16000   1953.91254   1843.59853    225.49023
      7.17000   1945.38524   1834.11613    225.69747
      7.18000   1937.37896   1825.16544    225.98252
      7.19000   1929.93663   1816.78918    225.13776
      7.20000   1923.11236   1809.04151    224.56732
      7.21000   1916.98055   1801.99771    225.42173
      7.22000   1911.64388   1795.76184    224.20734
      7.23000   1907.24241   1790.47616    223.70915
      7.24000   1903.97297   1786.34117    224.32374
      7.25000   1902.11722   1783.64455    224.00240
      7.26000   1902.09099   1782.81169    224.70142
      7.27000   1904.53272   1784.49682    225.52172
      7.28000   1910.47403   1789.75852    226.08015
      7.29000   1921.71533   1800.44659    224.74983
      7.30000   1941.78575   1820.19053    223.77187
      7.31000   1979.27943   1857.83786    225.04127
      7.32000   2059.85355   1939.81985    224.68594
      7.33000   2215.23262   2098.77905    222.57839
      7.34000   2273.02355   2156.80347    217.93063
      7.35000   1910.57849   1781.38594    208.15239
      7.36000   1463.14254   1319.04343    200.15609
      7.37000   1355.99958   1208.86128    197.95531
      7.38000   1511.44356   1371.08589    196.89226
      7.39000   1662.78478   1527.90010    195.76973
      7.40000   1333.75825   1180.80400    195.82353
      7.41000    787.51308    605.16901    197.51277
      7.42000    697.76180    497.84941    208.61518
      7.43000   1148.98573    930.61502    243.15907
      7.44000   1601.52119   1378.05711    265.51738
      7.45000   1569.99595   1375.29528    238.34646
      7.46000   1471.26018   1300.20068    214.64658
      7.47000   1602.70834   1442.51420    212.43024
      7.48000   1929.29626   1783.37214    217.39930
      7.49000   2182.28284   2043.01852    230.76465
      7.50000   2136.34707   1981.46493    251.22764
      7.51000   2029.77619   1845.16768    274.64676
      7.52000   2010.91574   1781.35970    314.48710
      7.53000   2078.37723   1792.14364    374.97088
      7.54000   2396.79588   1987.68675    503.82461
      7.55000   3052.67320   2388.03027    759.09957
      7.56000   3290.26284   2527.88622    851.13002
      7.57000   2969.42057   2338.32085    716.97166
      7.58000   2668.70106   2159.54011    598.76903
      7.59000   2504.98475   2059.55298    538.07191
      7.60000   2405.94862   1997.06351    497.97145
      7.61000   2336.84288   1952.13450    466.98125
      7.62000   2284.92747   1917.38463    446.98389
      7.63000   2244.41412   1889.37026    438.43774
      7.64000   2213.75073   1866.66647    434.63104
      7.65000   2203.43905   1851.92525    436.53846
      7.66000   2242.09884   1853.66120    468.41374
      7.67000   2309.60862   1865.04096    521.28586
      7.68000   2368.25604   1872.69396    569.31277
      7.69000   2439.01697   1884.15906    630.15514
      7.70000   2437.76606   1877.14984    641.88184
      7.71000   2377.19945   1854.18906    607.53196
      7.72000   2330.17148   1835.39023    575.62378
      7.73000   2301.47355   1822.11187    553.48721
      7.74000   2281.51301   1811.64222    542.66981
      7.75000   2266.20806   1802.81178    537.58188
      7.76000   2253.89214   1795.12980    529.75187
      7.77000   2243.71623   1788.34056    520.48920
      7.78000   2235.17998   1782.28576    515.88575
      7.79000   2227.97128   1776.86841    517.80940
      7.80000   2221.87499   1772.01549    522.23784
      7.81000   2216.74390   1767.67966    525.83561
      7.82000   2212.47252   1763.82529    528.12216
      7.83000   2208.98403   1760.42770    529.52564
      7.84000   2206.22361   1757.47056    530.45025
      7.85000   2204.15076   1754.94176    531.16185
      7.86000   2202.74079   1752.83707    531.80967
      7.87000   2201.97476   1751.15391    532.44674
      7.88000   2201.84760   1749.89735    533.04537
      7.89000   2202.35740   1749.07278    533.49018
      7.90000   2203.51103   1748.69098    533.53913
      7.91000   2205.32393   1748.76785    532.67518
      7.92000   2207.81576   1749.32055    529.59302
      7.93000   2211.01544   1750.37355    521.44004
      7.94000   2214.95707   1751.95258    507.81587
      7.95000   2219.68765   1754.09334    501.23750
      7.96000   2225.25764   1756.83222    513.08228
      7.97000   2231.73554   1760.21781    531.84301
      7.98000   2239.19895   1764.30357    544.24409
      7.99000   2247.74784   1769.15698    547.07359
      8.00000   2257.50395   1774.85791    544.10553
      8.01000   2268.62349   1781.50531    543.22190
      8.02000   2281.31816   1789.22879    545.27149
      8.03000   2295.88851   1798.20317    551.00286
      8.04000   2312.81274   1808.69332    561.43881
      8.05000   2332.99078   1821.17189    569.89792
      8.06000   2358.66696   1836.77627    574.01114
      8.07000   2395.77544   1858.44461    589.58105
      8.08000   2440.87004   1884.03297    611.10116
      8.09000   2419.06720   1874.86789    593.18769
      8.10000   2296.64423   1816.69141    523.16685
      8.11000   2304.75196   1834.51941    509.71703
      8.12000   2489.32146   1947.94765    580.46378
      8.13000   2634.35880   2037.18020    636.83542
      8.14000   2917.61234   2226.86427    731.73638
      8.15000   4394.76486   3217.06576   1218.04013
      8.16000   7994.82823   5640.38169   2392.03937
      8.17000  11170.21170   7801.05839   3403.00465
      8.18000  11051.72605   7751.34641   3325.82325
      8.19000   9608.70950   6806.06836   2819.76334
      8.20000   8912.94717   6371.57114   2555.50113
      8.21000   9093.50136   6548.48883   2558.16112
      8.22000  10117.18442   7330.40305   2796.02330
      8.23000  11125.11821   8093.81123   3044.07000
      8.24000  10182.03466   7420.92391   2790.97026
      8.25000   7084.44515   5171.67447   1966.03166
      8.26000   3592.36691   2637.55903   1026.41810
      8.27000   1860.97958   1382.09476    557.44114
      8.28000   1529.51703   1142.61175    466.12514
      8.29000   1516.97683   1135.29776    460.14423
      8.30000   1536.56844   1152.72207    461.12249
      8.31000   1572.18097   1184.68067    463.07990
      8.32000   1642.48266   1248.61325    467.09496
      8.33000   1745.57030   1343.13502    472.82404
      8.34000   1728.36459   1327.18132    469.15244
      8.35000   1494.03209   1110.90314    450.29728
      8.36000   1294.12717    926.40974    435.90055
      8.37000   1232.11668    869.31978    432.78016
      8.38000   1217.99921    856.22575    433.31222
      8.39000   1211.54344    849.79013    434.26652
      8.40000   1207.48764    845.20194    435.27943
      8.41000   1204.86153    841.66625    436.33771
      8.42000   1203.13519    838.76615    437.44800
      8.43000   1202.02440    836.27794    438.62326
      8.44000   1201.41341    834.11023    439.88280
      8.45000   1201.31638    832.27109    441.25875
      8.46000   1201.87226    830.86167    442.80448
      8.47000   1203.51361    830.19352    444.65024
      8.48000   1210.36322    833.21439    447.97667
      8.49000   1257.52618    865.05704    462.75828
      8.50000   1435.42804    990.65515    514.48695
      8.51000   1683.12265   1166.94851    585.27410
      8.52000   1744.84582   1211.84591    601.44038
      8.53000   1595.74963   1109.85560    553.61587
      8.54000   1402.89881    978.39944    491.40864
      8.55000   1302.46108    909.33048    458.98712
      8.56000   1280.60552    893.34935    450.90685
      8.57000   1325.81763    922.55631    460.36806
      8.58000   1482.34154   1021.84839    506.73547
      8.59000   1635.30934   1110.30410    568.32997
      8.60000   1604.67809   1074.28465    579.85565
      8.61000   1488.55272    984.95509    558.32358
      8.62000   1448.07299    965.28683    543.31315
      8.63000   1453.64670    980.30460    536.69680
      8.64000   1452.00331    981.14423    533.52405
      8.65000   1455.50012    986.18187    531.90769
      8.66000   1452.71232    982.81271    531.17323
      8.67000   1412.11979    935.01743    531.00820
      8.68000   1397.06487    916.64585    531.24343
      8.69000   1420.89103    942.78490    531.77819
      8.70000   1429.99183    951.11331    532.54758
      8.71000   1429.28441    947.62885    533.50935
      8.72000   1428.84437    944.12516    534.63329
      8.73000   1429.35157    941.38505    535.89832
      8.74000   1430.51797    939.06032    537.28921
      8.75000   1432.24280    937.01580    538.79918
      8.76000   1434.50208    935.19821    540.47869
      8.77000   1437.30584    933.58548    542.62931
      8.78000   1440.68879    932.17380    545.85074
      8.79000   1444.70434    930.96815    550.37474
      8.80000   1449.42478    929.98152    555.82587
      8.81000   1454.94426    929.23513    561.92661
      8.82000   1461.38473    928.75817    568.68610
      8.83000   1468.90277    928.58898    576.21498
      8.84000   1477.69662    928.77686    584.66168
      8.85000   1488.02247    929.38399    594.21996
      8.86000   1500.21163    930.48865    605.14261
      8.87000   1514.69762    932.18844    617.76535
      8.88000   1532.05533    934.60457    632.54166
      8.89000   1553.05894    937.88673    650.09567
      8.90000   1578.78202    942.22638    671.30935
      8.91000   1610.77215    947.88131    697.47216
      8.92000   1651.39714    955.24217    730.56093
      8.93000   1704.54041    964.97661    773.79105
      8.94000   1777.08916    978.33246    832.80144
      8.95000   1882.26197    997.74477    918.37512
      8.96000   2047.35252   1028.01801   1053.00066
      8.97000   2327.39707   1077.54024   1283.32549
      8.98000   2792.85661   1152.08693   1674.03409
      8.99000   3384.81188   1226.40574   2191.45842
      9.00000   3759.67659   1233.70501   2558.80223
      9.01000   3649.22196   1150.76692   2531.05233
      9.02000   3258.62547   1041.01005   2249.96484
      9.03000   2894.01121    958.64661   1967.44763
      9.04000   2640.86886    907.44606   1765.21530
      9.05000   2471.52640    875.58141   1627.41451
      9.06000   2353.98144    854.80515   1530.27771
      9.07000   2269.76113    840.99829   1459.42998
      9.08000   2220.44784    835.23306   1415.32249
      9.09000   2365.29616    879.27784   1514.98826
      9.10000   3438.85420   1145.58441   2318.25621
      9.11000   5886.49746   1655.33281   4246.80933
      9.12000   7856.99131   1922.53855   5940.18777
      9.13000   8292.65586   1937.53940   6356.20500
      9.14000   8240.19080   2026.99587   6213.29298
      9.15000   8042.84750   2218.42788   5824.42343
      9.16000   8586.94983   2749.45084   5837.49904
      9.17000   9151.31811   3176.56727   5974.75083
      9.18000   8592.49377   3029.82742   5562.66635
      9.19000   7952.46838   2810.15428   5142.31410
      9.20000   7898.09503   2830.67884   5067.41619
      9.21000   8150.29498   2969.91608   5180.37890
      9.22000   7596.21210   2704.98095   4891.23115
      9.23000   6264.80233   2017.71329   4247.08904
      9.24000   5819.61339   1628.74309   4190.87031
      9.25000   6102.10416   1566.11244   4535.99172
      9.26000   5375.00965   1469.30677   3905.70288
      9.27000   3747.20922   1294.78985   2452.41937
      9.28000   2871.53195   1197.06042   1674.47153
      9.29000   2703.06813   1169.66615   1533.40198
      9.30000   2693.89842   1158.56055   1535.33787
      9.31000   2706.51395   1150.05848   1556.45547
      9.32000   2730.67962   1142.94145   1587.73817
      9.33000   2767.77785   1137.12330   1630.65455
      9.34000   2821.16963   1132.64857   1688.52106
      9.35000   2896.77929   1129.61442   1767.16487
      9.36000   3005.70416   1128.07787   1877.62629
      9.37000   3174.45164   1128.07308   2046.37856
      9.38000   3481.34768   1130.39121   2350.95647
      9.39000   4001.65111   1135.95628   2865.69483
      9.40000   4199.88631   1133.90060   3065.98571
      9.41000   3293.78246   1109.04713   2184.73534
      9.42000   2233.65887   1081.83258   1151.82629
      9.43000   1871.42457   1069.92218    801.50239
      9.44000   1826.52057   1065.26814    761.25243
      9.45000   1825.24248   1062.07422    763.16825
      9.46000   1828.02524   1059.42257    768.60266
      9.47000   1832.86538   1057.20080    775.66458
      9.48000   1839.67827   1055.35960    784.31868
      9.49000   1848.48127   1053.86924    794.61203
      9.50000   1859.34461   1052.71054    806.63407
      9.51000   1872.39933   1051.87591    820.52341
      9.52000   1887.84383   1051.36515    836.47867
      9.53000   1906.76229   1051.23427    855.52802
      9.54000   1951.00089   1052.95420    898.04669
      9.55000   2207.85141   1069.42202   1138.42939
      9.56000   3078.85431   1129.56803   1949.28628
      9.57000   4084.38659   1204.32384   2880.06276
      9.58000   4160.05097   1220.25652   2939.79444
      9.59000   3759.54911   1202.57915   2556.96996
      9.60000   3510.79107   1192.35024   2318.44083
      9.61000   3408.52998   1190.24690   2218.28308
      9.62000   3374.15186   1191.61998   2182.53187
      9.63000   3379.62198   1194.91345   2184.70853
      9.64000   3416.28341   1199.90621   2216.37719
      9.65000   3484.35135   1207.37397   2276.97739
      9.66000   3600.92751   1221.16561   2379.76190
      9.67000   3914.36510   1269.09066   2645.27445
      9.68000   5112.98507   1471.66268   3641.32239
      9.69000   7539.67283   1863.20849   5676.46434
      9.70000   9162.07919   2034.53393   7127.54525
      9.71000   9786.57967   1994.56026   7792.01941
      9.72000  10142.62237   1986.66075   8155.96161
      9.73000   9624.97726   1892.52026   7732.45700
      9.74000   7950.89798   1630.47452   6320.42346
      9.75000   6259.81412   1370.24519   4889.56893
      9.76000   5622.83935   1269.71020   4353.12915
      9.77000   5569.95667   1260.48439   4309.47229
      9.78000   5800.61628   1299.94260   4500.67368
      9.79000   6244.77952   1379.35840   4865.42113
      9.80000   6011.06387   1370.28638   4640.77749
      9.81000   4607.87024   1211.76833   3396.10192
      9.82000   3639.43558   1145.90475   2493.53083
      9.83000   3297.67463   1090.68931   2206.98532
      9.84000   2639.24285    802.23309   1837.00977
      9.85000   2065.74439    535.85485   1529.88954
      9.86000   1902.72245    456.02641   1446.69604
      9.87000   1899.92061    448.24611   1451.67450
      9.88000   1930.58326    451.94917   1478.63409
      9.89000   2008.35314    473.24684   1535.10630
      9.90000   2170.09887    525.90577   1644.19309
      9.91000   2415.28199    567.47586   1847.80613
      9.92000   3303.55648    698.07581   2605.48068
      9.93000   5685.10702   1211.42021   4473.68681
      9.94000   7785.62845   1819.06874   5966.55971
      9.95000   7437.51293   2026.41871   5411.09421
      9.96000   6277.23239   2082.15092   4195.08147
      9.97000   5558.37325   2014.38364   3543.98961
      9.98000   5074.60267   1839.61918   3234.98349
      9.99000   4826.29150   1728.31511   3097.97639
     10.00000   4775.28289   1694.25737   3081.02552
     10.01000   4911.12512   1724.31953   3186.80558
     10.02000   5342.08953   1846.15943   3495.93009
     10.03000   5829.66270   1987.61138   3842.05131
     10.04000   5194.50611   1799.78636   3394.71975
     10.05000   3758.51401   1399.62786   2358.88616
     10.06000   3641.72821   1482.94178   2158.78643
     10.07000   4584.98502   1933.91256   2651.07246
     10.08000   4783.92658   2026.13727   2757.78931
     10.09000   4313.65828   1814.25018   2499.40810
     10.10000   3959.41892   1653.09624   2306.32268
     10.11000   3786.47696   1572.24863   2214.22833
     10.12000   3700.05045   1528.95999   2171.09046
     10.13000   3664.83902   1506.86144   2157.97758
     10.14000   3689.03773   1506.37672   2182.66101
     10.15000   3923.66633   1572.03735   2351.62898
     10.16000   4728.04149   1812.33663   2915.70486
     10.17000   5751.16326   2123.81699   3627.34627
     10.18000   5791.20904   2138.65217   3652.55687
     10.19000   5032.78913   1908.36686   3124.42227
     10.20000   4379.68357   1713.93985   2665.74372
     10.21000   3542.60090   1452.38718   2090.21373
     10.22000   2803.57453   1204.89201   1598.68252
     10.23000   3058.29761   1248.48212   1809.81550
     10.24000   3970.88660   1490.16493   2480.72167
     10.25000   4520.69100   1653.84638   2866.84463
     10.26000   4777.92267   1748.16753   3029.75514
     10.27000   4971.79016   1826.37358   3145.41658
     10.28000   4577.66183   1750.75761   2826.90422
     10.29000   4035.30721   1653.22187   2382.08534
     10.30000   4116.49668   1748.35170   2368.14498
     10.31000   4139.15906   1767.49243   2371.66663
     10.32000   3406.20370   1443.50408   1962.69962
     10.33000   2752.97773   1147.54748   1605.43026
     10.34000   2633.19049   1086.18664   1547.00385
     10.35000   2649.41835   1098.30378   1551.11457
     10.36000   2577.55173   1092.48327   1485.06846
     10.37000   2412.83470   1060.11613   1352.71857
     10.38000   2220.24760   1016.25943   1203.98817
     10.39000   2051.59582    975.07093   1076.52489
     10.40000   1921.81584    941.84907    979.96677
     10.41000   1825.73073    916.28275    909.44798
     10.42000   1754.37193    896.59500    857.77694
     10.43000   1700.60714    881.19555    819.41159
     10.44000   1659.79073    868.98940    790.80135
     10.45000   1629.85994    859.40935    770.45144
     10.46000   1618.59790    852.85031    765.77426
     10.47000   1713.17732    853.05142    860.44272
     10.48000   2212.16280    868.68526   1345.02382
