Energy-E_F (eV)    DOS (1/eV)    PDOS (1/eV)  of atom type H  C  
     -6.58991   3356.86010    384.01286   2972.84725
     -6.57991   3530.84420    409.27467   3121.56953
     -6.56991   3655.67396    429.69814   3225.97582
     -6.55991   3006.69756    350.14386   2656.55370
     -6.54991   2225.83736    253.68248   1972.15488
     -6.53991   2141.81267    254.26435   1887.54832
     -6.52991   2412.82963    316.55582   2096.27381
     -6.51991   2513.14114    360.64225   2152.49889
     -6.50991   2761.79444    416.37176   2345.42268
     -6.49991   3367.69368    523.27538   2844.41829
     -6.48991   3566.83409    563.65676   3003.17732
     -6.47991   3108.25006    482.37976   2625.87031
     -6.46991   2596.66063    390.98023   2205.68040
     -6.45991   2276.40384    329.27301   1947.13083
     -6.44991   2653.59476    312.96825   2340.62651
     -6.43991   4627.53586    382.53177   4245.00409
     -6.42991   6675.76274    449.49231   6226.27043
     -6.41991   6346.15283    401.39868   5944.75415
     -6.40991   5002.50105    322.53571   4679.96534
     -6.39991   4311.75529    314.12898   3997.62631
     -6.38991   4096.63976    328.70789   3767.93186
     -6.37991   3811.86685    303.47296   3508.39389
     -6.36991   3239.34487    245.98782   2993.35705
     -6.35991   2666.03585    199.02169   2467.01415
     -6.34991   2327.40691    171.52546   2155.88145
     -6.33991   2172.02907    155.29577   2016.73330
     -6.32991   2222.83603    160.52541   2062.31063
     -6.31991   2424.87443    185.19088   2239.68354
     -6.30991   2529.90806    203.89031   2326.01775
     -6.29991   2537.31958    212.76166   2324.55792
     -6.28991   2632.50981    218.37232   2414.13749
     -6.27991   2928.54392    242.97982   2685.56410
     -6.26991   3121.97970    276.50341   2845.47629
     -6.25991   2849.14893    252.03934   2597.10959
     -6.24991   2514.66089    211.20717   2303.45371
     -6.23991   2511.29305    212.84316   2298.44988
     -6.22991   2549.59056    216.63812   2332.95244
     -6.21991   2492.12708    212.79580   2279.33128
     -6.20991   2359.87329    209.09179   2150.78150
     -6.19991   2306.29057    214.93108   2091.35949
     -6.18991   2313.58315    213.83622   2099.74693
     -6.17991   2166.22712    188.69714   1977.52998
     -6.16991   2010.85407    170.24431   1840.60976
     -6.15991   2003.44087    167.64243   1835.79844
     -6.14991   2118.47205    181.85105   1936.62100
     -6.13991   2304.38692    223.03907   2081.34784
     -6.12991   2370.49976    240.72540   2129.77436
     -6.11991   2149.96585    198.99028   1950.97557
     -6.10991   1897.97196    161.56420   1736.40776
     -6.09991   1859.59383    160.44541   1699.14842
     -6.08991   1900.73309    169.27845   1731.45464
     -6.07991   2019.60481    189.44187   1830.16293
     -6.06991   2111.69962    202.84763   1908.85200
     -6.05991   2029.25564    187.63804   1841.61760
     -6.04991   1962.92256    178.70763   1784.21493
     -6.03991   1982.84053    182.66612   1800.17441
     -6.02991   2098.67966    197.56801   1901.11165
     -6.01991   2095.45481    193.81042   1901.64439
     -6.00991   1914.48484    161.30807   1753.17678
     -5.99991   1941.60745    169.98617   1771.62128
     -5.98991   2158.91778    208.58071   1950.33707
     -5.97991   2278.12766    223.40575   2054.72191
     -5.96991   2268.27966    214.50179   2053.77787
     -5.95991   2325.52770    209.49021   2116.03749
     -5.94991   2430.05638    214.92135   2215.13503
     -5.93991   2157.50156    182.85799   1974.64357
     -5.92991   1766.33776    158.81199   1607.52577
     -5.91991   1914.56387    222.20276   1692.36111
     -5.90991   2414.07258    332.88297   2081.18961
     -5.89991   2588.58726    369.64274   2218.94451
     -5.88991   2255.98705    300.38926   1955.59779
     -5.87991   1993.43944    245.11148   1748.32796
     -5.86991   2041.48571    251.91905   1789.56667
     -5.85991   2152.61374    273.21689   1879.39685
     -5.84991   2055.50436    255.31394   1800.19041
     -5.83991   1987.96983    245.31015   1742.65968
     -5.82991   2099.55581    270.03448   1829.52134
     -5.81991   2156.19615    279.23456   1876.96159
     -5.80991   1955.84656    234.25278   1721.59378
     -5.79991   1737.29792    189.00478   1548.29313
     -5.78991   1719.06658    188.69450   1530.37208
     -5.77991   1857.86302    220.06527   1637.79776
     -5.76991   2105.62780    268.99421   1836.63359
     -5.75991   2259.38617    293.80910   1965.57707
     -5.74991   2263.54386    291.37635   1972.16751
     -5.73991   2100.85446    258.79995   1842.05451
     -5.72991   1922.44059    225.36255   1697.07804
     -5.71991   1964.91629    240.15906   1724.75723
     -5.70991   2113.07990    273.74531   1839.33460
     -5.69991   2238.22643    295.08082   1943.14561
     -5.68991   2288.02123    300.39306   1987.62817
     -5.67991   2259.84610    292.17593   1967.67018
     -5.66991   2210.66736    277.54935   1933.11801
     -5.65991   2236.30846    277.83551   1958.47295
     -5.64991   2289.09833    283.59283   2005.50549
     -5.63991   2368.08782    280.90497   2087.18286
     -5.62991   2446.16067    273.51523   2172.64544
     -5.61991   2364.36577    279.31876   2085.04701
     -5.60991   2276.95100    330.70914   1946.24186
     -5.59991   2156.76158    344.19255   1812.56903
     -5.58991   1916.24015    295.21114   1621.02902
     -5.57991   1734.04115    259.36022   1474.68094
     -5.56991   1779.26278    276.00610   1503.25668
     -5.55991   2113.16868    360.57244   1752.59624
     -5.54991   2514.48384    460.07684   2054.40700
     -5.53991   2965.19488    568.51954   2396.67534
     -5.52991   3719.47340    756.21605   2963.25735
     -5.51991   4177.08104    874.81903   3302.26201
     -5.50991   3515.47860    700.11565   2815.36294
     -5.49991   2614.87800    452.00432   2162.87368
     -5.48991   2167.86920    328.71380   1839.15540
     -5.47991   1879.33608    261.48546   1617.85062
     -5.46991   1718.00831    204.76329   1513.24502
     -5.45991   1863.82581    174.88352   1688.94229
     -5.44991   2113.83641    178.48616   1935.35024
     -5.43991   2195.99841    202.13489   1993.86353
     -5.42991   2086.70177    200.74479   1885.95698
     -5.41991   1928.57099    181.09968   1747.47131
     -5.40991   1833.41737    169.16017   1664.25719
     -5.39991   1703.24053    147.42016   1555.82037
     -5.38991   1640.20221    138.14849   1502.05373
     -5.37991   1669.64890    144.85968   1524.78921
     -5.36991   1726.87973    150.67803   1576.20169
     -5.35991   1734.16529    150.64500   1583.52029
     -5.34991   1614.74647    132.78471   1481.96176
     -5.33991   1547.38978    118.59169   1428.79809
     -5.32991   1621.03882    125.33856   1495.70026
     -5.31991   1650.20276    127.13342   1523.06934
     -5.30991   1579.06574    119.29489   1459.77084
     -5.29991   1648.86645    131.68600   1517.18044
     -5.28991   1777.05670    147.78735   1629.26935
     -5.27991   1758.62260    142.19995   1616.42265
     -5.26991   1854.43946    155.34518   1699.09428
     -5.25991   2087.05752    194.53149   1892.52603
     -5.24991   2150.74562    208.16970   1942.57592
     -5.23991   2007.12356    184.10963   1823.01393
     -5.22991   2092.03993    194.74307   1897.29685
     -5.21991   2442.73602    245.14692   2197.58910
     -5.20991   2511.44173    250.20659   2261.23514
     -5.19991   2385.71154    227.07877   2158.63278
     -5.18991   2311.93751    214.28860   2097.64891
     -5.17991   2461.69826    223.05692   2238.64134
     -5.16991   3751.92190    351.92909   3399.99280
     -5.15991   6841.26691    666.88542   6174.38149
     -5.14991   9425.96673    928.48307   8497.48366
     -5.13991   9666.53859    945.22603   8721.31257
     -5.12991   8410.89888    810.38828   7600.51060
     -5.11991   5238.75941    490.72024   4748.03917
     -5.10991   2265.41415    195.28673   2070.12742
     -5.09991   1255.67757     95.12476   1160.55281
     -5.08991   1066.17461     73.90553    992.26908
     -5.07991    978.49030     62.76567    915.72464
     -5.06991    968.14279     61.90090    906.24189
     -5.05991   1056.94989     73.84627    983.10362
     -5.04991   1119.49360     82.53209   1036.96152
     -5.03991   1140.57312     85.44179   1055.13133
     -5.02991   1249.81071     98.67908   1151.13163
     -5.01991   1382.10434    114.87911   1267.22522
     -5.00991   1266.09322     99.83494   1166.25827
     -4.99991   1024.74648     69.01222    955.73426
     -4.98991    918.18636     55.41794    862.76842
     -4.97991    901.78909     53.30130    848.48780
     -4.96991    903.34171     53.21948    850.12223
     -4.95991    904.98773     53.24710    851.74063
     -4.94991    902.62411     53.20400    849.42011
     -4.93991    901.58368     53.18912    848.39456
     -4.92991    902.70209     53.21196    849.49013
     -4.91991    902.94296     53.22305    849.71991
     -4.90991    903.30908     53.24232    850.06676
     -4.89991    906.81677     53.31472    853.50205
     -4.88991    909.42749     53.37759    856.04990
     -4.87991    910.21483     53.41650    856.79833
     -4.86991    910.99217     53.45849    857.53368
     -4.85991    912.92154     53.52830    859.39325
     -4.84991    918.68899     53.66747    865.02152
     -4.83991    924.22744     53.88730    870.34014
     -4.82991    936.76022     55.08804    881.67219
     -4.81991    980.10850     59.07931    921.02919
     -4.80991   1011.63023     61.80174    949.82849
     -4.79991    981.57691     58.51106    923.06584
     -4.78991    955.45748     55.33533    900.12214
     -4.77991    959.59119     54.83181    904.75938
     -4.76991    981.41618     55.40226    926.01392
     -4.75991   1175.47195     61.27997   1114.19198
     -4.74991   2227.21714     93.21271   2134.00443
     -4.73991   4257.03771    154.57045   4102.46726
     -4.72991   5140.53936    181.73812   4958.80124
     -4.71991   4453.48467    162.54638   4290.93829
     -4.70991   3749.45240    142.16793   3607.28447
     -4.69991   3516.78717    134.37213   3382.41504
     -4.68991   3435.19927    131.00798   3304.19130
     -4.67991   3021.32861    120.40906   2900.91955
     -4.66991   2505.32509    108.02564   2397.29945
     -4.65991   2245.32306    101.86962   2143.45344
     -4.64991   2194.62369    100.56911   2094.05458
     -4.63991   2301.58923    102.29275   2199.29648
     -4.62991   2379.99118    102.91702   2277.07417
     -4.61991   2153.95052     98.34577   2055.60475
     -4.60991   1798.27682     92.26686   1706.00995
     -4.59991   1671.83766     89.97923   1581.85844
     -4.58991   1849.63789     93.12101   1756.51687
     -4.57991   2108.94307     98.50109   2010.44198
     -4.56991   2011.90172     96.86965   1915.03207
     -4.55991   1661.35553     89.81301   1571.54252
     -4.54991   1558.85111     87.60465   1471.24646
     -4.53991   1657.73048     89.30589   1568.42458
     -4.52991   1729.40846     90.53647   1638.87198
     -4.51991   1655.12243     88.84231   1566.28013
     -4.50991   1618.22195     88.10932   1530.11263
     -4.49991   1607.48870     87.53706   1519.95163
     -4.48991   1605.76248     87.14767   1518.61481
     -4.47991   1648.17658     88.44612   1559.73046
     -4.46991   1654.72701     88.99442   1565.73260
     -4.45991   1600.47823     87.49393   1512.98431
     -4.44991   1473.62851     84.48455   1389.14396
     -4.43991   1372.33043     82.39877   1289.93166
     -4.42991   1516.63095     85.31920   1431.31175
     -4.41991   1786.96554     90.87066   1696.09488
     -4.40991   1749.30017     90.57572   1658.72445
     -4.39991   1529.08669     86.54977   1442.53692
     -4.38991   1443.50112     84.85654   1358.64458
     -4.37991   1441.03390     84.70628   1356.32762
     -4.36991   1452.32109     84.82289   1367.49821
     -4.35991   1456.04274     84.77839   1371.26435
     -4.34991   1446.14131     84.44530   1361.69601
     -4.33991   1445.26012     84.14542   1361.11470
     -4.32991   1591.47975     86.09078   1505.38897
     -4.31991   2059.16275     93.42601   1965.73674
     -4.30991   2536.66167    102.16530   2434.49638
     -4.29991   2473.21042    102.28886   2370.92156
     -4.28991   2047.41739     94.87572   1952.54167
     -4.27991   1779.96504     89.77705   1690.18799
     -4.26991   1826.28790     91.00930   1735.27860
     -4.25991   1997.81771     94.84067   1902.97704
     -4.24991   1936.60344     93.66065   1842.94279
     -4.23991   1817.11565     91.69538   1725.42028
     -4.22991   1815.70823     92.11779   1723.59044
     -4.21991   1860.33117     93.09199   1767.23918
     -4.20991   1834.13793     92.82440   1741.31353
     -4.19991   1777.39540     91.93481   1685.46059
     -4.18991   1863.91210     93.92495   1769.98715
     -4.17991   1872.37023     94.47194   1777.89829
     -4.16991   1811.15643     93.55148   1717.60495
     -4.15991   1830.92648     94.12166   1736.80483
     -4.14991   1873.81498     95.14003   1778.67495
     -4.13991   1906.66389     96.06846   1810.59543
     -4.12991   2006.64928     98.45037   1908.19892
     -4.11991   2145.13908    101.48466   2043.65442
     -4.10991   2198.62319    102.80089   2095.82230
     -4.09991   1785.53874     94.26705   1691.27170
     -4.08991   1235.88522     82.93607   1152.94915
     -4.07991   1022.26892     78.78050    943.48841
     -4.06991    992.42879     78.50248    913.92632
     -4.05991    993.66792     78.87463    914.79330
     -4.04991    998.90332     79.34232    919.56100
     -4.03991   1003.11196     79.80791    923.30406
     -4.02991   1007.66988     80.29573    927.37415
     -4.01991   1027.02280     81.07213    945.95066
     -4.00991   1177.02363     84.29357   1092.73006
     -3.99991   1698.48757     94.47176   1604.01581
     -3.98991   2295.44481    106.13570   2189.30912
     -3.97991   2352.84180    107.80559   2245.03620
     -3.96991   2133.26367    104.31456   2028.94911
     -3.95991   1988.33251    102.19077   1886.14174
     -3.94991   1917.93954    101.45884   1816.48070
     -3.93991   1877.41864    101.28769   1776.13095
     -3.92991   1850.25411    101.38255   1748.87157
     -3.91991   1840.95041    101.83391   1739.11650
     -3.90991   1831.57759    102.30868   1729.26892
     -3.89991   1825.97108    102.87763   1723.09345
     -3.88991   1821.30391    103.49949   1717.80442
     -3.87991   1820.97896    104.22484   1716.75412
     -3.86991   1822.65592    105.03287   1717.62305
     -3.85991   1824.83352    105.88905   1718.94447
     -3.84991   1830.36207    106.84860   1723.51347
     -3.83991   1834.44557    107.82896   1726.61660
     -3.82991   1841.72676    108.92316   1732.80360
     -3.81991   1849.41930    110.08880   1739.33051
     -3.80991   1858.54667    111.33756   1747.20911
     -3.79991   1869.70655    112.69676   1757.00979
     -3.78991   1879.80367    114.09757   1765.70611
     -3.77991   1895.96058    115.70707   1780.25351
     -3.76991   1906.61977    117.29768   1789.32209
     -3.75991   1922.93592    119.11065   1803.82527
     -3.74991   1938.12841    121.02163   1817.10678
     -3.73991   1956.93441    123.12872   1833.80569
     -3.72991   1977.32739    125.41444   1851.91295
     -3.71991   1998.38959    127.88286   1870.50673
     -3.70991   2022.21398    130.61281   1891.60117
     -3.69991   2048.44540    133.60283   1914.84257
     -3.68991   2078.28378    136.95367   1941.33011
     -3.67991   2111.67879    140.68543   1970.99335
     -3.66991   2146.49436    144.84508   2001.64927
     -3.65991   2189.84715    149.61958   2040.22757
     -3.64991   2237.73674    155.10717   2082.62957
     -3.63991   2291.65662    161.45514   2130.20148
     -3.62991   2355.70039    169.00745   2186.69294
     -3.61991   2430.68654    178.09880   2252.58773
     -3.60991   2527.22508    189.57212   2337.65296
     -3.59991   2643.97173    204.40433   2439.56740
     -3.58991   2813.29203    225.33058   2587.96145
     -3.57991   3069.69122    258.77396   2810.91726
     -3.56991   3544.07429    320.96625   3223.10803
     -3.55991   4101.97276    395.20102   3706.77174
     -3.54991   3798.07159    350.77572   3447.29587
     -3.53991   2548.68176    177.43078   2371.25097
     -3.52991   1787.71010     69.63143   1718.07867
     -3.51991   1660.14227     48.16288   1611.97939
     -3.50991   1693.33193     47.93291   1645.39902
     -3.49991   1744.36994     49.62444   1694.74550
     -3.48991   1814.01887     51.89850   1762.12037
     -3.47991   1897.49984     54.71238   1842.78746
     -3.46991   2011.63517     58.54173   1953.09344
     -3.45991   2171.27332     64.05082   2107.22250
     -3.44991   2450.61048     73.72191   2376.88857
     -3.43991   2939.55264     90.90652   2848.64612
     -3.42991   3281.50847    102.62302   3178.88544
     -3.41991   2595.13948     77.47700   2517.66248
     -3.40991   1521.71702     38.50707   1483.20995
     -3.39991   1099.71580     23.05049   1076.66532
     -3.38991   1070.55622     21.72751   1048.82870
     -3.37991   1150.87487     23.91745   1126.95742
     -3.36991   1418.12768     31.57842   1386.54927
     -3.35991   1887.78964     45.91757   1841.87207
     -3.34991   2117.27814     52.71816   2064.55998
     -3.33991   1654.97527     39.37147   1615.60380
     -3.32991   1176.21774     26.07755   1150.14019
     -3.31991    859.37052     18.07973    841.29078
     -3.30991    587.02659     11.65359    575.37300
     -3.29991    410.30165      7.68764    402.61401
     -3.28991    289.53928      5.08164    284.45764
     -3.27991    242.64907      4.07664    238.57243
     -3.26991    235.47152      3.92417    231.54735
     -3.25991    234.94708      3.91356    231.03352
     -3.24991    234.90769      3.91216    230.99553
     -3.23991    236.39666      3.92121    232.47545
     -3.22991    252.65043      4.05753    248.59290
     -3.21991    297.24157      4.43120    292.81038
     -3.20991    324.01804      4.63086    319.38718
     -3.19991    329.04059      4.58004    324.46056
     -3.18991    364.06544      4.73358    359.33186
     -3.17991    394.93617      4.87830    390.05786
     -3.16991    411.88720      4.93748    406.94972
     -3.15991    422.86629      4.96950    417.89679
     -3.14991    429.76257      4.98450    424.77806
     -3.13991    433.97500      4.98880    428.98620
     -3.12991    437.04583      4.99455    432.05128
     -3.11991    438.93567      4.99498    433.94069
     -3.10991    439.98452      4.99050    434.99402
     -3.09991    441.05168      4.99004    436.06164
     -3.08991    441.91660      4.98918    436.92741
     -3.07991    442.78487      4.98730    437.79757
     -3.06991    443.31733      4.98491    438.33242
     -3.05991    443.05407      4.97793    438.07615
     -3.04991    443.36175      4.97790    438.38385
     -3.03991    443.91684      4.98100    438.93584
     -3.02991    443.98478      4.97885    439.00593
     -3.01991    444.12787      4.97722    439.15066
     -3.00991    444.39955      4.97699    439.42256
     -2.99991    444.70991      4.97776    439.73215
     -2.98991    445.40999      4.98076    440.42923
     -2.97991    445.70117      4.98219    440.71898
     -2.96991    444.72468      4.97550    439.74917
     -2.95991    444.46905      4.97161    439.49744
     -2.94991    445.28288      4.98053    440.30235
     -2.93991    446.03795      4.99049    441.04746
     -2.92991    446.34889      4.99450    441.35439
     -2.91991    446.47753      4.99602    441.48151
     -2.90991    446.84022      5.00135    441.83887
     -2.89991    447.26905      5.00923    442.25982
     -2.88991    448.32921      5.02172    443.30749
     -2.87991    450.27121      5.03911    445.23210
     -2.86991    456.46757      5.11943    451.34814
     -2.85991    531.63803      6.09607    525.54196
     -2.84991    901.20245     10.88220    890.32026
     -2.83991   1503.27606     18.76604   1484.51002
     -2.82991   1658.26738     21.02235   1637.24503
     -2.81991   1418.22270     18.13015   1400.09255
     -2.80991   1221.85977     15.83346   1206.02630
     -2.79991   1097.76989     14.46291   1083.30698
     -2.78991   1019.90478     13.49439   1006.41038
     -2.77991    992.26943     13.11301    979.15642
     -2.76991    959.50527     12.76699    946.73828
     -2.75991    936.22068     12.51410    923.70658
     -2.74991    914.96198     12.28437    902.67761
     -2.73991    904.24682     12.18607    892.06074
     -2.72991    888.62381     12.03581    876.58801
     -2.71991    875.36457     11.91294    863.45163
     -2.70991    877.59767     11.98126    865.61641
     -2.69991    845.77103     11.66872    834.10230
     -2.68991    915.45338     13.10313    902.35025
     -2.67991    955.87420     15.19177    940.68243
     -2.66991    987.29177     16.15904    971.13273
     -2.65991    954.08830     14.38409    939.70421
     -2.64991    816.52026     11.72236    804.79790
     -2.63991    876.95564     12.98123    863.97441
     -2.62991   1421.24670     29.26033   1391.98637
     -2.61991   3542.67145     97.91349   3444.75796
     -2.60991   6848.93302    201.09460   6647.83842
     -2.59991   7586.92841    221.87406   7365.05435
     -2.58991   6022.48289    173.55946   5848.92343
     -2.57991   4798.82162    134.97641   4663.84522
     -2.56991   4253.84146    115.08184   4138.75963
     -2.55991   3825.71847    101.70051   3724.01796
     -2.54991   3439.00777     91.49346   3347.51431
     -2.53991   3452.96605     90.23066   3362.73539
     -2.52991   3916.32384    101.29570   3815.02814
     -2.51991   4291.43789    113.24924   4178.18865
     -2.50991   4214.66920    112.10043   4102.56877
     -2.49991   3700.30986     94.48702   3605.82285
     -2.48991   2781.98432     65.04723   2716.93709
     -2.47991   1618.96772     34.09903   1584.86870
     -2.46991    749.32072     13.01862    736.30210
     -2.45991    525.33608      6.68881    518.64727
     -2.44991    624.45726      7.42071    617.03656
     -2.43991    634.08208      7.81183    626.27025
     -2.42991    504.09335      6.31720    497.77615
     -2.41991    444.68018      5.34246    439.33772
     -2.40991    526.50229      6.08722    520.41507
     -2.39991    649.51937      7.69630    641.82308
     -2.38991    626.17497      7.83522    618.33975
     -2.37991    680.27854     10.02198    670.25657
     -2.36991   1757.99828     32.20922   1725.78906
     -2.35991   4236.93169     82.30723   4154.62447
     -2.34991   5614.35494    109.93823   5504.41670
     -2.33991   4878.30253     95.34144   4782.96110
     -2.32991   3964.02310     77.51019   3886.51291
     -2.31991   3557.63579     69.22866   3488.40714
     -2.30991   3606.46582     69.22133   3537.24449
     -2.29991   3894.90709     73.36997   3821.53713
     -2.28991   4018.97449     74.57767   3944.39681
     -2.27991   4255.33937     78.96715   4176.37222
     -2.26991   5142.79211     96.03331   5046.75880
     -2.25991   6087.50833    113.51549   5973.99284
     -2.24991   5296.04821     97.54945   5198.49876
     -2.23991   2947.76452     51.83868   2895.92585
     -2.22991   1437.34857     22.16886   1415.17971
     -2.21991    962.67640     12.71292    949.96348
     -2.20991    905.89324     11.77121    894.12203
     -2.19991   1002.69133     13.77231    988.91902
     -2.18991    963.78975     13.33661    950.45314
     -2.17991    790.13558     10.42352    779.71206
     -2.16991    782.66381      9.93566    772.72814
     -2.15991    756.30451      9.23847    747.06604
     -2.14991    630.07399      7.09139    622.98260
     -2.13991    593.04724      6.33108    586.71616
     -2.12991    624.51709      6.80045    617.71664
     -2.11991    633.02542      7.20227    625.82315
     -2.10991    603.11367      7.11434    595.99933
     -2.09991    564.97487      6.76927    558.20560
     -2.08991    539.47048      6.44278    533.02770
     -2.07991    534.69679      6.29010    528.40670
     -2.06991    568.40347      6.54061    561.86286
     -2.05991    633.39260      7.12995    626.26266
     -2.04991    682.97544      7.55424    675.42121
     -2.03991    716.97843      7.82203    709.15640
     -2.02991    740.56477      8.00041    732.56436
     -2.01991    755.37911      8.10904    747.27006
     -2.00991    766.25639      8.19724    758.05915
     -1.99991    774.64207      8.27932    766.36275
     -1.98991    781.09427      8.35846    772.73581
     -1.97991    786.14433      8.43479    777.70954
     -1.96991    789.65783      8.50117    781.15666
     -1.95991    791.05356      8.54425    782.50931
     -1.94991    789.44574      8.54330    780.90245
     -1.93991    784.03871      8.47691    775.56180
     -1.92991    774.56656      8.33058    766.23598
     -1.91991    761.73425      8.10148    753.63277
     -1.90991    746.95508      7.80099    739.15409
     -1.89991    732.65126      7.45990    725.19136
     -1.88991    723.86664      7.14273    716.72391
     -1.87991    732.34016      6.98692    725.35324
     -1.86991    796.98498      7.45685    789.52813
     -1.85991    963.06686      9.30957    953.75728
     -1.84991   1066.58394     11.08403   1055.49991
     -1.83991    899.82239      9.90754    889.91485
     -1.82991    686.14404      7.52883    678.61520
     -1.81991    608.74355      6.26193    602.48162
     -1.80991    679.66195      6.59062    673.07133
     -1.79991    928.02403      8.93480    919.08923
     -1.78991   1066.31682     10.35497   1055.96185
     -1.77991    836.47580      8.25564    828.22016
     -1.76991    691.59191      6.97087    684.62104
     -1.75991    842.38687      8.30479    834.08208
     -1.74991    944.58342      8.85751    935.72591
     -1.73991    876.82614      8.24367    868.58248
     -1.72991    840.79597      8.11212    832.68386
     -1.71991    898.53334      8.33482    890.19853
     -1.70991    933.89240      8.60123    925.29117
     -1.69991    896.10753      8.28456    887.82297
     -1.68991    911.87150      8.14760    903.72390
     -1.67991    952.93312      8.39310    944.54002
     -1.66991    983.13163      8.61701    974.51463
     -1.65991   1005.37169      8.84384    996.52785
     -1.64991   1074.79255      9.41966   1065.37289
     -1.63991   1093.49514      9.68338   1083.81177
     -1.62991   1085.98964     10.09572   1075.89392
     -1.61991   1249.27769     11.53489   1237.74281
     -1.60991   1516.09751     13.45314   1502.64437
     -1.59991   1575.44679     13.55343   1561.89336
     -1.58991   1455.63120     11.82204   1443.80915
     -1.57991   1571.72469     11.27174   1560.45295
     -1.56991   1735.03022     11.32401   1723.70621
     -1.55991   1421.52212     10.04505   1411.47708
     -1.54991    832.50998      8.15727    824.35271
     -1.53991    538.30444      7.27181    531.03264
     -1.52991    485.42110      7.11500    478.30611
     -1.51991    481.36039      7.09667    474.26372
     -1.50991    481.01690      7.09287    473.92404
     -1.49991    481.24303      7.09675    474.14628
     -1.48991    481.15506      7.09531    474.05975
     -1.47991    480.89274      7.09129    473.80146
     -1.46991    480.74546      7.08905    473.65642
     -1.45991    480.76941      7.08916    473.68026
     -1.44991    480.85303      7.09020    473.76283
     -1.43991    480.64983      7.08630    473.56353
     -1.42991    480.40531      7.08146    473.32385
     -1.41991    480.54028      7.08326    473.45702
     -1.40991    480.51272      7.08345    473.42927
     -1.39991    480.32129      7.08088    473.24041
     -1.38991    480.53253      7.08285    473.44969
     -1.37991    480.68771      7.08430    473.60341
     -1.36991    480.43430      7.07947    473.35483
     -1.35991    480.42991      7.07878    473.35113
     -1.34991    480.88663      7.08622    473.80041
     -1.33991    481.06243      7.08875    473.97368
     -1.32991    481.06537      7.08824    473.97713
     -1.31991    481.16385      7.08929    474.07456
     -1.30991    481.37590      7.09237    474.28353
     -1.29991    481.64975      7.09646    474.55329
     -1.28991    481.77733      7.09776    474.67957
     -1.27991    481.71682      7.09624    474.62058
     -1.26991    481.96362      7.10020    474.86342
     -1.25991    482.30949      7.10569    475.20381
     -1.24991    482.53417      7.10925    475.42492
     -1.23991    482.78744      7.11318    475.67426
     -1.22991    483.13706      7.11846    476.01860
     -1.21991    483.29556      7.12030    476.17526
     -1.20991    483.45422      7.12277    476.33146
     -1.19991    483.89134      7.13132    476.76001
     -1.18991    484.30870      7.13861    477.17009
     -1.17991    484.72371      7.14476    477.57895
     -1.16991    485.05706      7.15034    477.90672
     -1.15991    485.48453      7.15781    478.32672
     -1.14991    486.01352      7.16688    478.84664
     -1.13991    486.38105      7.17319    479.20786
     -1.12991    486.60854      7.17726    479.43128
     -1.11991    487.07733      7.18581    479.89152
     -1.10991    487.67772      7.19634    480.48138
     -1.09991    488.21009      7.20573    481.00436
     -1.08991    488.75673      7.21551    481.54122
     -1.07991    489.34747      7.22608    482.12139
     -1.06991    489.78503      7.23408    482.55094
     -1.05991    490.25845      7.24288    483.01557
     -1.04991    491.04154      7.25736    483.78417
     -1.03991    491.76884      7.27079    484.49805
     -1.02991    492.40437      7.28250    485.12187
     -1.01991    493.08881      7.29499    485.79382
     -1.00991    493.85203      7.30899    486.54304
     -0.99991    494.52798      7.32241    487.20556
     -0.98991    495.19211      7.33566    487.85646
     -0.97991    496.02179      7.35071    488.67108
     -0.96991    496.89010      7.36689    489.52320
     -0.95991    497.77656      7.38363    490.39293
     -0.94991    498.66510      7.40051    491.26459
     -0.93991    499.59282      7.41822    492.17460
     -0.92991    500.54069      7.43627    493.10442
     -0.91991    501.38380      7.45257    493.93124
     -0.90991    502.33001      7.47098    494.85903
     -0.89991    503.50260      7.49339    496.00920
     -0.88991    504.65870      7.51520    497.14350
     -0.87991    505.76991      7.53645    498.23346
     -0.86991    506.90427      7.55838    499.34589
     -0.85991    508.06003      7.58072    500.47931
     -0.84991    509.26905      7.60392    501.66513
     -0.83991    510.65075      7.63024    503.02051
     -0.82991    512.05606      7.65709    504.39898
     -0.81991    513.44077      7.68340    505.75737
     -0.80991    514.84899      7.71057    507.13842
     -0.79991    516.21216      7.73782    508.47434
     -0.78991    517.74498      7.76717    509.97781
     -0.77991    519.35142      7.79730    511.55412
     -0.76991    520.94379      7.82757    513.11622
     -0.75991    522.69589      7.86090    514.83499
     -0.74991    524.50823      7.89541    516.61281
     -0.73991    526.33627      7.93019    518.40608
     -0.72991    528.22739      7.96602    520.26136
     -0.71991    530.13665      8.00216    522.13449
     -0.70991    532.07581      8.03860    524.03722
     -0.69991    534.30578      8.08025    526.22553
     -0.68991    536.68757      8.12491    528.56266
     -0.67991    538.94437      8.16702    530.77735
     -0.66991    541.27344      8.21028    533.06316
     -0.65991    543.75625      8.25623    535.50002
     -0.64991    546.34807      8.30395    538.04412
     -0.63991    548.99084      8.35235    540.63849
     -0.62991    551.74224      8.40245    543.33979
     -0.61991    554.69627      8.45610    546.24017
     -0.60991    557.77840      8.51186    549.26654
     -0.59991    560.95939      8.56902    552.39037
     -0.58991    564.28549      8.62828    555.65722
     -0.57991    567.70247      8.68865    559.01382
     -0.56991    571.25543      8.75097    562.50446
     -0.55991    575.16517      8.81958    566.34558
     -0.54991    579.21311      8.89044    570.32267
     -0.53991    583.33462      8.96168    574.37294
     -0.52991    587.75961      9.03672    578.72288
     -0.51991    592.42092      9.11536    583.30556
     -0.50991    597.28611      9.19702    588.08909
     -0.49991    602.39240      9.28172    593.11068
     -0.48991    607.80069      9.37074    598.42994
     -0.47991    613.47432      9.46382    604.01049
     -0.46991    619.55960      9.56181    609.99778
     -0.45991    626.27488      9.66676    616.60812
     -0.44991    633.22240      9.77531    623.44709
     -0.43991    640.45907      9.88780    630.57127
     -0.42991    648.28817     10.00716    638.28101
     -0.41991    656.73901     10.13389    646.60512
     -0.40991    665.82482     10.26807    655.55675
     -0.39991    675.59795     10.41027    665.18768
     -0.38991    686.26282     10.56189    675.70093
     -0.37991    697.91247     10.72358    687.18889
     -0.36991    710.60402     10.89633    699.70769
     -0.35991    724.54117     11.08231    713.45886
     -0.34991    739.84591     11.28225    728.56366
     -0.33991    757.38292     11.50303    745.87989
     -0.32991    777.68305     11.74952    765.93353
     -0.31991    800.25436     12.01701    788.23735
     -0.30991    826.23589     12.31323    813.92266
     -0.29991    857.25988     12.65313    844.60674
     -0.28991    895.15569     13.05083    882.10487
     -0.27991    943.10794     13.52974    929.57820
     -0.26991   1006.91892     14.13313    992.78579
     -0.25991   1101.83795     14.97557   1086.86239
     -0.24991   1269.69752     16.37089   1253.32663
     -0.23991   1536.48706     18.51173   1517.97534
     -0.22991   1611.40653     19.22248   1592.18405
     -0.21991   1138.10350     15.84702   1122.25648
     -0.20991    626.56050     12.21035    614.35016
     -0.19991    466.47080     11.22548    455.24531
     -0.18991    456.16632     11.37976    444.78656
     -0.17991    465.45861     11.69964    453.75897
     -0.16991    476.49628     12.05333    464.44295
     -0.15991    488.68738     12.44104    476.24634
     -0.14991    502.27392     12.86986    489.40406
     -0.13991    517.27217     13.34098    503.93119
     -0.12991    533.95754     13.86246    520.09509
     -0.11991    553.24654     14.45925    538.78729
     -0.10991    575.42776     15.14035    560.28741
     -0.09991    600.83347     15.91632    584.91715
     -0.08991    630.55801     16.81823    613.73978
     -0.07991    666.23294     17.89238    648.34056
     -0.06991    709.72183     19.19247    690.52936
     -0.05991    764.65279     20.82204    743.83075
     -0.04991    838.50412     22.99271    815.51141
     -0.03991    944.22416     26.07329    918.15087
     -0.02991   1118.34467     31.09954   1087.24513
     -0.01991   1429.14338     40.00349   1389.13989
     -0.00991   1714.78796     48.20965   1666.57830
      0.00009   1348.63122     37.99175   1310.63947
      0.01009    517.05955     14.57759    502.48196
      0.02009     83.65443      2.35927     81.29517
      0.03009      5.36435      0.15131      5.21304
      0.04009      0.13211      0.00373      0.12838
      0.05009      0.00000      0.00000      0.00000
      0.06009      0.00000      0.00000      0.00000
      0.07009      0.00000      0.00000      0.00000
      0.08009      0.00000      0.00000      0.00000
      0.09009      0.00000      0.00000      0.00000
      0.10009      0.00000      0.00000      0.00000
      0.11009      0.00000      0.00000      0.00000
      0.12009      0.00000      0.00000      0.00000
      0.13009      0.00000      0.00000      0.00000
      0.14009      0.00000      0.00000      0.00000
      0.15009      0.00000      0.00000      0.00000
      0.16009      0.00000      0.00000      0.00000
      0.17009      0.00000      0.00000      0.00000
      0.18009      0.00000      0.00000      0.00000
      0.19009      0.00000      0.00000      0.00000
      0.20009      0.00000      0.00000      0.00000
      0.21009      0.00000      0.00000      0.00000
      0.22009      0.00000      0.00000      0.00000
      0.23009      0.00000      0.00000      0.00000
      0.24009      0.00000      0.00000      0.00000
      0.25009      0.00000      0.00000      0.00000
      0.26009      0.00000      0.00000      0.00000
      0.27009      0.00000      0.00000      0.00000
      0.28009      0.00000      0.00000      0.00000
      0.29009      0.00000      0.00000      0.00000
      0.30009      0.00000      0.00000      0.00000
      0.31009      0.00000      0.00000      0.00000
      0.32009      0.00000      0.00000      0.00000
      0.33009      0.00000      0.00000      0.00000
      0.34009      0.00000      0.00000      0.00000
      0.35009      0.00000      0.00000      0.00000
      0.36009      0.00000      0.00000      0.00000
      0.37009      0.00000      0.00000      0.00000
      0.38009      0.00000      0.00000      0.00000
      0.39009      0.00000      0.00000      0.00000
      0.40009      0.00000      0.00000      0.00000
      0.41009      0.00000      0.00000      0.00000
      0.42009      0.00000      0.00000      0.00000
      0.43009      0.00000      0.00000      0.00000
      0.44009      0.00000      0.00000      0.00000
      0.45009      0.00000      0.00000      0.00000
      0.46009      0.00000      0.00000      0.00000
      0.47009      0.00000      0.00000      0.00000
      0.48009      0.00000      0.00000      0.00000
      0.49009      0.00000      0.00000      0.00000
      0.50009      0.00000      0.00000      0.00000
      0.51009      0.00000      0.00000      0.00000
      0.52009      0.00000      0.00000      0.00000
      0.53009      0.00000      0.00000      0.00000
      0.54009      0.00000      0.00000      0.00000
      0.55009      0.00000      0.00000      0.00000
      0.56009      0.00000      0.00000      0.00000
      0.57009      0.00000      0.00000      0.00000
      0.58009      0.00000      0.00000      0.00000
      0.59009      0.00000      0.00000      0.00000
      0.60009      0.00000      0.00000      0.00000
      0.61009      0.00000      0.00000      0.00000
      0.62009      0.00000      0.00000      0.00000
      0.63009      0.00000      0.00000      0.00000
      0.64009      0.00000      0.00000      0.00000
      0.65009      0.00000      0.00000      0.00000
      0.66009      0.00000      0.00000      0.00000
      0.67009      0.00000      0.00000      0.00000
      0.68009      0.00000      0.00000      0.00000
      0.69009      0.00000      0.00000      0.00000
      0.70009      0.00000      0.00000      0.00000
      0.71009      0.00000      0.00000      0.00000
      0.72009      0.00000      0.00000      0.00000
      0.73009      0.00000      0.00000      0.00000
      0.74009      0.00000      0.00000      0.00000
      0.75009      0.00000      0.00000      0.00000
      0.76009      0.00000      0.00000      0.00000
      0.77009      0.00000      0.00000      0.00000
      0.78009      0.00000      0.00000      0.00000
      0.79009      0.00000      0.00000      0.00000
      0.80009      0.00000      0.00000      0.00000
      0.81009      0.00000      0.00000      0.00000
      0.82009      0.00000      0.00000      0.00000
      0.83009      0.00000      0.00000      0.00000
      0.84009      0.00000      0.00000      0.00000
      0.85009      0.00000      0.00000      0.00000
      0.86009      0.00000      0.00000      0.00000
      0.87009      0.00000      0.00000      0.00000
      0.88009      0.00000      0.00000      0.00000
      0.89009      0.00000      0.00000      0.00000
      0.90009      0.00000      0.00000      0.00000
      0.91009      0.00000      0.00000      0.00000
      0.92009      0.00000      0.00000      0.00000
      0.93009      0.00000      0.00000      0.00000
      0.94009      0.00000      0.00000      0.00000
      0.95009      0.00000      0.00000      0.00000
      0.96009      0.00000      0.00000      0.00000
      0.97009      0.00000      0.00000      0.00000
      0.98009      0.00000      0.00000      0.00000
      0.99009      0.00000      0.00000      0.00000
      1.00009      0.00000      0.00000      0.00000
      1.01009      0.00000      0.00000      0.00000
      1.02009      0.00000      0.00000      0.00000
      1.03009      0.00000      0.00000      0.00000
      1.04009      0.00000      0.00000      0.00000
      1.05009      0.00000      0.00000      0.00000
      1.06009      0.00000      0.00000      0.00000
      1.07009      0.00000      0.00000      0.00000
      1.08009      0.00000      0.00000      0.00000
      1.09009      0.00000      0.00000      0.00000
      1.10009      0.00000      0.00000      0.00000
      1.11009      0.00000      0.00000      0.00000
      1.12009      0.00000      0.00000      0.00000
      1.13009      0.00000      0.00000      0.00000
      1.14009      0.00000      0.00000      0.00000
      1.15009      0.00000      0.00000      0.00000
      1.16009      0.00000      0.00000      0.00000
      1.17009      0.00000      0.00000      0.00000
      1.18009      0.00000      0.00000      0.00000
      1.19009      0.00000      0.00000      0.00000
      1.20009      0.00000      0.00000      0.00000
      1.21009      0.00000      0.00000      0.00000
      1.22009      0.00000      0.00000      0.00000
      1.23009      0.00000      0.00000      0.00000
      1.24009      0.00000      0.00000      0.00000
      1.25009      0.00000      0.00000      0.00000
      1.26009      0.00000      0.00000      0.00000
      1.27009      0.00000      0.00000      0.00000
      1.28009      0.00000      0.00000      0.00000
      1.29009      0.00000      0.00000      0.00000
      1.30009      0.00000      0.00000      0.00000
      1.31009      0.00000      0.00000      0.00000
      1.32009      0.00000      0.00000      0.00000
      1.33009      0.00000      0.00000      0.00000
      1.34009      0.00000      0.00000      0.00000
      1.35009      0.00000      0.00000      0.00000
      1.36009      0.00000      0.00000      0.00000
      1.37009      0.00000      0.00000      0.00000
      1.38009      0.00000      0.00000      0.00000
      1.39009      0.00000      0.00000      0.00000
      1.40009      0.00000      0.00000      0.00000
      1.41009      0.00000      0.00000      0.00000
      1.42009      0.00000      0.00000      0.00000
      1.43009      0.00000      0.00000      0.00000
      1.44009      0.00000      0.00000      0.00000
      1.45009      0.00000      0.00000      0.00000
      1.46009      0.00000      0.00000      0.00000
      1.47009      0.00000      0.00000      0.00000
      1.48009      0.00000      0.00000      0.00000
      1.49009      0.00000      0.00000      0.00000
      1.50009      0.00000      0.00000      0.00000
      1.51009      0.00000      0.00000      0.00000
      1.52009      0.00000      0.00000      0.00000
      1.53009      0.00000      0.00000      0.00000
      1.54009      0.00000      0.00000      0.00000
      1.55009      0.00000      0.00000      0.00000
      1.56009      0.00000      0.00000      0.00000
      1.57009      0.00000      0.00000      0.00000
      1.58009      0.00000      0.00000      0.00000
      1.59009      0.00000      0.00000      0.00000
      1.60009      0.00000      0.00000      0.00000
      1.61009      0.00000      0.00000      0.00000
      1.62009      0.00000      0.00000      0.00000
      1.63009      0.00000      0.00000      0.00000
      1.64009      0.00000      0.00000      0.00000
      1.65009      0.00000      0.00000      0.00000
      1.66009      0.00000      0.00000      0.00000
      1.67009      0.00000      0.00000      0.00000
      1.68009      0.00000      0.00000      0.00000
      1.69009      0.00000      0.00000      0.00000
      1.70009      0.00000      0.00000      0.00000
      1.71009      0.00000      0.00000      0.00000
      1.72009      0.00000      0.00000      0.00000
      1.73009      0.00000      0.00000      0.00000
      1.74009      0.00000      0.00000      0.00000
      1.75009      0.00000      0.00000      0.00000
      1.76009      0.00000      0.00000      0.00000
      1.77009      0.00000      0.00000      0.00000
      1.78009      0.00000      0.00000      0.00000
      1.79009      0.00000      0.00000      0.00000
      1.80009      0.00000      0.00000      0.00000
      1.81009      0.00000      0.00000      0.00000
      1.82009      0.00000      0.00000      0.00000
      1.83009      0.00000      0.00000      0.00000
      1.84009      0.00000      0.00000      0.00000
      1.85009      0.00000      0.00000      0.00000
      1.86009      0.00000      0.00000      0.00000
      1.87009      0.00000      0.00000      0.00000
      1.88009      0.00000      0.00000      0.00000
      1.89009      0.00000      0.00000      0.00000
      1.90009      0.00000      0.00000      0.00000
      1.91009      0.00000      0.00000      0.00000
      1.92009      0.00000      0.00000      0.00000
      1.93009      0.00000      0.00000      0.00000
      1.94009      0.00000      0.00000      0.00000
      1.95009      0.00000      0.00000      0.00000
      1.96009      0.00000      0.00000      0.00000
      1.97009      0.00000      0.00000      0.00000
      1.98009      0.00000      0.00000      0.00000
      1.99009      0.00000      0.00000      0.00000
      2.00009      0.00000      0.00000      0.00000
      2.01009      0.00000      0.00000      0.00000
      2.02009      0.00000      0.00000      0.00000
      2.03009      0.00000      0.00000      0.00000
      2.04009      0.00000      0.00000      0.00000
      2.05009      0.00000      0.00000      0.00000
      2.06009      0.00000      0.00000      0.00000
      2.07009      0.00000      0.00000      0.00000
      2.08009      0.00000      0.00000      0.00000
      2.09009      0.00000      0.00000      0.00000
      2.10009      0.00000      0.00000      0.00000
      2.11009      0.00000      0.00000      0.00000
      2.12009      0.00000      0.00000      0.00000
      2.13009      0.00000      0.00000      0.00000
      2.14009      0.00000      0.00000      0.00000
      2.15009      0.00000      0.00000      0.00000
      2.16009      0.00000      0.00000      0.00000
      2.17009      0.00000      0.00000      0.00000
      2.18009      0.00000      0.00000      0.00000
      2.19009      0.00000      0.00000      0.00000
      2.20009      0.00000      0.00000      0.00000
      2.21009      0.00000      0.00000      0.00000
      2.22009      0.00000      0.00000      0.00000
      2.23009      0.00000      0.00000      0.00000
      2.24009      0.00000      0.00000      0.00000
      2.25009      0.00000      0.00000      0.00000
      2.26009      0.00000      0.00000      0.00000
      2.27009      0.00000      0.00000      0.00000
      2.28009      0.00000      0.00000      0.00000
      2.29009      0.00000      0.00000      0.00000
      2.30009      0.00000      0.00000      0.00000
      2.31009      0.00000      0.00000      0.00000
      2.32009      0.00000      0.00000      0.00000
      2.33009      0.00000      0.00000      0.00000
      2.34009      0.00000      0.00000      0.00000
      2.35009      0.00000      0.00000      0.00000
      2.36009      0.00000      0.00000      0.00000
      2.37009      0.00000      0.00000      0.00000
      2.38009      0.00000      0.00000      0.00000
      2.39009      0.00000      0.00000      0.00000
      2.40009      0.00000      0.00000      0.00000
      2.41009      0.00000      0.00000      0.00000
      2.42009      0.00000      0.00000      0.00000
      2.43009      0.00000      0.00000      0.00000
      2.44009      0.00000      0.00000      0.00000
      2.45009      0.00000      0.00000      0.00000
      2.46009      0.00000      0.00000      0.00000
      2.47009      0.00000      0.00000      0.00000
      2.48009      0.00000      0.00000      0.00000
      2.49009      0.00000      0.00000      0.00000
      2.50009      0.00000      0.00000      0.00000
      2.51009      0.00000      0.00000      0.00000
      2.52009      0.00000      0.00000      0.00000
      2.53009      0.00000      0.00000      0.00000
      2.54009      0.00000      0.00000      0.00000
      2.55009      0.00000      0.00000      0.00000
      2.56009      0.00000      0.00000      0.00000
      2.57009      0.00000      0.00000      0.00000
      2.58009      0.00000      0.00000      0.00000
      2.59009      0.00000      0.00000      0.00000
      2.60009      0.00000      0.00000      0.00000
      2.61009      0.00000      0.00000      0.00000
      2.62009      0.00000      0.00000      0.00000
      2.63009      0.00000      0.00000      0.00000
      2.64009      0.00000      0.00000      0.00000
      2.65009      0.00000      0.00000      0.00000
      2.66009      0.00000      0.00000      0.00000
      2.67009      0.00000      0.00000      0.00000
      2.68009      0.00000      0.00000      0.00000
      2.69009      0.00000      0.00000      0.00000
      2.70009      0.00000      0.00000      0.00000
      2.71009      0.00000      0.00000      0.00000
      2.72009      0.00000      0.00000      0.00000
      2.73009      0.00000      0.00000      0.00000
      2.74009      0.00000      0.00000      0.00000
      2.75009      0.00000      0.00000      0.00000
      2.76009      0.00000      0.00000      0.00000
      2.77009      0.00000      0.00000      0.00000
      2.78009      0.00000      0.00000      0.00000
      2.79009      0.00000      0.00000      0.00000
      2.80009      0.00000      0.00000      0.00000
      2.81009      0.00000      0.00000      0.00000
      2.82009      0.00000      0.00000      0.00000
      2.83009      0.00000      0.00000      0.00000
      2.84009      0.00000      0.00000      0.00000
      2.85009      0.00000      0.00000      0.00000
      2.86009      0.00000      0.00000      0.00000
      2.87009      0.00000      0.00000      0.00000
      2.88009      0.00000      0.00000      0.00000
      2.89009      0.00000      0.00000      0.00000
      2.90009      0.00000      0.00000      0.00000
      2.91009      0.00000      0.00000      0.00000
      2.92009      0.00000      0.00000      0.00000
      2.93009      0.00000      0.00000      0.00000
      2.94009      0.00000      0.00000      0.00000
      2.95009      0.00000      0.00000      0.00000
      2.96009      0.00000      0.00000      0.00000
      2.97009      0.00000      0.00000      0.00000
      2.98009      0.00000      0.00000      0.00000
      2.99009      0.00000      0.00000      0.00000
      3.00009      0.00000      0.00000      0.00000
      3.01009      0.00000      0.00000      0.00000
      3.02009      0.00000      0.00000      0.00000
      3.03009      0.00000      0.00000      0.00000
      3.04009      0.00000      0.00000      0.00000
      3.05009      0.00000      0.00000      0.00000
      3.06009      0.00000      0.00000      0.00000
      3.07009      0.00000      0.00000      0.00000
      3.08009      0.00000      0.00000      0.00000
      3.09009      0.00000      0.00000      0.00000
      3.10009      0.00000      0.00000      0.00000
      3.11009      0.00000      0.00000      0.00000
      3.12009      0.00000      0.00000      0.00000
      3.13009      0.00000      0.00000      0.00000
      3.14009      0.00000      0.00000      0.00000
      3.15009      0.00000      0.00000      0.00000
      3.16009      0.00000      0.00000      0.00000
      3.17009      0.00000      0.00000      0.00000
      3.18009      0.00000      0.00000      0.00000
      3.19009      0.00000      0.00000      0.00000
      3.20009      0.00000      0.00000      0.00000
      3.21009      0.00000      0.00000      0.00000
      3.22009      0.00000      0.00000      0.00000
      3.23009      0.00000      0.00000      0.00000
      3.24009      0.00000      0.00000      0.00000
      3.25009      0.00000      0.00000      0.00000
      3.26009      0.00000      0.00000      0.00000
      3.27009      0.00000      0.00000      0.00000
      3.28009      0.00000      0.00000      0.00000
      3.29009      0.00000      0.00000      0.00000
      3.30009      0.00000      0.00000      0.00000
      3.31009      0.00000      0.00000      0.00000
      3.32009      0.00000      0.00000      0.00000
      3.33009      0.00000      0.00000      0.00000
      3.34009      0.00000      0.00000      0.00000
      3.35009      0.00000      0.00000      0.00000
      3.36009      0.00000      0.00000      0.00000
      3.37009      0.00000      0.00000      0.00000
      3.38009      0.00000      0.00000      0.00000
      3.39009      0.00000      0.00000      0.00000
      3.40009      0.00000      0.00000      0.00000
      3.41009      0.00000      0.00000      0.00000
      3.42009      0.00000      0.00000      0.00000
      3.43009      0.00000      0.00000      0.00000
      3.44009      0.00000      0.00000      0.00000
      3.45009      0.00000      0.00000      0.00000
      3.46009      0.00000      0.00000      0.00000
      3.47009      0.00000      0.00000      0.00000
      3.48009      0.00000      0.00000      0.00000
      3.49009      0.00000      0.00000      0.00000
      3.50009      0.00000      0.00000      0.00000
      3.51009      0.00000      0.00000      0.00000
      3.52009      0.00000      0.00000      0.00000
      3.53009      0.00000      0.00000      0.00000
      3.54009      0.00000      0.00000      0.00000
      3.55009      0.00000      0.00000      0.00000
      3.56009      0.00000      0.00000      0.00000
      3.57009      0.00000      0.00000      0.00000
      3.58009      0.00000      0.00000      0.00000
      3.59009      0.00000      0.00000      0.00000
      3.60009      0.00000      0.00000      0.00000
      3.61009      0.00000      0.00000      0.00000
      3.62009      0.00000      0.00000      0.00000
      3.63009      0.00000      0.00000      0.00000
      3.64009      0.00000      0.00000      0.00000
      3.65009      0.00000      0.00000      0.00000
      3.66009      0.00000      0.00000      0.00000
      3.67009      0.00000      0.00000      0.00000
      3.68009      0.00000      0.00000      0.00000
      3.69009      0.00000      0.00000      0.00000
      3.70009      0.00000      0.00000      0.00000
      3.71009      0.00000      0.00000      0.00000
      3.72009      0.00000      0.00000      0.00000
      3.73009      0.00000      0.00000      0.00000
      3.74009      0.00000      0.00000      0.00000
      3.75009      0.00000      0.00000      0.00000
      3.76009      0.00000      0.00000      0.00000
      3.77009      0.00000      0.00000      0.00000
      3.78009      0.00000      0.00000      0.00000
      3.79009      0.00000      0.00000      0.00000
      3.80009      0.00000      0.00000      0.00000
      3.81009      0.00000      0.00000      0.00000
      3.82009      0.00000      0.00000      0.00000
      3.83009      0.00000      0.00000      0.00000
      3.84009      0.00596      0.00006      0.00589
      3.85009      0.54304      0.00585      0.53719
      3.86009     16.44148      0.17736     16.26412
      3.87009    191.81153      2.07624    189.73529
      3.88009    894.40136      9.74285    884.65850
      3.89009   1806.21378     19.93325   1786.28053
      3.90009   1904.06516     21.60222   1882.46294
      3.91009   1485.73375     17.68200   1468.05174
      3.92009   1185.46960     14.90767   1170.56193
      3.93009   1024.48458     13.55224   1010.93234
      3.94009    921.37572     12.77009    908.60563
      3.95009    847.82645     12.27807    835.54838
      3.96009    792.44993     11.96291    780.48702
      3.97009    748.69462     11.75833    736.93630
      3.98009    713.07331     11.62950    701.44381
      3.99009    682.29014     11.53620    670.75394
      4.00009    655.91707     11.48110    644.43597
      4.01009    633.68558     11.46676    622.21882
      4.02009    615.02120     11.48971    603.53149
      4.03009    615.33006     11.82893    603.50114
      4.04009    756.72544     14.66304    742.06240
      4.05009   1246.79788     23.69623   1223.10165
      4.06009   1728.72388     32.58925   1696.13463
      4.07009   1669.46190     31.85086   1637.61104
      4.08009   1400.03148     27.35791   1372.67357
      4.09009   1226.04756     24.54747   1201.50008
      4.10009   1126.57581     23.05140   1103.52440
      4.11009   1059.59399     22.12458   1037.46942
      4.12009   1009.21604     21.48589    987.73015
      4.13009    969.24021     21.02592    948.21428
      4.14009    936.27509     20.68463    915.59046
      4.15009    908.48560     20.43061    888.05498
      4.16009    884.67648     20.24347    864.43301
      4.17009    863.37140     20.09614    843.27526
      4.18009    844.42244     19.98667    824.43577
      4.19009    827.91544     19.91826    807.99719
      4.20009    813.04909     19.87616    793.17292
      4.21009    799.46256     19.85379    779.60876
      4.22009    786.95623     19.84789    767.10834
      4.23009    775.50821     19.85874    755.64947
      4.24009    765.10640     19.88641    745.21999
      4.25009    755.49370     19.92661    735.56709
      4.26009    746.48679     19.97534    726.51145
      4.27009    738.00700     20.03024    717.97676
      4.28009    730.26960     20.09792    710.17168
      4.29009    723.03690     20.17381    702.86309
      4.30009    715.94380     20.25009    695.69371
      4.31009    709.46881     20.33755    689.13126
      4.32009    703.46934     20.43127    683.03807
      4.33009    697.65861     20.52546    677.13315
      4.34009    692.21910     20.62645    671.59265
      4.35009    687.16320     20.73431    666.42889
      4.36009    682.30155     20.84438    661.45716
      4.37009    677.50142     20.95283    656.54859
      4.38009    673.04583     21.06703    651.97879
      4.39009    668.90947     21.18660    647.72287
      4.40009    664.90859     21.30761    643.60099
      4.41009    661.21233     21.43660    639.77573
      4.42009    657.63565     21.56571    636.06993
      4.43009    654.00193     21.68827    632.31366
      4.44009    650.62585     21.82448    628.80138
      4.45009    647.88129     22.37123    625.51006
      4.46009    652.80179     29.93523    622.86656
      4.47009    699.61433     75.93255    623.68178
      4.48009    790.15041    161.94198    628.20843
      4.49009    878.96370    243.73821    635.22549
      4.50009   1507.45816    806.47394    700.98422
      4.51009   3242.85904   2361.26898    881.59006
      4.52009   4482.74756   3473.88122   1008.86634
      4.53009   4579.78931   3566.64505   1013.14426
      4.54009   5467.29890   4372.91193   1094.38698
      4.55009   6365.91103   5187.30126   1178.60976
      4.56009   5756.96015   4642.89517   1114.06498
      4.57009   4786.50320   3772.29603   1014.20718
      4.58009   4188.32798   3236.45953    951.86845
      4.59009   3819.98702   2907.42257    912.56445
      4.60009   3555.39955   2671.70071    883.69884
      4.61009   3348.87347   2488.10070    860.77277
      4.62009   3180.62882   2338.86710    841.76172
      4.63009   3039.85876   2214.29676    825.56200
      4.64009   2919.71155   2108.04397    811.66759
      4.65009   2815.19970   2015.80026    799.39944
      4.66009   2723.20900   1934.85734    788.35165
      4.67009   2641.33573   1863.03807    778.29765
      4.68009   2567.87094   1798.62474    769.24620
      4.69009   2501.71315   1740.48776    761.22538
      4.70009   2441.46341   1687.81492    753.64849
      4.71009   2386.30184   1639.78714    746.51470
      4.72009   2335.39102   1595.49310    739.89792
      4.73009   2287.92158   1554.38235    733.53923
      4.74009   2243.91642   1516.41323    727.50318
      4.75009   2203.59357   1481.29897    722.29460
      4.76009   2165.99684   1448.63696    717.35989
      4.77009   2130.49714   1418.08625    712.41089
      4.78009   2096.54659   1388.99081    707.55578
      4.79009   2064.59668   1361.54310    703.05358
      4.80009   2035.15519   1335.96863    699.18657
      4.81009   2007.07328   1311.79326    695.28002
      4.82009   1980.52945   1289.23538    691.29407
      4.83009   1955.36127   1267.78131    687.57997
      4.84009   1930.73162   1246.87196    683.85965
      4.85009   1906.76834   1226.78650    679.98184
      4.86009   1884.88412   1207.96577    676.91834
      4.87009   1864.38428   1190.19742    674.18687
      4.88009   1844.54285   1173.39877    671.14408
      4.89009   1825.45425   1157.42405    668.03020
      4.90009   1806.63176   1141.66159    664.97016
      4.91009   1788.85031   1126.38665    662.46366
      4.92009   1771.49843   1111.44818    660.05025
      4.93009   1754.89887   1097.55059    657.34828
      4.94009   1739.13572   1084.42741    654.70831
      4.95009   1723.97471   1071.86451    652.11020
      4.96009   1708.91099   1059.60735    649.30364
      4.97009   1694.40905   1047.57087    646.83818
      4.98009   1681.04294   1036.05104    644.99190
      4.99009   1666.80669   1024.33010    642.47659
      5.00009   1652.51618   1013.14320    639.37298
      5.01009   1638.06317   1002.79405    635.26913
      5.02009   1617.25981    992.32586    624.93396
      5.03009   1569.21103    980.24423    588.96680
      5.04009   1471.65408    964.66366    506.99042
      5.05009   1390.24704    950.13286    440.11418
      5.06009   1419.57592    942.43182    477.14410
      5.07009   1492.98608    937.34119    555.64490
      5.08009   1501.42484    929.40330    572.02154
      5.09009   1470.70277    919.49983    551.20295
      5.10009   1617.22054    913.99310    703.22744
      5.11009   2179.98432    912.34110   1267.64322
      5.12009   2962.98120    910.27345   2052.70775
      5.13009   3113.62184    904.78976   2208.83208
      5.14009   2736.17253    897.66292   1838.50961
      5.15009   2425.62029    889.93095   1535.68934
      5.16009   2280.54261    884.14017   1396.40244
      5.17009   2167.05964    876.43615   1290.62348
      5.18009   1989.96791    864.10186   1125.86605
      5.19009   1909.88034    856.29279   1053.58755
      5.20009   2028.29166    859.14070   1169.15097
      5.21009   2206.84893    862.06676   1344.78217
      5.22009   2151.18882    853.11211   1298.07671
      5.23009   1855.73794    838.71918   1017.01876
      5.24009   1667.09066    828.30124    838.78942
      5.25009   1664.10861    822.46458    841.64403
      5.26009   1724.61397    818.48576    906.12820
      5.27009   1799.09871    816.07718    983.02153
      5.28009   2001.42081    826.58560   1174.83521
      5.29009   2826.59770    892.75556   1933.84213
      5.30009   4198.55162   1007.42016   3191.13146
      5.31009   4591.97537   1038.97488   3553.00049
      5.32009   3967.01008    983.53573   2983.47435
      5.33009   3401.88083    932.94098   2468.93986
      5.34009   3076.44167    902.44118   2174.00049
      5.35009   2861.64060    881.49315   1980.14745
      5.36009   2749.22769    867.13177   1882.09592
      5.37009   2812.27599    860.97388   1951.30211
      5.38009   3046.72671    863.72213   2183.00458
      5.39009   3115.52027    863.01824   2252.50203
      5.40009   2736.72879    844.39783   1892.33097
      5.41009   2370.59991    823.26304   1547.33687
      5.42009   2222.22796    809.91684   1412.31112
      5.43009   2203.02273    802.78293   1400.23980
      5.44009   2367.23083    805.34877   1561.88205
      5.45009   2666.86347    814.91139   1851.95208
      5.46009   2674.11144    810.10273   1864.00871
      5.47009   2319.90740    789.75396   1530.15344
      5.48009   2059.72744    774.53347   1285.19397
      5.49009   2096.02125    772.74134   1323.27991
      5.50009   2337.43690    780.93288   1556.50401
      5.51009   2460.43152    781.45549   1678.97603
      5.52009   2297.60938    768.34995   1529.25943
      5.53009   2046.22848    754.22627   1292.00221
      5.54009   2038.30128    752.75631   1285.54497
      5.55009   2220.15350    759.01775   1461.13575
      5.56009   2284.83376    755.61841   1529.21535
      5.57009   2165.01200    744.65540   1420.35660
      5.58009   2046.88606    738.73547   1308.15059
      5.59009   2106.36024    740.79773   1365.56251
      5.60009   2111.39459    735.35538   1376.03921
      5.61009   2024.41501    725.43278   1298.98224
      5.62009   1960.63829    721.16426   1239.47403
      5.63009   2109.62671    729.25466   1380.37205
      5.64009   2227.14875    732.09231   1495.05644
      5.65009   2133.42544    720.37279   1413.05265
      5.66009   1984.95873    708.65740   1276.30132
      5.67009   1931.91879    706.03924   1225.87954
      5.68009   1983.73771    706.56477   1277.17293
      5.69009   1970.68665    700.93920   1269.74744
      5.70009   1978.10763    698.99204   1279.11560
      5.71009   2015.14446    701.51488   1313.62958
      5.72009   1943.26354    695.40032   1247.86322
      5.73009   1913.91291    688.63107   1225.28184
      5.74009   2003.10827    690.92393   1312.18434
      5.75009   1974.35921    689.72341   1284.63579
      5.76009   1866.82167    681.10356   1185.71810
      5.77009   1906.38418    678.61976   1227.76442
      5.78009   1997.20483    682.51047   1314.69436
      5.79009   1908.55327    677.27806   1231.27521
      5.80009   1817.00053    668.40809   1148.59244
      5.81009   1900.17447    668.97783   1231.19664
      5.82009   1964.78033    671.80161   1292.97872
      5.83009   1842.74002    664.81224   1177.92778
      5.84009   1798.39519    659.58801   1138.80718
      5.85009   1895.62920    663.14866   1232.48054
      5.86009   1866.17873    659.81897   1206.35976
      5.87009   1769.67385    651.76436   1117.90949
      5.88009   1816.69558    652.77592   1163.91966
      5.89009   1855.90875    654.65238   1201.25637
      5.90009   1741.25554    647.15778   1094.09776
      5.91009   1756.47716    647.64029   1108.83687
      5.92009   1990.50290    661.47596   1329.02694
      5.93009   2067.00785    668.43073   1398.57712
      5.94009   1977.31774    665.00729   1312.31046
      5.95009   1958.12169    660.21202   1297.90967
      5.96009   1975.82566    656.72988   1319.09578
      5.97009   1935.69627    651.45022   1284.24605
      5.98009   1937.42178    652.94372   1284.47806
      5.99009   1959.35977    657.35986   1301.99991
      6.00009   1919.67272    656.43221   1263.24051
      6.01009   1964.48798    659.94440   1304.54359
      6.02009   2096.29278    674.18944   1422.10333
      6.03009   2166.83995    758.21830   1408.62165
      6.04009   2593.31762   1291.49289   1301.82473
      6.05009   3966.91738   2686.43928   1280.47810
      6.06009   5086.86572   3792.35327   1294.51245
      6.07009   4485.96800   3291.74147   1194.22653
      6.08009   3471.58346   2362.89947   1108.68399
      6.09009   3194.64244   2000.84820   1193.79424
      6.10009   3016.27918   1813.62505   1202.65414
      6.11009   2713.81467   1633.50122   1080.31344
      6.12009   2596.76463   1530.62931   1066.13532
      6.13009   2413.68214   1306.23355   1107.44859
      6.14009   2263.77573   1159.04405   1104.73169
      6.15009   2402.09312   1192.69757   1209.39555
      6.16009   2688.03684   1363.05343   1324.98341
      6.17009   2683.72815   1478.77570   1204.95245
      6.18009   2404.65333   1295.68298   1108.97035
      6.19009   2449.32459   1190.75454   1258.57005
      6.20009   2512.80845   1233.71656   1279.09189
      6.21009   2357.50179   1210.66002   1146.84177
      6.22009   2416.19063   1240.06716   1176.12347
      6.23009   2468.57803   1246.45786   1222.12017
      6.24009   2593.87980   1336.17929   1257.70051
      6.25009   3133.60055   1671.06940   1462.53115
      6.26009   3701.28113   2138.20609   1563.07504
      6.27009   3584.83402   2291.29241   1293.54161
      6.28009   3311.79021   2197.27150   1114.51872
      6.29009   3339.49915   2098.64041   1240.85874
      6.30009   3195.08731   1944.70013   1250.38718
      6.31009   2849.98094   1770.80132   1079.17962
      6.32009   2633.79995   1500.33426   1133.46569
      6.33009   2572.39810   1234.71967   1337.67843
      6.34009   2331.14019   1038.58427   1292.55591
      6.35009   2071.50710    883.25126   1188.25584
      6.36009   2120.74632    727.53686   1393.20946
      6.37009   2226.94575    674.32489   1552.62086
      6.38009   1998.99765    658.44561   1340.55204
      6.39009   1728.48940    553.85159   1174.63781
      6.40009   1644.82819    371.47310   1273.35509
      6.41009   1619.45133    265.51069   1353.94064
      6.42009   1702.01399    399.10465   1302.90935
      6.43009   1910.75738    562.33004   1348.42734
      6.44009   1995.83151    542.29246   1453.53906
      6.45009   1951.67864    490.58918   1461.08946
      6.46009   1915.37152    403.92935   1511.44218
      6.47009   1802.44536    290.44707   1511.99829
      6.48009   1792.48719    330.14979   1462.33739
      6.49009   1879.25553    414.80348   1464.45206
      6.50009   1823.30466    441.76411   1381.54055
      6.51009   2002.41757    692.08867   1310.32890
      6.52009   2675.50884   1271.03094   1404.47790
      6.53009   3205.78904   1690.83573   1514.95331
      6.54009   2865.48715   1479.81631   1385.67084
      6.55009   2432.06560   1092.08613   1339.97947
      6.56009   2478.84033    950.26146   1528.57888
      6.57009   2602.62163    940.61383   1662.00780
      6.58009   2631.85311    909.02647   1722.82664
      6.59009   2650.67123    911.95572   1738.71551
      6.60009   2728.70778   1013.93851   1714.76927
      6.61009   2895.76782   1118.90894   1776.85887
      6.62009   3038.93880   1077.06490   1961.87390
      6.63009   3010.71224    969.05172   2041.66052
      6.64009   3010.20471    975.92749   2034.27722
      6.65009   3474.02916   1191.84081   2282.18835
      6.66009   4495.46878   1481.67257   3013.79621
      6.67009   4834.85602   1489.37749   3345.47853
      6.68009   3688.05563   1315.45382   2372.60181
      6.69009   2395.55957   1176.35678   1219.20278
      6.70009   2066.60916   1191.72269    874.88646
      6.71009   2225.31522   1323.65444    901.66078
      6.72009   2339.86569   1380.42039    959.44529
      6.73009   2334.16061   1390.25064    943.90997
      6.74009   2083.92313   1281.62821    802.29492
      6.75009   1939.82237   1161.27802    778.54435
      6.76009   2165.59226   1208.61684    956.97542
      6.77009   2325.89061   1339.38655    986.50406
      6.78009   2182.10575   1341.12700    840.97875
      6.79009   2082.66600   1257.93834    824.72766
      6.80009   2087.85103   1183.64713    904.20390
      6.81009   1946.75863   1054.71100    892.04763
      6.82009   1841.64498    989.84037    851.80461
      6.83009   1702.50777    926.97759    775.53018
      6.84009   1500.25994    829.25382    671.00613
      6.85009   1519.34836    767.75935    751.58901
      6.86009   1624.30584    745.13698    879.16886
      6.87009   1671.99410    866.26638    805.72772
      6.88009   1894.73810   1130.34283    764.39526
      6.89009   2087.60287   1218.20045    869.40242
      6.90009   1996.76679   1079.51138    917.25541
      6.91009   1854.04026    977.85650    876.19343
      6.92009   1765.79632    951.93006    814.39458
      6.93009   1728.05731   1012.34587    726.56458
      6.94009   2313.32858   1718.78754    681.35975
      6.95009   4155.34673   3584.77595    855.14516
      6.96009   5439.40981   4957.88497    921.76007
      6.97009   5473.87251   5224.05740    739.14806
      6.98009   6439.85563   6379.65238    683.09299
      6.99009   7173.41056   7061.88143    801.54427
      7.00009   6306.05850   6032.03683    850.47480
      7.01009   5326.74328   4929.66493    853.57374
      7.02009   4888.97385   4463.00329    821.71498
      7.03009   4584.98930   4276.39867    673.17108
      7.04009   4382.65024   4058.77471    654.38954
      7.05009   4382.41687   3792.13591    887.10519
      7.06009   4308.57334   3600.29899    983.69827
      7.07009   4184.43985   3608.29033    846.23017
      7.08009   4195.64686   3673.74596    783.34133
      7.09009   4101.58398   3579.65095    771.21984
      7.10009   3868.79017   3359.77210    754.32348
      7.11009   3619.09849   2986.60525    864.78650
      7.12009   3301.84455   2687.44920    834.57387
      7.13009   3082.25377   2610.55414    682.06492
      7.14009   3101.38204   2633.02903    671.19903
      7.15009   3197.59528   2652.35936    747.78291
      7.16009   3425.85708   2800.24121    831.01469
      7.17009   3739.21192   3002.62403    934.91949
      7.18009   3516.13582   2822.49154    872.40051
      7.19009   3040.64991   2473.08070    729.40120
      7.20009   3019.50824   2395.79485    784.03234
      7.21009   3075.58135   2353.68675    889.07335
      7.22009   3032.81030   2332.42048    867.03145
      7.23009   2970.87499   2340.54257    793.68389
      7.24009   2992.90861   2444.40879    717.45134
      7.25009   3037.90401   2577.24631    635.07673
      7.26009   2950.47607   2384.66845    728.38005
      7.27009   2928.24563   2107.75608    966.11442
      7.28009   2811.76845   1997.55485    953.90681
      7.29009   2823.04712   2170.24966    798.69830
      7.30009   3115.34047   2481.82392    788.81617
      7.31009   3012.15947   2396.16963    766.98371
      7.32009   2812.21627   2146.36537    804.48559
      7.33009   2939.86812   2081.07322    994.22569
      7.34009   3018.07288   2184.41665    974.12686
      7.35009   2916.76418   2241.20217    807.49339
      7.36009   2850.55977   2233.53825    743.82985
      7.37009   2639.89964   2095.29531    678.81056
      7.38009   2492.17997   1878.64536    745.22027
      7.39009   2774.56446   1957.49290    948.27939
      7.40009   2901.21151   2065.78637    966.25938
      7.41009   2717.01792   1938.48729    899.61807
      7.42009   2767.52469   2037.43737    853.30541
      7.43009   2873.69574   2165.82346    833.06808
      7.44009   2993.22608   2178.81977    932.70787
      7.45009   3232.46991   2345.21522   1003.25310
      7.46009   3457.36398   2517.36839   1057.79061
      7.47009   3379.34657   2385.14360   1111.66155
      7.48009   3162.29889   2251.98684   1029.52046
      7.49009   3156.34801   2332.64780    945.75571
      7.50009   3009.29142   2283.08273    842.95418
      7.51009   2674.47365   2068.85740    716.87648
      7.52009   2585.97706   1929.99571    766.05516
      7.53009   2870.21177   1999.81663    977.01209
      7.54009   3182.26727   2193.78879   1095.12144
      7.55009   3099.57773   2220.90566    985.73492
      7.56009   3006.03737   2233.02872    878.85081
      7.57009   3062.83065   2262.92359    904.02251
      7.58009   2993.62409   2168.84165    922.81506
      7.59009   2869.87635   2081.18441    886.96390
      7.60009   2903.76833   2110.04182    894.37294
      7.61009   3118.42275   2240.74213    988.85280
      7.62009   3263.62459   2222.24649   1156.38279
      7.63009   3315.27966   2153.76022   1267.54000
      7.64009   3112.54435   2065.19728   1136.87950
      7.65009   2801.63942   1964.88731    926.72196
      7.66009   2673.74384   1885.92533    884.10750
      7.67009   2902.08328   1983.01017   1019.39617
      7.68009   3147.09100   2076.47996   1169.01588
      7.69009   3084.14411   2042.66821   1133.96163
      7.70009   3155.53473   2148.23368   1108.25145
      7.71009   3285.29794   2114.18835   1267.68161
      7.72009   3272.65632   1963.38129   1396.83150
      7.73009   3072.00834   1887.51653   1270.49758
      7.74009   2897.72969   1864.82608   1111.41992
      7.75009   3063.21855   2017.70072   1128.59354
      7.76009   3174.67154   2108.43822   1150.13382
      7.77009   3110.41113   2046.62976   1143.48227
      7.78009   3090.85930   2038.75901   1144.04493
      7.79009   3046.52441   1934.03509   1201.54415
      7.80009   2902.28164   1758.09858   1212.49750
      7.81009   2847.70989   1775.89610   1138.22023
      7.82009   2900.66909   1798.12307   1172.04315
      7.83009   3123.15700   1812.93030   1370.61661
      7.84009   3186.05690   1743.87463   1493.72574
      7.85009   3057.29537   1670.91145   1440.61455
      7.86009   3164.71621   1830.33524   1387.95334
      7.87009   3376.92657   1929.73291   1487.89782
      7.88009   3292.58338   1742.90317   1577.41563
      7.89009   3252.66392   1665.14608   1610.58280
      7.90009   3649.01891   1968.65300   1710.40993
      7.91009   4269.04499   2320.07820   1988.15033
      7.92009   4687.57687   2322.91681   2400.00542
      7.93009   4451.13321   1944.38429   2526.66900
      7.94009   3607.83856   1654.86722   1970.17259
      7.95009   3329.03312   2004.94962   1378.90558
      7.96009   3725.66901   2659.96488   1177.36241
      7.97009   3856.64246   2904.93310   1086.84925
      7.98009   3409.39208   2648.16454    893.29197
      7.99009   2842.02819   2228.05438    733.75748
      8.00009   2581.14594   1957.36700    729.74830
      8.01009   2450.01846   1803.94728    746.14411
      8.02009   2221.25543   1569.36004    739.79576
      8.03009   2071.06017   1424.30982    722.64789
      8.04009   2220.44906   1531.80751    765.76641
      8.05009   2576.60355   1742.10786    916.99817
      8.06009   2443.93058   1636.22881    885.16352
      8.07009   1883.79310   1294.39175    661.04829
      8.08009   1743.78813   1204.52127    615.01085
      8.09009   1944.06154   1273.05148    751.70143
      8.10009   2042.63145   1393.47162    734.26181
      8.11009   2084.44888   1548.83408    615.81491
      8.12009   2176.35825   1594.63441    642.40121
      8.13009   2204.27628   1489.06696    764.40760
      8.14009   2203.82621   1397.76147    868.83062
      8.15009   2369.64311   1510.00296    938.80052
      8.16009   2559.56996   1661.01043    988.02619
      8.17009   2608.59950   1695.95558   1008.46303
      8.18009   2437.50546   1576.70239    942.86418
      8.19009   2177.44641   1392.69964    841.95171
      8.20009   2018.21514   1231.96651    822.94082
      8.21009   1856.65842   1069.55734    815.24181
      8.22009   1695.36806    971.01023    756.61149
      8.23009   2124.03108   1337.78473    851.32333
      8.24009   3368.41137   2141.39378   1333.46736
      8.25009   4410.36526   2673.97556   1851.34147
      8.26009   4004.80043   2491.77109   1613.11361
      8.27009   2825.07565   1970.28865    940.40684
      8.28009   1996.68042   1471.38099    598.56870
      8.29009   1742.99419   1187.08946    619.35581
      8.30009   1860.87601   1181.81205    736.42626
      8.31009   2078.81717   1339.97847    792.50061
      8.32009   2212.04915   1483.54016    780.44334
      8.33009   2177.52705   1543.54365    683.95732
      8.34009   1964.64020   1532.53548    482.29058
      8.35009   1772.43242   1415.73545    406.00613
      8.36009   1871.91047   1378.46392    544.28397
      8.37009   2159.27331   1508.36180    716.85286
      8.38009   2512.43619   1735.38067    867.94456
      8.39009   2475.93064   1788.70857    785.52728
      8.40009   1984.34274   1533.56803    536.43549
      8.41009   1605.57194   1295.58998    380.97176
      8.42009   1493.37486   1222.00304    330.51697
      8.43009   1572.70605   1216.47098    406.01379
      8.44009   1742.44375   1246.96353    536.51800
      8.45009   1881.66097   1327.77989    590.51327
      8.46009   2100.92300   1483.59096    659.73048
      8.47009   2307.00281   1566.34660    797.09664
      8.48009   2301.60478   1499.29201    866.20326
      8.49009   2287.34945   1429.76524    912.08141
      8.50009   2195.70180   1344.93605    894.66888
      8.51009   1887.63952   1182.48504    741.47543
      8.52009   1632.16037   1072.41741    593.54774
      8.53009   1555.06119   1069.50317    525.51038
      8.54009   1588.55138   1088.91088    535.61788
      8.55009   1630.18555   1030.21122    624.48664
      8.56009   1770.09892   1144.11401    666.02862
      8.57009   2083.32301   1446.05910    703.93940
      8.58009   2246.93222   1546.35701    763.52320
      8.59009   2251.38147   1515.89786    784.69405
      8.60009   2279.45309   1505.70760    815.01254
      8.61009   2133.49842   1372.13963    791.86226
      8.62009   2002.16045   1262.61356    767.66922
      8.63009   2218.04981   1435.65303    824.89392
      8.64009   2496.54812   1712.23927    846.68817
      8.65009   2526.84142   1784.66680    809.98995
      8.66009   2273.87483   1554.38730    765.47339
      8.67009   2065.79466   1335.43183    754.03173
      8.68009   2295.65962   1415.40263    898.69039
      8.69009   2755.22505   1717.93746   1061.67570
      8.70009   2661.16249   1742.26835    943.90740
      8.71009   2352.08655   1546.25494    824.63661
      8.72009   2301.29789   1441.61858    879.48315
      8.73009   2175.06415   1333.01047    870.23655
      8.74009   1852.95037   1072.56799    803.71244
      8.75009   1698.48689    944.23992    770.46652
      8.76009   1906.13636   1118.90290    807.35950
      8.77009   2364.05648   1421.66823    972.67171
      8.78009   2461.82749   1526.38327    985.66873
      8.79009   2209.01210   1402.38158    872.06727
      8.80009   2342.36934   1528.06406    881.69633
      8.81009   2622.31319   1730.12171    957.58114
      8.82009   2700.05964   1738.52989   1029.06221
      8.83009   2881.30173   1904.55642   1057.91843
      8.84009   2978.97240   2065.95183   1002.48196
      8.85009   2759.04081   1868.82780    968.83856
      8.86009   2534.08071   1677.96538    925.22373
      8.87009   2483.27000   1731.03068    821.33013
      8.88009   2430.24219   1748.32636    754.37287
