cpu-bind=MASK - lcn1305, task  0  0 [3466535]: mask |BBBBBBBB|BBBBBBBB|BBBBBBBB|BBBBBBBB|BBBBBBBB|BBBBBBBB|BBBBBBBB|BBBBBBBB|BBBBBBBB|BBBBBBBB|BBBBBBBB|BBBBBBBB||||BBBBBBBB|BBBBBBBB|BBBBBBBB|BBBBBBBB|BBBBBBBB|BBBBBBBB|BBBBBBBB|BBBBBBBB|BBBBBBBB|BBBBBBBB|BBBBBBBB|BBBBBBBB|  set
Running "module reset". Resetting modules to system default. The following $MODULEPATH directories have been removed: None
Running "module reset". Resetting modules to system default. The following $MODULEPATH directories have been removed: None
malloc(): unsorted double linked list corrupted

Program received signal SIGABRT: Process abort signal.

Backtrace for this error:
malloc(): unsorted double linked list corrupted
malloc(): unsorted double linked list corrupted

Program received signal SIGABRT: Process abort signal.

Backtrace for this error:
malloc(): unsorted double linked list corrupted

Program received signal SIGABRT: Process abort signal.

Backtrace for this error:
malloc(): unsorted double linked list corrupted

Program received signal SIGABRT: Process abort signal.

Backtrace for this error:
malloc(): unsorted double linked list corrupted

Program received signal SIGABRT: Process abort signal.

Backtrace for this error:
corrupted double-linked list

Program received signal SIGABRT: Process abort signal.

Backtrace for this error:

Program received signal SIGABRT: Process abort signal.

Backtrace for this error:
malloc(): unsorted double linked list corrupted

Program received signal SIGABRT: Process abort signal.

Backtrace for this error:
malloc(): unsorted double linked list corrupted

Program received signal SIGABRT: Process abort signal.

Backtrace for this error:
malloc(): unsorted double linked list corrupted

Program received signal SIGABRT: Process abort signal.

Backtrace for this error:
malloc(): unsorted double linked list corrupted

Program received signal SIGABRT: Process abort signal.

Backtrace for this error:
malloc(): unsorted double linked list corrupted

Program received signal SIGABRT: Process abort signal.

Backtrace for this error:
malloc(): unsorted double linked list corrupted

Program received signal SIGABRT: Process abort signal.

Backtrace for this error:
malloc(): unsorted double linked list corrupted

Program received signal SIGABRT: Process abort signal.

Backtrace for this error:
malloc(): unsorted double linked list corrupted

Program received signal SIGABRT: Process abort signal.

Backtrace for this error:
malloc(): unsorted double linked list corrupted

Program received signal SIGABRT: Process abort signal.

Backtrace for this error:
corrupted double-linked list

Program received signal SIGABRT: Process abort signal.

Backtrace for this error:
corrupted double-linked list

Program received signal SIGABRT: Process abort signal.

Backtrace for this error:
malloc(): unsorted double linked list corrupted

Program received signal SIGABRT: Process abort signal.

Backtrace for this error:
malloc(): unsorted double linked list corrupted

Program received signal SIGABRT: Process abort signal.

Backtrace for this error:
corrupted double-linked list
malloc(): unsorted double linked list corrupted
malloc(): unsorted double linked list corrupted
malloc(): unsorted double linked list corrupted

Program received signal SIGABRT: Process abort signal.

Backtrace for this error:
malloc(): unsorted double linked list corrupted

Program received signal SIGABRT: Process abort signal.

Backtrace for this error:
malloc(): unsorted double linked list corrupted

Program received signal SIGABRT: Process abort signal.

Backtrace for this error:
malloc(): unsorted double linked list corrupted

Program received signal SIGABRT: Process abort signal.

Backtrace for this error:
malloc(): unsorted double linked list corrupted
malloc(): unsorted double linked list corrupted
malloc(): unsorted double linked list corrupted

Program received signal SIGABRT: Process abort signal.

Backtrace for this error:
malloc(): unsorted double linked list corrupted

Program received signal SIGABRT: Process abort signal.

Backtrace for this error:
corrupted double-linked list

Program received signal SIGABRT: Process abort signal.

Backtrace for this error:
malloc(): unsorted double linked list corrupted

Program received signal SIGABRT: Process abort signal.

Backtrace for this error:
malloc(): unsorted double linked list corrupted

Program received signal SIGABRT: Process abort signal.

Backtrace for this error:
malloc(): unsorted double linked list corrupted

Program received signal SIGABRT: Process abort signal.

Backtrace for this error:
malloc(): unsorted double linked list corrupted
malloc(): unsorted double linked list corrupted
malloc(): unsorted double linked list corrupted
malloc(): unsorted double linked list corrupted

Program received signal SIGABRT: Process abort signal.

Backtrace for this error:

Program received signal SIGABRT: Process abort signal.

Backtrace for this error:
malloc(): unsorted double linked list corrupted
corrupted double-linked list
malloc(): unsorted double linked list corrupted

Program received signal SIGABRT: Process abort signal.

Backtrace for this error:

Program received signal SIGABRT: Process abort signal.

Backtrace for this error:

Program received signal SIGABRT: Process abort signal.

Backtrace for this error:
malloc(): unsorted double linked list corrupted
malloc(): unsorted double linked list corrupted
malloc(): unsorted double linked list corrupted

Program received signal SIGABRT: Process abort signal.

Backtrace for this error:
malloc(): unsorted double linked list corrupted

Program received signal SIGABRT: Process abort signal.

Backtrace for this error:
malloc(): unsorted double linked list corrupted

Program received signal SIGABRT: Process abort signal.

Backtrace for this error:
malloc(): unsorted double linked list corrupted

Program received signal SIGABRT: Process abort signal.

Backtrace for this error:

Program received signal SIGABRT: Process abort signal.

Backtrace for this error:

Program received signal SIGABRT: Process abort signal.

Backtrace for this error:

Program received signal SIGABRT: Process abort signal.

Backtrace for this error:

Program received signal SIGABRT: Process abort signal.

Backtrace for this error:

Program received signal SIGABRT: Process abort signal.

Backtrace for this error:
malloc(): unsorted double linked list corrupted
malloc(): unsorted double linked list corrupted

Program received signal SIGABRT: Process abort signal.

Backtrace for this error:
malloc(): unsorted double linked list corrupted

Program received signal SIGABRT: Process abort signal.

Backtrace for this error:
malloc(): unsorted double linked list corrupted

Program received signal SIGABRT: Process abort signal.

Backtrace for this error:
malloc(): unsorted double linked list corrupted
malloc(): unsorted double linked list corrupted
malloc(): unsorted double linked list corrupted
malloc(): unsorted double linked list corrupted

Program received signal SIGABRT: Process abort signal.

Backtrace for this error:

Program received signal SIGABRT: Process abort signal.

Backtrace for this error:

Program received signal SIGABRT: Process abort signal.

Backtrace for this error:
corrupted double-linked list

Program received signal SIGABRT: Process abort signal.

Backtrace for this error:
malloc(): unsorted double linked list corrupted

Program received signal SIGABRT: Process abort signal.

Backtrace for this error:

Program received signal SIGABRT: Process abort signal.

Backtrace for this error:

Program received signal SIGABRT: Process abort signal.

Backtrace for this error:
malloc(): unsorted double linked list corrupted

Program received signal SIGABRT: Process abort signal.

Backtrace for this error:
malloc(): unsorted double linked list corrupted

Program received signal SIGABRT: Process abort signal.

Backtrace for this error:

Program received signal SIGABRT: Process abort signal.

Backtrace for this error:
malloc(): unsorted double linked list corrupted
malloc(): unsorted double linked list corrupted

Program received signal SIGABRT: Process abort signal.

Backtrace for this error:
malloc(): unsorted double linked list corrupted

Program received signal SIGABRT: Process abort signal.

Backtrace for this error:
malloc(): unsorted double linked list corrupted
malloc(): unsorted double linked list corrupted

Program received signal SIGABRT: Process abort signal.

Backtrace for this error:

Program received signal SIGABRT: Process abort signal.

Backtrace for this error:

Program received signal SIGABRT: Process abort signal.

Backtrace for this error:

Program received signal SIGABRT: Process abort signal.

Backtrace for this error:
malloc(): unsorted double linked list corrupted
malloc(): unsorted double linked list corrupted
malloc(): unsorted double linked list corrupted

Program received signal SIGABRT: Process abort signal.

Backtrace for this error:

Program received signal SIGABRT: Process abort signal.

Backtrace for this error:

Program received signal SIGABRT: Process abort signal.

Backtrace for this error:

Program received signal SIGABRT: Process abort signal.

Backtrace for this error:

Program received signal SIGABRT: Process abort signal.

Backtrace for this error:
malloc(): unsorted double linked list corrupted
malloc(): unsorted double linked list corrupted

Program received signal SIGABRT: Process abort signal.

Backtrace for this error:

Program received signal SIGABRT: Process abort signal.

Backtrace for this error:
#0  0x14d68a654daf in ???
#1  0x14d68a6a154c in ???
#2  0x14d68a654d05 in ???
#3  0x14d68a6287f2 in ???
#4  0x14d68a62912f in ???
#5  0x14d68a6ab616 in ???
#6  0x14d68a6ae5eb in ???
#7  0x14d68a6af428 in ???
#8  0x14d68b3fd3ed in ???
#9  0x14d68b406c87 in ???
#10  0x14d68a841cb9 in ???
#11  0x14d68a8370ee in ???
#12  0x14d68b405259 in ???
#13  0x14d68b407eab in ???
#14  0x14d68b409424 in ???
#15  0x14d68b4017b0 in ???
#16  0x14d68aec78c8 in ???
#0  0x1461c4e54daf in ???
#1  0x1461c4ea154c in ???
#2  0x1461c4e54d05 in ???
#3  0x1461c4e287f2 in ???
#4  0x1461c4e2912f in ???
#5  0x1461c4eab616 in ???
#6  0x1461c4eae5eb in ???
#7  0x1461c4eaf428 in ???
#8  0x1461c5b4c3ed in ???
#9  0x1461c5b55c87 in ???
#10  0x1461c4cb0cb9 in ???
#11  0x1461c4ca60ee in ???
#12  0x1461c5b54259 in ???
#13  0x1461c5b56eab in ???
#14  0x1461c5b58424 in ???
#15  0x1461c5b507b0 in ???
#16  0x1461c56168c8 in ???
#0  0x1507d7454daf in ???
#1  0x1507d74a154c in ???
#2  0x1507d7454d05 in ???
#3  0x1507d74287f2 in ???
#4  0x1507d742912f in ???
#5  0x1507d74ab616 in ???
#6  0x1507d74ae5eb in ???
#7  0x1507d74af428 in ???
#8  0x1507d80433ed in ???
#9  0x1507d804cc87 in ???
#10  0x1507d7276cb9 in ???
#11  0x1507d726c0ee in ???
#12  0x1507d804b259 in ???
#13  0x1507d804deab in ???
#14  0x1507d804f424 in ???
#15  0x1507d80477b0 in ???
#16  0x1507d7b0d8c8 in ???
#0  0x146c70e54daf in ???
#1  0x146c70ea154c in ???
#2  0x146c70e54d05 in ???
#3  0x146c70e287f2 in ???
#4  0x146c70e2912f in ???
#5  0x146c70eab616 in ???
#6  0x146c70eae5eb in ???
#7  0x146c70eaf428 in ???
#8  0x146c71be43ed in ???
#9  0x146c71bedc87 in ???
#10  0x146c70cb0cb9 in ???
#11  0x146c70ca60ee in ???
#12  0x146c71bec259 in ???
#13  0x146c71beeeab in ???
#14  0x146c71bf0424 in ???
#15  0x146c71be87b0 in ???
#16  0x146c716ae8c8 in ???
#0  0x1550b0e54daf in ???
#1  0x1550b0ea154c in ???
#2  0x1550b0e54d05 in ???
#3  0x1550b0e287f2 in ???
#4  0x1550b0e2912f in ???
#5  0x1550b0eab616 in ???
#6  0x1550b0eae5eb in ???
#7  0x1550b0eaf428 in ???
#8  0x1550b1ba13ed in ???
#9  0x1550b1baac87 in ???
#10  0x1550b0cb0cb9 in ???
#11  0x1550b0ca60ee in ???
#12  0x1550b1ba9259 in ???
#13  0x1550b1babeab in ???
#14  0x1550b1bad424 in ???
#15  0x1550b1ba57b0 in ???
#16  0x1550b166b8c8 in ???
#0  0x145898654daf in ???
#1  0x1458986a154c in ???
#2  0x145898654d05 in ???
#3  0x1458986287f2 in ???
#4  0x14589862912f in ???
#5  0x1458986ab616 in ???
#6  0x1458986ae5eb in ???
#7  0x1458986af428 in ???
#8  0x1458994123ed in ???
#9  0x14589941bc87 in ???
#10  0x145898856cb9 in ???
#11  0x14589884c0ee in ???
#12  0x14589941a259 in ???
#13  0x14589941ceab in ???
#14  0x14589941e424 in ???
#15  0x1458994167b0 in ???
#16  0x145898edc8c8 in ???
#17  0x3b1687f in __message_passing_MOD_mp_world_finalize
	at /pc2/users/e/eprop2d2/cp2k_dev/src/mpiwrap/message_passing.F:1250
#17  0x3b1687f in __message_passing_MOD_mp_world_finalize
	at /pc2/users/e/eprop2d2/cp2k_dev/src/mpiwrap/message_passing.F:1250
#17  0x3b1687f in __message_passing_MOD_mp_world_finalize
	at /pc2/users/e/eprop2d2/cp2k_dev/src/mpiwrap/message_passing.F:1250
#17  0x3b1687f in __message_passing_MOD_mp_world_finalize
	at /pc2/users/e/eprop2d2/cp2k_dev/src/mpiwrap/message_passing.F:1250
#18  0x169d274 in __f77_interface_MOD_finalize_cp2k
	at /pc2/users/e/eprop2d2/cp2k_dev/src/f77_interface.F:362
#18  0x169d274 in __f77_interface_MOD_finalize_cp2k
	at /pc2/users/e/eprop2d2/cp2k_dev/src/f77_interface.F:362
#18  0x169d274 in __f77_interface_MOD_finalize_cp2k
	at /pc2/users/e/eprop2d2/cp2k_dev/src/f77_interface.F:362
#18  0x169d274 in __f77_interface_MOD_finalize_cp2k
	at /pc2/users/e/eprop2d2/cp2k_dev/src/f77_interface.F:362
#19  0x6b177c in cp2k
	at /pc2/users/e/eprop2d2/cp2k_dev/src/start/cp2k.F:389
#19  0x6b177c in cp2k
	at /pc2/users/e/eprop2d2/cp2k_dev/src/start/cp2k.F:389
#19  0x6b177c in cp2k
	at /pc2/users/e/eprop2d2/cp2k_dev/src/start/cp2k.F:389
#19  0x6b177c in cp2k
	at /pc2/users/e/eprop2d2/cp2k_dev/src/start/cp2k.F:389
#20  0x5e600c in main
	at /pc2/users/e/eprop2d2/cp2k_dev/src/start/cp2k.F:44
#20  0x5e600c in main
	at /pc2/users/e/eprop2d2/cp2k_dev/src/start/cp2k.F:44
#20  0x5e600c in main
	at /pc2/users/e/eprop2d2/cp2k_dev/src/start/cp2k.F:44
#20  0x5e600c in main
	at /pc2/users/e/eprop2d2/cp2k_dev/src/start/cp2k.F:44
#0  0x145a33254daf in ???
#1  0x145a332a154c in ???
#2  0x145a33254d05 in ???
#3  0x145a332287f2 in ???
#4  0x145a3322912f in ???
#5  0x145a332ab616 in ???
#6  0x145a332ae5eb in ???
#7  0x145a332af428 in ???
#8  0x145a341106fe in ???
#9  0x145a33f6cc9c in ???
#10  0x145a330b0cb9 in ???
#11  0x145a330a60ee in ???
#12  0x145a33f6b259 in ???
#13  0x145a33f6deab in ???
#14  0x145a33f6f424 in ???
#15  0x145a33f677b0 in ???
#16  0x145a33a2d8c8 in ???
#0  0x146952c54daf in ???
#1  0x146952ca154c in ???
#2  0x146952c54d05 in ???
#3  0x146952c287f2 in ???
#4  0x146952c2912f in ???
#5  0x146952cab616 in ???
#6  0x146952cae5eb in ???
#7  0x146952caf428 in ???
#8  0x146953a203ed in ???
#9  0x146953a29c87 in ???
#10  0x146952e64cb9 in ???
#11  0x146952e5a0ee in ???
#12  0x146953a28259 in ???
#13  0x146953a2aeab in ???
#14  0x146953a2c424 in ???
#15  0x146953a247b0 in ???
#16  0x1469534ea8c8 in ???
#0  0x14a9e7a54daf in ???
#1  0x14a9e7aa154c in ???
#2  0x14a9e7a54d05 in ???
#3  0x14a9e7a287f2 in ???
#4  0x14a9e7a2912f in ???
#5  0x14a9e7aab616 in ???
#6  0x14a9e7aae5eb in ???
#7  0x14a9e7aaf428 in ???
#8  0x14a9e88b46fe in ???
#9  0x14a9e8710c9c in ???
#10  0x14a9e78b0cb9 in ???
#11  0x14a9e78a60ee in ???
#12  0x14a9e870f259 in ???
#13  0x14a9e8711eab in ???
#14  0x14a9e8713424 in ???
#15  0x14a9e870b7b0 in ???
#16  0x14a9e81d18c8 in ???
#0  0x14d609854daf in ???
#1  0x14d6098a154c in ???
#2  0x14d609854d05 in ???
#3  0x14d6098287f2 in ???
#4  0x14d60982912f in ???
#5  0x14d6098ab616 in ???
#6  0x14d6098ac16b in ???
#7  0x14d6098ad1ca in ???
#8  0x14d6098af954 in ???
#9  0x14d60a5d519e in ???
#10  0x14d60a5438f9 in ???
#11  0x14d60a544028 in ???
#12  0x14d6096b0cb9 in ???
#13  0x14d6096a60ee in ???
#14  0x14d60a573259 in ???
#15  0x14d60a575eab in ???
#16  0x14d60a577424 in ???
#17  0x14d60a56f7b0 in ???
#18  0x14d60a0358c8 in ???
#17  0x3b1687f in __message_passing_MOD_mp_world_finalize
	at /pc2/users/e/eprop2d2/cp2k_dev/src/mpiwrap/message_passing.F:1250
#17  0x3b1687f in __message_passing_MOD_mp_world_finalize
	at /pc2/users/e/eprop2d2/cp2k_dev/src/mpiwrap/message_passing.F:1250
#0  0x14d1b2854daf in ???
#1  0x14d1b28a154c in ???
#2  0x14d1b2854d05 in ???
#3  0x14d1b28287f2 in ???
#4  0x14d1b282912f in ???
#5  0x14d1b28ab616 in ???
#6  0x14d1b28ae5eb in ???
#7  0x14d1b28af428 in ???
#8  0x14d1b36043ed in ???
#9  0x14d1b360dc87 in ???
#10  0x14d1b2a48cb9 in ???
#11  0x14d1b2a3e0ee in ???
#12  0x14d1b360c259 in ???
#13  0x14d1b360eeab in ???
#14  0x14d1b3610424 in ???
#15  0x14d1b36087b0 in ???
#0  0x14dcf3054daf in ???
#1  0x14dcf30a154c in ???
#2  0x14dcf3054d05 in ???
#3  0x14dcf30287f2 in ???
#4  0x14dcf302912f in ???
#5  0x14dcf30ab616 in ???
#6  0x14dcf30ae5eb in ???
#7  0x14dcf30af428 in ???
#8  0x14dcf3d8a3ed in ???
#9  0x14dcf3d93c87 in ???
#10  0x14dcf2eb0cb9 in ???
#11  0x14dcf2ea60ee in ???
#12  0x14dcf3d92259 in ???
#13  0x14dcf3d94eab in ???
#14  0x14dcf3d96424 in ???
#15  0x14dcf3d8e7b0 in ???
#16  0x14dcf38548c8 in ???
#16  0x14d1b30ce8c8 in ???
#18  0x169d274 in __f77_interface_MOD_finalize_cp2k
	at /pc2/users/e/eprop2d2/cp2k_dev/src/f77_interface.F:362
#18  0x169d274 in __f77_interface_MOD_finalize_cp2k
	at /pc2/users/e/eprop2d2/cp2k_dev/src/f77_interface.F:362
#19  0x6b177c in cp2k
	at /pc2/users/e/eprop2d2/cp2k_dev/src/start/cp2k.F:389
#19  0x6b177c in cp2k
	at /pc2/users/e/eprop2d2/cp2k_dev/src/start/cp2k.F:389
#20  0x5e600c in main
	at /pc2/users/e/eprop2d2/cp2k_dev/src/start/cp2k.F:44
#20  0x5e600c in main
	at /pc2/users/e/eprop2d2/cp2k_dev/src/start/cp2k.F:44
#17  0x3b1687f in __message_passing_MOD_mp_world_finalize
	at /pc2/users/e/eprop2d2/cp2k_dev/src/mpiwrap/message_passing.F:1250
#17  0x3b1687f in __message_passing_MOD_mp_world_finalize
	at /pc2/users/e/eprop2d2/cp2k_dev/src/mpiwrap/message_passing.F:1250
#19  0x3b1687f in __message_passing_MOD_mp_world_finalize
	at /pc2/users/e/eprop2d2/cp2k_dev/src/mpiwrap/message_passing.F:1250
#17  0x3b1687f in __message_passing_MOD_mp_world_finalize
	at /pc2/users/e/eprop2d2/cp2k_dev/src/mpiwrap/message_passing.F:1250
#17  0x3b1687f in __message_passing_MOD_mp_world_finalize
	at /pc2/users/e/eprop2d2/cp2k_dev/src/mpiwrap/message_passing.F:1250
#17  0x3b1687f in __message_passing_MOD_mp_world_finalize
	at /pc2/users/e/eprop2d2/cp2k_dev/src/mpiwrap/message_passing.F:1250
#18  0x169d274 in __f77_interface_MOD_finalize_cp2k
	at /pc2/users/e/eprop2d2/cp2k_dev/src/f77_interface.F:362
#18  0x169d274 in __f77_interface_MOD_finalize_cp2k
	at /pc2/users/e/eprop2d2/cp2k_dev/src/f77_interface.F:362
#20  0x169d274 in __f77_interface_MOD_finalize_cp2k
	at /pc2/users/e/eprop2d2/cp2k_dev/src/f77_interface.F:362
#18  0x169d274 in __f77_interface_MOD_finalize_cp2k
	at /pc2/users/e/eprop2d2/cp2k_dev/src/f77_interface.F:362
#0  0x14f92da54daf in ???
#1  0x14f92daa154c in ???
#2  0x14f92da54d05 in ???
#3  0x14f92da287f2 in ???
#4  0x14f92da2912f in ???
#5  0x14f92daab616 in ???
#6  0x14f92daae5eb in ???
#7  0x14f92daaf428 in ???
#8  0x14f92e7433ed in ???
#9  0x14f92e74cc87 in ???
#10  0x14f92d8b0cb9 in ???
#11  0x14f92d8a60ee in ???
#12  0x14f92e74b259 in ???
#13  0x14f92e74deab in ???
#14  0x14f92e74f424 in ???
#15  0x14f92e7477b0 in ???
#16  0x14f92e20d8c8 in ???
#0  0x14fd77054daf in ???
#1  0x14fd770a154c in ???
#2  0x14fd77054d05 in ???
#3  0x14fd770287f2 in ???
#4  0x14fd7702912f in ???
#5  0x14fd770ab616 in ???
#6  0x14fd770ae5eb in ???
#7  0x14fd770af428 in ???
#8  0x14fd77db03ed in ???
#9  0x14fd77db9c87 in ???
#10  0x14fd76eb0cb9 in ???
#11  0x14fd76ea60ee in ???
#12  0x14fd77db8259 in ???
#13  0x14fd77dbaeab in ???
#14  0x14fd77dbc424 in ???
#15  0x14fd77db47b0 in ???
#16  0x14fd7787a8c8 in ???
#19  0x6b177c in cp2k
	at /pc2/users/e/eprop2d2/cp2k_dev/src/start/cp2k.F:389
#21  0x6b177c in cp2k
	at /pc2/users/e/eprop2d2/cp2k_dev/src/start/cp2k.F:389
#19  0x6b177c in cp2k
	at /pc2/users/e/eprop2d2/cp2k_dev/src/start/cp2k.F:389
#19  0x6b177c in cp2k
	at /pc2/users/e/eprop2d2/cp2k_dev/src/start/cp2k.F:389
#18  0x169d274 in __f77_interface_MOD_finalize_cp2k
	at /pc2/users/e/eprop2d2/cp2k_dev/src/f77_interface.F:362
#18  0x169d274 in __f77_interface_MOD_finalize_cp2k
	at /pc2/users/e/eprop2d2/cp2k_dev/src/f77_interface.F:362
#22  0x5e600c in main
	at /pc2/users/e/eprop2d2/cp2k_dev/src/start/cp2k.F:44
#20  0x5e600c in main
	at /pc2/users/e/eprop2d2/cp2k_dev/src/start/cp2k.F:44
#20  0x5e600c in main
	at /pc2/users/e/eprop2d2/cp2k_dev/src/start/cp2k.F:44
#20  0x5e600c in main
	at /pc2/users/e/eprop2d2/cp2k_dev/src/start/cp2k.F:44
#19  0x6b177c in cp2k
	at /pc2/users/e/eprop2d2/cp2k_dev/src/start/cp2k.F:389
#19  0x6b177c in cp2k
	at /pc2/users/e/eprop2d2/cp2k_dev/src/start/cp2k.F:389
#20  0x5e600c in main
	at /pc2/users/e/eprop2d2/cp2k_dev/src/start/cp2k.F:44
#20  0x5e600c in main
	at /pc2/users/e/eprop2d2/cp2k_dev/src/start/cp2k.F:44
#17  0x3b1687f in __message_passing_MOD_mp_world_finalize
	at /pc2/users/e/eprop2d2/cp2k_dev/src/mpiwrap/message_passing.F:1250
#17  0x3b1687f in __message_passing_MOD_mp_world_finalize
	at /pc2/users/e/eprop2d2/cp2k_dev/src/mpiwrap/message_passing.F:1250
#18  0x169d274 in __f77_interface_MOD_finalize_cp2k
	at /pc2/users/e/eprop2d2/cp2k_dev/src/f77_interface.F:362
#18  0x169d274 in __f77_interface_MOD_finalize_cp2k
	at /pc2/users/e/eprop2d2/cp2k_dev/src/f77_interface.F:362
#19  0x6b177c in cp2k
	at /pc2/users/e/eprop2d2/cp2k_dev/src/start/cp2k.F:389
#19  0x6b177c in cp2k
	at /pc2/users/e/eprop2d2/cp2k_dev/src/start/cp2k.F:389
#20  0x5e600c in main
	at /pc2/users/e/eprop2d2/cp2k_dev/src/start/cp2k.F:44
#20  0x5e600c in main
	at /pc2/users/e/eprop2d2/cp2k_dev/src/start/cp2k.F:44
#0  0x14a2ecc54daf in ???
#1  0x14a2ecca154c in ???
#2  0x14a2ecc54d05 in ???
#3  0x14a2ecc287f2 in ???
#4  0x14a2ecc2912f in ???
#5  0x14a2eccab616 in ???
#6  0x14a2eccae5eb in ???
#7  0x14a2eccaf428 in ???
#8  0x14a2ed9823ed in ???
#9  0x14a2ed98bc87 in ???
#10  0x14a2ecab0cb9 in ???
#11  0x14a2ecaa60ee in ???
#12  0x14a2ed98a259 in ???
#13  0x14a2ed98ceab in ???
#14  0x14a2ed98e424 in ???
#15  0x14a2ed9867b0 in ???
#0  0x14e526654daf in ???
#1  0x14e5266a154c in ???
#2  0x14e526654d05 in ???
#3  0x14e5266287f2 in ???
#4  0x14e52662912f in ???
#5  0x14e5266ab616 in ???
#6  0x14e5266ae5eb in ???
#7  0x14e5266af428 in ???
#8  0x14e5273ae3ed in ???
#9  0x14e5273b7c87 in ???
#10  0x14e5264b0cb9 in ???
#11  0x14e5264a60ee in ???
#12  0x14e5273b6259 in ???
#13  0x14e5273b8eab in ???
#14  0x14e5273ba424 in ???
#15  0x14e5273b27b0 in ???
#16  0x14e526e788c8 in ???
#0  0x1551bb254daf in ???
#1  0x1551bb2a154c in ???
#2  0x1551bb254d05 in ???
#3  0x1551bb2287f2 in ???
#4  0x1551bb22912f in ???
#5  0x1551bb2ab616 in ???
#6  0x1551bb2ae5eb in ???
#7  0x1551bb2af428 in ???
#8  0x1551bbea23ed in ???
#9  0x1551bbeabc87 in ???
#10  0x1551bb0b0cb9 in ???
#11  0x1551bb0a60ee in ???
#12  0x1551bbeaa259 in ???
#13  0x1551bbeaceab in ???
#14  0x1551bbeae424 in ???
#15  0x1551bbea67b0 in ???
#16  0x1551bb96c8c8 in ???
#0  0x145578854daf in ???
#1  0x1455788a154c in ???
#2  0x145578854d05 in ???
#3  0x1455788287f2 in ???
#4  0x14557882912f in ???
#5  0x1455788ab616 in ???
#6  0x1455788ae5eb in ???
#7  0x1455788af428 in ???
#8  0x1455794683ed in ???
#9  0x145579471c87 in ???
#10  0x145578676cb9 in ???
#11  0x14557866c0ee in ???
#12  0x145579470259 in ???
#13  0x145579472eab in ???
#14  0x145579474424 in ???
#15  0x14557946c7b0 in ???
#16  0x145578f328c8 in ???
#0  0x14bd3d654daf in ???
#1  0x14bd3d6a154c in ???
#2  0x14bd3d654d05 in ???
#3  0x14bd3d6287f2 in ???
#4  0x14bd3d62912f in ???
#5  0x14bd3d6ab616 in ???
#6  0x14bd3d6ae5eb in ???
#7  0x14bd3d6af428 in ???
#8  0x14bd3e3633ed in ???
#9  0x14bd3e36cc87 in ???
#10  0x14bd3d4b0cb9 in ???
#11  0x14bd3d4a60ee in ???
#12  0x14bd3e36b259 in ???
#13  0x14bd3e36deab in ???
#14  0x14bd3e36f424 in ???
#15  0x14bd3e3677b0 in ???
#16  0x14bd3de2d8c8 in ???
#0  0x14c468854daf in ???
#1  0x14c4688a154c in ???
#2  0x14c468854d05 in ???
#3  0x14c4688287f2 in ???
#4  0x14c46882912f in ???
#5  0x14c4688ab616 in ???
#6  0x14c4688ae5eb in ???
#7  0x14c4688af428 in ???
#8  0x14c46946d3ed in ???
#9  0x14c469476c87 in ???
#10  0x14c468676cb9 in ???
#11  0x14c46866c0ee in ???
#12  0x14c469475259 in ???
#13  0x14c469477eab in ???
#14  0x14c469479424 in ???
#15  0x14c4694717b0 in ???
#16  0x14c468f378c8 in ???
#0  0x1471a1054daf in ???
#1  0x1471a10a154c in ???
#2  0x1471a1054d05 in ???
#3  0x1471a10287f2 in ???
#4  0x1471a102912f in ???
#5  0x1471a10ab616 in ???
#6  0x1471a10ae5eb in ???
#7  0x1471a10af428 in ???
#8  0x1471a1d3e3ed in ???
#9  0x1471a1d47c87 in ???
#10  0x1471a0eb0cb9 in ???
#11  0x1471a0ea60ee in ???
#12  0x1471a1d46259 in ???
#13  0x1471a1d48eab in ???
#14  0x1471a1d4a424 in ???
#15  0x1471a1d427b0 in ???
#16  0x1471a18088c8 in ???
#16  0x14a2ed44c8c8 in ???
#17  0x3b1687f in __message_passing_MOD_mp_world_finalize
	at /pc2/users/e/eprop2d2/cp2k_dev/src/mpiwrap/message_passing.F:1250
#17  0x3b1687f in __message_passing_MOD_mp_world_finalize
	at /pc2/users/e/eprop2d2/cp2k_dev/src/mpiwrap/message_passing.F:1250
#17  0x3b1687f in __message_passing_MOD_mp_world_finalize
	at /pc2/users/e/eprop2d2/cp2k_dev/src/mpiwrap/message_passing.F:1250
#17  0x3b1687f in __message_passing_MOD_mp_world_finalize
	at /pc2/users/e/eprop2d2/cp2k_dev/src/mpiwrap/message_passing.F:1250
#17  0x3b1687f in __message_passing_MOD_mp_world_finalize
	at /pc2/users/e/eprop2d2/cp2k_dev/src/mpiwrap/message_passing.F:1250
#17  0x3b1687f in __message_passing_MOD_mp_world_finalize
	at /pc2/users/e/eprop2d2/cp2k_dev/src/mpiwrap/message_passing.F:1250
#17  0x3b1687f in __message_passing_MOD_mp_world_finalize
	at /pc2/users/e/eprop2d2/cp2k_dev/src/mpiwrap/message_passing.F:1250
#18  0x169d274 in __f77_interface_MOD_finalize_cp2k
	at /pc2/users/e/eprop2d2/cp2k_dev/src/f77_interface.F:362
#18  0x169d274 in __f77_interface_MOD_finalize_cp2k
	at /pc2/users/e/eprop2d2/cp2k_dev/src/f77_interface.F:362
#18  0x169d274 in __f77_interface_MOD_finalize_cp2k
	at /pc2/users/e/eprop2d2/cp2k_dev/src/f77_interface.F:362
#18  0x169d274 in __f77_interface_MOD_finalize_cp2k
	at /pc2/users/e/eprop2d2/cp2k_dev/src/f77_interface.F:362
#18  0x169d274 in __f77_interface_MOD_finalize_cp2k
	at /pc2/users/e/eprop2d2/cp2k_dev/src/f77_interface.F:362
#18  0x169d274 in __f77_interface_MOD_finalize_cp2k
	at /pc2/users/e/eprop2d2/cp2k_dev/src/f77_interface.F:362
#18  0x169d274 in __f77_interface_MOD_finalize_cp2k
	at /pc2/users/e/eprop2d2/cp2k_dev/src/f77_interface.F:362
#19  0x6b177c in cp2k
	at /pc2/users/e/eprop2d2/cp2k_dev/src/start/cp2k.F:389
#19  0x6b177c in cp2k
	at /pc2/users/e/eprop2d2/cp2k_dev/src/start/cp2k.F:389
#19  0x6b177c in cp2k
	at /pc2/users/e/eprop2d2/cp2k_dev/src/start/cp2k.F:389
#19  0x6b177c in cp2k
	at /pc2/users/e/eprop2d2/cp2k_dev/src/start/cp2k.F:389
#19  0x6b177c in cp2k
	at /pc2/users/e/eprop2d2/cp2k_dev/src/start/cp2k.F:389
#19  0x6b177c in cp2k
	at /pc2/users/e/eprop2d2/cp2k_dev/src/start/cp2k.F:389
#19  0x6b177c in cp2k
	at /pc2/users/e/eprop2d2/cp2k_dev/src/start/cp2k.F:389
#20  0x5e600c in main
	at /pc2/users/e/eprop2d2/cp2k_dev/src/start/cp2k.F:44
#20  0x5e600c in main
	at /pc2/users/e/eprop2d2/cp2k_dev/src/start/cp2k.F:44
#20  0x5e600c in main
	at /pc2/users/e/eprop2d2/cp2k_dev/src/start/cp2k.F:44
#20  0x5e600c in main
	at /pc2/users/e/eprop2d2/cp2k_dev/src/start/cp2k.F:44
#20  0x5e600c in main
	at /pc2/users/e/eprop2d2/cp2k_dev/src/start/cp2k.F:44
#20  0x5e600c in main
	at /pc2/users/e/eprop2d2/cp2k_dev/src/start/cp2k.F:44
#20  0x5e600c in main
	at /pc2/users/e/eprop2d2/cp2k_dev/src/start/cp2k.F:44
#0  0x14b5d7c54daf in ???
#1  0x14b5d7ca154c in ???
#2  0x14b5d7c54d05 in ???
#3  0x14b5d7c287f2 in ???
#4  0x14b5d7c2912f in ???
#5  0x14b5d7cab616 in ???
#6  0x14b5d7cae5eb in ???
#7  0x14b5d7caf428 in ???
#0  0x1523d3854daf in ???
#1  0x1523d38a154c in ???
#2  0x1523d3854d05 in ???
#3  0x1523d38287f2 in ???
#4  0x1523d382912f in ???
#5  0x1523d38ab616 in ???
#6  0x1523d38ae5eb in ???
#7  0x1523d38af428 in ???
#0  0x14b34ec54daf in ???
#1  0x14b34eca154c in ???
#2  0x14b34ec54d05 in ???
#3  0x14b34ec287f2 in ???
#4  0x14b34ec2912f in ???
#5  0x14b34ecab616 in ???
#6  0x14b34ecae5eb in ???
#7  0x14b34ecaf428 in ???
#8  0x14b5d888f3ed in ???
#9  0x14b5d8898c87 in ???
#10  0x14b5d7ab0cb9 in ???
#11  0x14b5d7aa60ee in ???
#12  0x14b5d8897259 in ???
#13  0x14b5d8899eab in ???
#14  0x14b5d889b424 in ???
#15  0x14b5d88937b0 in ???
#16  0x14b5d83598c8 in ???
#8  0x1523d44b53ed in ???
#9  0x1523d44bec87 in ???
#10  0x1523d36b0cb9 in ???
#11  0x1523d36a60ee in ???
#12  0x1523d44bd259 in ???
#13  0x1523d44bfeab in ???
#14  0x1523d44c1424 in ???
#15  0x1523d44b97b0 in ???
#16  0x1523d3f7f8c8 in ???
#8  0x14b34f8c03ed in ???
#9  0x14b34f8c9c87 in ???
#10  0x14b34eab0cb9 in ???
#11  0x14b34eaa60ee in ???
#12  0x14b34f8c8259 in ???
#13  0x14b34f8caeab in ???
#14  0x14b34f8cc424 in ???
#15  0x14b34f8c47b0 in ???
#16  0x14b34f38a8c8 in ???
#0  0x145d03854daf in ???
#1  0x145d038a154c in ???
#2  0x145d03854d05 in ???
#3  0x145d038287f2 in ???
#4  0x145d0382912f in ???
#5  0x145d038ab616 in ???
#6  0x145d038ae5eb in ???
#7  0x145d038af428 in ???
#0  0x14eec2854daf in ???
#1  0x14eec28a154c in ???
#2  0x14eec2854d05 in ???
#3  0x14eec28287f2 in ???
#4  0x14eec282912f in ???
#5  0x14eec28ab616 in ???
#6  0x14eec28ae5eb in ???
#7  0x14eec28af428 in ???
#0  0x145c9f654daf in ???
#1  0x145c9f6a154c in ???
#2  0x145c9f654d05 in ???
#3  0x145c9f6287f2 in ???
#4  0x145c9f62912f in ???
#5  0x145c9f6ab616 in ???
#6  0x145c9f6ae5eb in ???
#7  0x145c9f6af428 in ???
#0  0x148f90654daf in ???
#1  0x148f906a154c in ???
#2  0x148f90654d05 in ???
#3  0x148f906287f2 in ???
#4  0x148f9062912f in ???
#5  0x148f906ab616 in ???
#6  0x148f906ae5eb in ???
#7  0x148f906af428 in ???
#0  0x153e97854daf in ???
#1  0x153e978a154c in ???
#2  0x153e97854d05 in ???
#3  0x153e978287f2 in ???
#4  0x153e9782912f in ???
#5  0x153e978ab616 in ???
#6  0x153e978ae5eb in ???
#7  0x153e978af428 in ???
#0  0x147290254daf in ???
#1  0x1472902a154c in ???
#2  0x147290254d05 in ???
#3  0x1472902287f2 in ???
#4  0x14729022912f in ???
#5  0x1472902ab616 in ???
#6  0x1472902ae5eb in ???
#7  0x1472902af428 in ???
#0  0x149c17c54daf in ???
#1  0x149c17ca154c in ???
#2  0x149c17c54d05 in ???
#3  0x149c17c287f2 in ???
#4  0x149c17c2912f in ???
#5  0x149c17cab616 in ???
#6  0x149c17cae5eb in ???
#7  0x149c17caf428 in ???
#8  0x145d0461d3ed in ???
#9  0x145d04626c87 in ???
#10  0x145d03a61cb9 in ???
#11  0x145d03a570ee in ???
#12  0x145d04625259 in ???
#13  0x145d04627eab in ???
#14  0x145d04629424 in ???
#15  0x145d046217b0 in ???
#8  0x145ca039f3ed in ???
#9  0x145ca03a8c87 in ???
#10  0x145c9f4b0cb9 in ???
#11  0x145c9f4a60ee in ???
#12  0x145ca03a7259 in ???
#13  0x145ca03a9eab in ???
#14  0x145ca03ab424 in ???
#15  0x145ca03a37b0 in ???
#16  0x145c9fe698c8 in ???
#8  0x148f9138a3ed in ???
#9  0x148f91393c87 in ???
#10  0x148f904b0cb9 in ???
#11  0x148f904a60ee in ???
#12  0x148f91392259 in ???
#13  0x148f91394eab in ???
#14  0x148f91396424 in ???
#15  0x148f9138e7b0 in ???
#16  0x148f90e548c8 in ???
#8  0x153e985b23ed in ???
#9  0x153e985bbc87 in ???
#10  0x153e976b0cb9 in ???
#11  0x153e976a60ee in ???
#12  0x153e985ba259 in ???
#13  0x153e985bceab in ???
#14  0x153e985be424 in ???
#15  0x153e985b67b0 in ???
#16  0x153e9807c8c8 in ???
#8  0x147290fa33ed in ???
#9  0x147290facc87 in ???
#10  0x1472900b0cb9 in ???
#11  0x1472900a60ee in ???
#12  0x147290fab259 in ???
#13  0x147290fadeab in ???
#14  0x147290faf424 in ???
#15  0x147290fa77b0 in ???
#16  0x147290a6d8c8 in ???
#8  0x149c188bc3ed in ???
#9  0x149c188c5c87 in ???
#10  0x149c17ab0cb9 in ???
#11  0x149c17aa60ee in ???
#12  0x149c188c4259 in ???
#13  0x149c188c6eab in ???
#14  0x149c188c8424 in ???
#15  0x149c188c07b0 in ???
#16  0x149c183868c8 in ???
#16  0x145d040e78c8 in ???
#8  0x14eec356c3ed in ???
#9  0x14eec3575c87 in ???
#10  0x14eec26b0cb9 in ???
#11  0x14eec26a60ee in ???
#12  0x14eec3574259 in ???
#13  0x14eec3576eab in ???
#14  0x14eec3578424 in ???
#15  0x14eec35707b0 in ???
#16  0x14eec30368c8 in ???
#17  0x3b1687f in __message_passing_MOD_mp_world_finalize
	at /pc2/users/e/eprop2d2/cp2k_dev/src/mpiwrap/message_passing.F:1250
#17  0x3b1687f in __message_passing_MOD_mp_world_finalize
	at /pc2/users/e/eprop2d2/cp2k_dev/src/mpiwrap/message_passing.F:1250
#17  0x3b1687f in __message_passing_MOD_mp_world_finalize
	at /pc2/users/e/eprop2d2/cp2k_dev/src/mpiwrap/message_passing.F:1250
#18  0x169d274 in __f77_interface_MOD_finalize_cp2k
	at /pc2/users/e/eprop2d2/cp2k_dev/src/f77_interface.F:362
#18  0x169d274 in __f77_interface_MOD_finalize_cp2k
	at /pc2/users/e/eprop2d2/cp2k_dev/src/f77_interface.F:362
#18  0x169d274 in __f77_interface_MOD_finalize_cp2k
	at /pc2/users/e/eprop2d2/cp2k_dev/src/f77_interface.F:362
#17  0x3b1687f in __message_passing_MOD_mp_world_finalize
	at /pc2/users/e/eprop2d2/cp2k_dev/src/mpiwrap/message_passing.F:1250
#17  0x3b1687f in __message_passing_MOD_mp_world_finalize
	at /pc2/users/e/eprop2d2/cp2k_dev/src/mpiwrap/message_passing.F:1250
#17  0x3b1687f in __message_passing_MOD_mp_world_finalize
	at /pc2/users/e/eprop2d2/cp2k_dev/src/mpiwrap/message_passing.F:1250
#17  0x3b1687f in __message_passing_MOD_mp_world_finalize
	at /pc2/users/e/eprop2d2/cp2k_dev/src/mpiwrap/message_passing.F:1250
#17  0x3b1687f in __message_passing_MOD_mp_world_finalize
	at /pc2/users/e/eprop2d2/cp2k_dev/src/mpiwrap/message_passing.F:1250
#17  0x3b1687f in __message_passing_MOD_mp_world_finalize
	at /pc2/users/e/eprop2d2/cp2k_dev/src/mpiwrap/message_passing.F:1250
#17  0x3b1687f in __message_passing_MOD_mp_world_finalize
	at /pc2/users/e/eprop2d2/cp2k_dev/src/mpiwrap/message_passing.F:1250
#19  0x6b177c in cp2k
	at /pc2/users/e/eprop2d2/cp2k_dev/src/start/cp2k.F:389
#19  0x6b177c in cp2k
	at /pc2/users/e/eprop2d2/cp2k_dev/src/start/cp2k.F:389
#19  0x6b177c in cp2k
	at /pc2/users/e/eprop2d2/cp2k_dev/src/start/cp2k.F:389
#20  0x5e600c in main
	at /pc2/users/e/eprop2d2/cp2k_dev/src/start/cp2k.F:44
#20  0x5e600c in main
	at /pc2/users/e/eprop2d2/cp2k_dev/src/start/cp2k.F:44
#20  0x5e600c in main
	at /pc2/users/e/eprop2d2/cp2k_dev/src/start/cp2k.F:44
#18  0x169d274 in __f77_interface_MOD_finalize_cp2k
	at /pc2/users/e/eprop2d2/cp2k_dev/src/f77_interface.F:362
#18  0x169d274 in __f77_interface_MOD_finalize_cp2k
	at /pc2/users/e/eprop2d2/cp2k_dev/src/f77_interface.F:362
#18  0x169d274 in __f77_interface_MOD_finalize_cp2k
	at /pc2/users/e/eprop2d2/cp2k_dev/src/f77_interface.F:362
#18  0x169d274 in __f77_interface_MOD_finalize_cp2k
	at /pc2/users/e/eprop2d2/cp2k_dev/src/f77_interface.F:362
#18  0x169d274 in __f77_interface_MOD_finalize_cp2k
	at /pc2/users/e/eprop2d2/cp2k_dev/src/f77_interface.F:362
#18  0x169d274 in __f77_interface_MOD_finalize_cp2k
	at /pc2/users/e/eprop2d2/cp2k_dev/src/f77_interface.F:362
#18  0x169d274 in __f77_interface_MOD_finalize_cp2k
	at /pc2/users/e/eprop2d2/cp2k_dev/src/f77_interface.F:362
#19  0x6b177c in cp2k
	at /pc2/users/e/eprop2d2/cp2k_dev/src/start/cp2k.F:389
#19  0x6b177c in cp2k
	at /pc2/users/e/eprop2d2/cp2k_dev/src/start/cp2k.F:389
#19  0x6b177c in cp2k
	at /pc2/users/e/eprop2d2/cp2k_dev/src/start/cp2k.F:389
#19  0x6b177c in cp2k
	at /pc2/users/e/eprop2d2/cp2k_dev/src/start/cp2k.F:389
#19  0x6b177c in cp2k
	at /pc2/users/e/eprop2d2/cp2k_dev/src/start/cp2k.F:389
#19  0x6b177c in cp2k
	at /pc2/users/e/eprop2d2/cp2k_dev/src/start/cp2k.F:389
#19  0x6b177c in cp2k
	at /pc2/users/e/eprop2d2/cp2k_dev/src/start/cp2k.F:389
#20  0x5e600c in main
	at /pc2/users/e/eprop2d2/cp2k_dev/src/start/cp2k.F:44
#20  0x5e600c in main
	at /pc2/users/e/eprop2d2/cp2k_dev/src/start/cp2k.F:44
#20  0x5e600c in main
	at /pc2/users/e/eprop2d2/cp2k_dev/src/start/cp2k.F:44
#20  0x5e600c in main
	at /pc2/users/e/eprop2d2/cp2k_dev/src/start/cp2k.F:44
#20  0x5e600c in main
	at /pc2/users/e/eprop2d2/cp2k_dev/src/start/cp2k.F:44
#20  0x5e600c in main
	at /pc2/users/e/eprop2d2/cp2k_dev/src/start/cp2k.F:44
#20  0x5e600c in main
	at /pc2/users/e/eprop2d2/cp2k_dev/src/start/cp2k.F:44
#0  0x150fdf054daf in ???
#1  0x150fdf0a154c in ???
#2  0x150fdf054d05 in ???
#3  0x150fdf0287f2 in ???
#4  0x150fdf02912f in ???
#5  0x150fdf0ab616 in ???
#6  0x150fdf0ae5eb in ???
#7  0x150fdf0af428 in ???
#0  0x152c8f254daf in ???
#1  0x152c8f2a154c in ???
#2  0x152c8f254d05 in ???
#3  0x152c8f2287f2 in ???
#4  0x152c8f22912f in ???
#5  0x152c8f2ab616 in ???
#6  0x152c8f2ae5eb in ???
#7  0x152c8f2af428 in ???
#0  0x147c3d654daf in ???
#1  0x147c3d6a154c in ???
#2  0x147c3d654d05 in ???
#3  0x147c3d6287f2 in ???
#4  0x147c3d62912f in ???
#5  0x147c3d6ab616 in ???
#6  0x147c3d6ac16b in ???
#7  0x147c3d6ad1ca in ???
#8  0x147c3d6af954 in ???
#0  0x15283a254daf in ???
#1  0x15283a2a154c in ???
#2  0x15283a254d05 in ???
#3  0x15283a2287f2 in ???
#4  0x15283a22912f in ???
#5  0x15283a2ab616 in ???
#6  0x15283a2ae5eb in ???
#7  0x15283a2af428 in ???
#0  0x14b00f654daf in ???
#1  0x14b00f6a154c in ???
#2  0x14b00f654d05 in ???
#3  0x14b00f6287f2 in ???
#4  0x14b00f62912f in ???
#5  0x14b00f6ab616 in ???
#6  0x14b00f6ac16b in ???
#7  0x14b00f6acd48 in ???
#8  0x14b00f6af954 in ???
#9  0x14b00f58f608 in ???
#0  0x154009254daf in ???
#1  0x1540092a154c in ???
#2  0x154009254d05 in ???
#3  0x1540092287f2 in ???
#4  0x15400922912f in ???
#5  0x1540092ab616 in ???
#6  0x1540092ae5eb in ???
#7  0x1540092af428 in ???
#8  0x150fdfdcf3ed in ???
#9  0x150fdfdd8c87 in ???
#10  0x150fdeeb0cb9 in ???
#11  0x150fdeea60ee in ???
#12  0x150fdfdd7259 in ???
#13  0x150fdfdd9eab in ???
#14  0x150fdfddb424 in ???
#15  0x150fdfdd37b0 in ???
#16  0x150fdf8998c8 in ???
#8  0x152c8ff603ed in ???
#9  0x152c8ff69c87 in ???
#10  0x152c8f0b0cb9 in ???
#11  0x152c8f0a60ee in ???
#12  0x152c8ff68259 in ???
#13  0x152c8ff6aeab in ???
#14  0x152c8ff6c424 in ???
#15  0x152c8ff647b0 in ???
#16  0x152c8fa2a8c8 in ???
#8  0x15283afca3ed in ???
#9  0x15283afd3c87 in ???
#10  0x15283a0b0cb9 in ???
#11  0x15283a0a60ee in ???
#12  0x15283afd2259 in ???
#13  0x15283afd4eab in ???
#14  0x15283afd6424 in ???
#15  0x15283afce7b0 in ???
#16  0x15283aa948c8 in ???
#10  0x14b010347028 in ???
#11  0x14b00f4b0cb9 in ???
#12  0x14b00f4a60ee in ???
#13  0x14b010376259 in ???
#14  0x14b010378eab in ???
#15  0x14b01037a424 in ???
#16  0x14b0103727b0 in ???
#17  0x14b00fe388c8 in ???
#8  0x15400a0293ed in ???
#9  0x15400a032c87 in ???
#10  0x15400946dcb9 in ???
#11  0x1540094630ee in ???
#12  0x15400a031259 in ???
#13  0x15400a033eab in ???
#14  0x15400a035424 in ???
#15  0x15400a02d7b0 in ???
#16  0x154009af38c8 in ???
#9  0x147c3e4b6250 in ???
#10  0x147c3e47b2c8 in ???
#11  0x147c3e3e98f9 in ???
#12  0x147c3e3ea028 in ???
#13  0x147c3d855cb9 in ???
#14  0x147c3d84b0ee in ???
#15  0x147c3e419259 in ???
#16  0x147c3e41beab in ???
#17  0x147c3e41d424 in ???
#18  0x147c3e4157b0 in ???
#19  0x147c3dedb8c8 in ???
#17  0x3b1687f in __message_passing_MOD_mp_world_finalize
	at /pc2/users/e/eprop2d2/cp2k_dev/src/mpiwrap/message_passing.F:1250
#17  0x3b1687f in __message_passing_MOD_mp_world_finalize
	at /pc2/users/e/eprop2d2/cp2k_dev/src/mpiwrap/message_passing.F:1250
#20  0x3b1687f in __message_passing_MOD_mp_world_finalize
	at /pc2/users/e/eprop2d2/cp2k_dev/src/mpiwrap/message_passing.F:1250
#17  0x3b1687f in __message_passing_MOD_mp_world_finalize
	at /pc2/users/e/eprop2d2/cp2k_dev/src/mpiwrap/message_passing.F:1250
#18  0x3b1687f in __message_passing_MOD_mp_world_finalize
	at /pc2/users/e/eprop2d2/cp2k_dev/src/mpiwrap/message_passing.F:1250
#17  0x3b1687f in __message_passing_MOD_mp_world_finalize
	at /pc2/users/e/eprop2d2/cp2k_dev/src/mpiwrap/message_passing.F:1250
#18  0x169d274 in __f77_interface_MOD_finalize_cp2k
	at /pc2/users/e/eprop2d2/cp2k_dev/src/f77_interface.F:362
#18  0x169d274 in __f77_interface_MOD_finalize_cp2k
	at /pc2/users/e/eprop2d2/cp2k_dev/src/f77_interface.F:362
#21  0x169d274 in __f77_interface_MOD_finalize_cp2k
	at /pc2/users/e/eprop2d2/cp2k_dev/src/f77_interface.F:362
#18  0x169d274 in __f77_interface_MOD_finalize_cp2k
	at /pc2/users/e/eprop2d2/cp2k_dev/src/f77_interface.F:362
#19  0x169d274 in __f77_interface_MOD_finalize_cp2k
	at /pc2/users/e/eprop2d2/cp2k_dev/src/f77_interface.F:362
#18  0x169d274 in __f77_interface_MOD_finalize_cp2k
	at /pc2/users/e/eprop2d2/cp2k_dev/src/f77_interface.F:362
#19  0x6b177c in cp2k
	at /pc2/users/e/eprop2d2/cp2k_dev/src/start/cp2k.F:389
#19  0x6b177c in cp2k
	at /pc2/users/e/eprop2d2/cp2k_dev/src/start/cp2k.F:389
#22  0x6b177c in cp2k
	at /pc2/users/e/eprop2d2/cp2k_dev/src/start/cp2k.F:389
#19  0x6b177c in cp2k
	at /pc2/users/e/eprop2d2/cp2k_dev/src/start/cp2k.F:389
#20  0x6b177c in cp2k
	at /pc2/users/e/eprop2d2/cp2k_dev/src/start/cp2k.F:389
#19  0x6b177c in cp2k
	at /pc2/users/e/eprop2d2/cp2k_dev/src/start/cp2k.F:389
#20  0x5e600c in main
	at /pc2/users/e/eprop2d2/cp2k_dev/src/start/cp2k.F:44
#20  0x5e600c in main
	at /pc2/users/e/eprop2d2/cp2k_dev/src/start/cp2k.F:44
#23  0x5e600c in main
	at /pc2/users/e/eprop2d2/cp2k_dev/src/start/cp2k.F:44
#20  0x5e600c in main
	at /pc2/users/e/eprop2d2/cp2k_dev/src/start/cp2k.F:44
#21  0x5e600c in main
	at /pc2/users/e/eprop2d2/cp2k_dev/src/start/cp2k.F:44
#20  0x5e600c in main
	at /pc2/users/e/eprop2d2/cp2k_dev/src/start/cp2k.F:44
#0  0x1458b5854daf in ???
#1  0x1458b58a154c in ???
#2  0x1458b5854d05 in ???
#3  0x1458b58287f2 in ???
#4  0x1458b582912f in ???
#5  0x1458b58ab616 in ???
#6  0x1458b58ae5eb in ???
#7  0x1458b58af428 in ???
#8  0x1458b65e23ed in ???
#9  0x1458b65ebc87 in ???
#10  0x1458b56b0cb9 in ???
#11  0x1458b56a60ee in ???
#12  0x1458b65ea259 in ???
#13  0x1458b65eceab in ???
#14  0x1458b65ee424 in ???
#15  0x1458b65e67b0 in ???
#16  0x1458b60ac8c8 in ???
#0  0x14f041054daf in ???
#1  0x14f0410a154c in ???
#2  0x14f041054d05 in ???
#3  0x14f0410287f2 in ???
#4  0x14f04102912f in ???
#5  0x14f0410ab616 in ???
#6  0x14f0410ae5eb in ???
#7  0x14f0410af428 in ???
#8  0x14f041ddf3ed in ???
#9  0x14f041de8c87 in ???
#10  0x14f040eb0cb9 in ???
#11  0x14f040ea60ee in ???
#12  0x14f041de7259 in ???
#13  0x14f041de9eab in ???
#14  0x14f041deb424 in ???
#15  0x14f041de37b0 in ???
#16  0x14f0418a98c8 in ???
#0  0x1552fce54daf in ???
#1  0x1552fcea154c in ???
#2  0x1552fce54d05 in ???
#3  0x1552fce287f2 in ???
#4  0x1552fce2912f in ???
#5  0x1552fceab616 in ???
#6  0x1552fceae5eb in ???
#7  0x1552fceaf428 in ???
#8  0x1552fdaac3ed in ???
#9  0x1552fdab5c87 in ???
#10  0x1552fccb0cb9 in ???
#11  0x1552fcca60ee in ???
#12  0x1552fdab4259 in ???
#13  0x1552fdab6eab in ???
#14  0x1552fdab8424 in ???
#15  0x1552fdab07b0 in ???
#16  0x1552fd5768c8 in ???
#0  0x146863854daf in ???
#1  0x1468638a154c in ???
#2  0x146863854d05 in ???
#3  0x1468638287f2 in ???
#4  0x14686382912f in ???
#5  0x1468638ab616 in ???
#6  0x1468638ae5eb in ???
#7  0x1468638af428 in ???
#8  0x14686455d3ed in ???
#9  0x146864566c87 in ???
#10  0x1468636b0cb9 in ???
#11  0x1468636a60ee in ???
#12  0x146864565259 in ???
#13  0x146864567eab in ???
#14  0x146864569424 in ???
#15  0x1468645617b0 in ???
#16  0x1468640278c8 in ???
#0  0x14fcc5654daf in ???
#1  0x14fcc56a154c in ???
#2  0x14fcc5654d05 in ???
#3  0x14fcc56287f2 in ???
#4  0x14fcc562912f in ???
#5  0x14fcc56ab616 in ???
#6  0x14fcc56ae5eb in ???
#7  0x14fcc56af428 in ???
#8  0x14fcc63373ed in ???
#9  0x14fcc6340c87 in ???
#10  0x14fcc54b0cb9 in ???
#11  0x14fcc54a60ee in ???
#12  0x14fcc633f259 in ???
#13  0x14fcc6341eab in ???
#14  0x14fcc6343424 in ???
#15  0x14fcc633b7b0 in ???
#16  0x14fcc5e018c8 in ???
#0  0x147e27654daf in ???
#1  0x147e276a154c in ???
#2  0x147e27654d05 in ???
#3  0x147e276287f2 in ???
#4  0x147e2762912f in ???
#5  0x147e276ab616 in ???
#6  0x147e276ae5eb in ???
#7  0x147e276af428 in ???
#8  0x147e282f63ed in ???
#9  0x147e282ffc87 in ???
#10  0x147e274b0cb9 in ???
#11  0x147e274a60ee in ???
#12  0x147e282fe259 in ???
#13  0x147e28300eab in ???
#14  0x147e28302424 in ???
#15  0x147e282fa7b0 in ???
#16  0x147e27dc08c8 in ???
#0  0x14ccff654daf in ???
#1  0x14ccff6a154c in ???
#2  0x14ccff654d05 in ???
#3  0x14ccff6287f2 in ???
#4  0x14ccff62912f in ???
#5  0x14ccff6ab616 in ???
#6  0x14ccff6ae5eb in ???
#7  0x14ccff6af428 in ???
#8  0x14cd003493ed in ???
#9  0x14cd00352c87 in ???
#10  0x14ccff4b0cb9 in ???
#11  0x14ccff4a60ee in ???
#12  0x14cd00351259 in ???
#13  0x14cd00353eab in ???
#14  0x14cd00355424 in ???
#15  0x14cd0034d7b0 in ???
#16  0x14ccffe138c8 in ???
#0  0x14a6f1254daf in ???
#1  0x14a6f12a154c in ???
#2  0x14a6f1254d05 in ???
#3  0x14a6f12287f2 in ???
#4  0x14a6f122912f in ???
#5  0x14a6f12ab616 in ???
#6  0x14a6f12ae5eb in ???
#7  0x14a6f12af428 in ???
#8  0x14a6f1ea93ed in ???
#9  0x14a6f1eb2c87 in ???
#10  0x14a6f10b0cb9 in ???
#11  0x14a6f10a60ee in ???
#12  0x14a6f1eb1259 in ???
#13  0x14a6f1eb3eab in ???
#14  0x14a6f1eb5424 in ???
#15  0x14a6f1ead7b0 in ???
#16  0x14a6f19738c8 in ???
#0  0x14e1b6a54daf in ???
#1  0x14e1b6aa154c in ???
#2  0x14e1b6a54d05 in ???
#3  0x14e1b6a287f2 in ???
#4  0x14e1b6a2912f in ???
#5  0x14e1b6aab616 in ???
#6  0x14e1b6aae5eb in ???
#7  0x14e1b6aaf428 in ???
#8  0x14e1b77873ed in ???
#9  0x14e1b7790c87 in ???
#10  0x14e1b68b0cb9 in ???
#11  0x14e1b68a60ee in ???
#12  0x14e1b778f259 in ???
#13  0x14e1b7791eab in ???
#14  0x14e1b7793424 in ???
#0  0x14910c254daf in ???
#15  0x14e1b778b7b0 in ???
#16  0x14e1b72518c8 in ???
#1  0x14910c2a154c in ???
#2  0x14910c254d05 in ???
#3  0x14910c2287f2 in ???
#4  0x14910c22912f in ???
#5  0x14910c2ab616 in ???
#6  0x14910c2ae5eb in ???
#7  0x14910c2af428 in ???
#8  0x14910cf0c3ed in ???
#9  0x14910cf15c87 in ???
#10  0x14910c0b0cb9 in ???
#11  0x14910c0a60ee in ???
#12  0x14910cf14259 in ???
#13  0x14910cf16eab in ???
#14  0x14910cf18424 in ???
#15  0x14910cf107b0 in ???
#16  0x14910c9d68c8 in ???
#0  0x1553e5854daf in ???
#1  0x1553e58a154c in ???
#2  0x1553e5854d05 in ???
#3  0x1553e58287f2 in ???
#4  0x1553e582912f in ???
#5  0x1553e58ab616 in ???
#6  0x1553e58ac16b in ???
#7  0x1553e58ad1ca in ???
#8  0x1553e58af954 in ???
#9  0x1553e664c2dc in ???
#10  0x1553e65ba8f9 in ???
#11  0x1553e65bb028 in ???
#12  0x1553e56b0cb9 in ???
#13  0x1553e56a60ee in ???
#14  0x1553e65ea259 in ???
#15  0x1553e65eceab in ???
#16  0x1553e65ee424 in ???
#17  0x1553e65e67b0 in ???
#18  0x1553e60ac8c8 in ???
#0  0x1479c5a54daf in ???
#1  0x1479c5aa154c in ???
#2  0x1479c5a54d05 in ???
#3  0x1479c5a287f2 in ???
#4  0x1479c5a2912f in ???
#5  0x1479c5aab616 in ???
#6  0x1479c5aac16b in ???
#7  0x1479c5aacd48 in ???
#8  0x1479c5aaf954 in ???
#9  0x1479c68872dc in ???
#10  0x1479c67f58f9 in ???
#11  0x1479c67f6028 in ???
#12  0x1479c5c61cb9 in ???
#13  0x1479c5c570ee in ???
#14  0x1479c6825259 in ???
#15  0x1479c6827eab in ???
#16  0x1479c6829424 in ???
#17  0x1479c68217b0 in ???
#18  0x1479c62e78c8 in ???
#0  0x145c50e54daf in ???
#1  0x145c50ea154c in ???
#2  0x145c50e54d05 in ???
#3  0x145c50e287f2 in ???
#4  0x145c50e2912f in ???
#5  0x145c50eab616 in ???
#6  0x145c50eae5eb in ???
#7  0x145c50eaf428 in ???
#8  0x145c51bf43ed in ???
#9  0x145c51bfdc87 in ???
#10  0x145c50cb0cb9 in ???
#11  0x145c50ca60ee in ???
#12  0x145c51bfc259 in ???
#13  0x145c51bfeeab in ???
#14  0x145c51c00424 in ???
#15  0x145c51bf87b0 in ???
#16  0x145c516be8c8 in ???
#0  0x153977c54daf in ???
#1  0x153977ca154c in ???
#2  0x153977c54d05 in ???
#3  0x153977c287f2 in ???
#4  0x153977c2912f in ???
#5  0x153977cab616 in ???
#6  0x153977cae5eb in ???
#7  0x153977caf428 in ???
#8  0x1539788663ed in ???
#9  0x15397886fc87 in ???
#10  0x153977a76cb9 in ???
#11  0x153977a6c0ee in ???
#12  0x15397886e259 in ???
#13  0x153978870eab in ???
#14  0x153978872424 in ???
#15  0x15397886a7b0 in ???
#16  0x1539783308c8 in ???
#0  0x1460f8654daf in ???
#1  0x1460f86a154c in ???
#2  0x1460f8654d05 in ???
#3  0x1460f86287f2 in ???
#4  0x1460f862912f in ???
#5  0x1460f86ab616 in ???
#6  0x1460f86ae5eb in ???
#7  0x1460f86af428 in ???
#8  0x1460f93be3ed in ???
#9  0x1460f93c7c87 in ???
#10  0x1460f84b0cb9 in ???
#11  0x1460f84a60ee in ???
#12  0x1460f93c6259 in ???
#13  0x1460f93c8eab in ???
#14  0x1460f93ca424 in ???
#15  0x1460f93c27b0 in ???
#16  0x1460f8e888c8 in ???
#0  0x148b93c54daf in ???
#1  0x148b93ca154c in ???
#2  0x148b93c54d05 in ???
#3  0x148b93c287f2 in ???
#4  0x148b93c2912f in ???
#5  0x148b93cab616 in ???
#6  0x148b93cae5eb in ???
#7  0x148b93caf428 in ???
#8  0x148b949503ed in ???
#9  0x148b94959c87 in ???
#10  0x148b93ab0cb9 in ???
#11  0x148b93aa60ee in ???
#12  0x148b94958259 in ???
#13  0x148b9495aeab in ???
#14  0x148b9495c424 in ???
#15  0x148b949547b0 in ???
#16  0x148b9441a8c8 in ???
#17  0x3b1687f in __message_passing_MOD_mp_world_finalize
	at /pc2/users/e/eprop2d2/cp2k_dev/src/mpiwrap/message_passing.F:1250
#17  0x3b1687f in __message_passing_MOD_mp_world_finalize
	at /pc2/users/e/eprop2d2/cp2k_dev/src/mpiwrap/message_passing.F:1250
#17  0x3b1687f in __message_passing_MOD_mp_world_finalize
	at /pc2/users/e/eprop2d2/cp2k_dev/src/mpiwrap/message_passing.F:1250
#17  0x3b1687f in __message_passing_MOD_mp_world_finalize
	at /pc2/users/e/eprop2d2/cp2k_dev/src/mpiwrap/message_passing.F:1250
#17  0x3b1687f in __message_passing_MOD_mp_world_finalize
	at /pc2/users/e/eprop2d2/cp2k_dev/src/mpiwrap/message_passing.F:1250
#17  0x3b1687f in __message_passing_MOD_mp_world_finalize
	at /pc2/users/e/eprop2d2/cp2k_dev/src/mpiwrap/message_passing.F:1250
#17  0x3b1687f in __message_passing_MOD_mp_world_finalize
	at /pc2/users/e/eprop2d2/cp2k_dev/src/mpiwrap/message_passing.F:1250
#17  0x3b1687f in __message_passing_MOD_mp_world_finalize
	at /pc2/users/e/eprop2d2/cp2k_dev/src/mpiwrap/message_passing.F:1250
#19  0x3b1687f in __message_passing_MOD_mp_world_finalize
	at /pc2/users/e/eprop2d2/cp2k_dev/src/mpiwrap/message_passing.F:1250
#17  0x3b1687f in __message_passing_MOD_mp_world_finalize
	at /pc2/users/e/eprop2d2/cp2k_dev/src/mpiwrap/message_passing.F:1250
#19  0x3b1687f in __message_passing_MOD_mp_world_finalize
	at /pc2/users/e/eprop2d2/cp2k_dev/src/mpiwrap/message_passing.F:1250
#17  0x3b1687f in __message_passing_MOD_mp_world_finalize
	at /pc2/users/e/eprop2d2/cp2k_dev/src/mpiwrap/message_passing.F:1250
#17  0x3b1687f in __message_passing_MOD_mp_world_finalize
	at /pc2/users/e/eprop2d2/cp2k_dev/src/mpiwrap/message_passing.F:1250
#17  0x3b1687f in __message_passing_MOD_mp_world_finalize
	at /pc2/users/e/eprop2d2/cp2k_dev/src/mpiwrap/message_passing.F:1250
#17  0x3b1687f in __message_passing_MOD_mp_world_finalize
	at /pc2/users/e/eprop2d2/cp2k_dev/src/mpiwrap/message_passing.F:1250
#17  0x3b1687f in __message_passing_MOD_mp_world_finalize
	at /pc2/users/e/eprop2d2/cp2k_dev/src/mpiwrap/message_passing.F:1250
#18  0x169d274 in __f77_interface_MOD_finalize_cp2k
	at /pc2/users/e/eprop2d2/cp2k_dev/src/f77_interface.F:362
#18  0x169d274 in __f77_interface_MOD_finalize_cp2k
	at /pc2/users/e/eprop2d2/cp2k_dev/src/f77_interface.F:362
#18  0x169d274 in __f77_interface_MOD_finalize_cp2k
	at /pc2/users/e/eprop2d2/cp2k_dev/src/f77_interface.F:362
#18  0x169d274 in __f77_interface_MOD_finalize_cp2k
	at /pc2/users/e/eprop2d2/cp2k_dev/src/f77_interface.F:362
#18  0x169d274 in __f77_interface_MOD_finalize_cp2k
	at /pc2/users/e/eprop2d2/cp2k_dev/src/f77_interface.F:362
#18  0x169d274 in __f77_interface_MOD_finalize_cp2k
	at /pc2/users/e/eprop2d2/cp2k_dev/src/f77_interface.F:362
#18  0x169d274 in __f77_interface_MOD_finalize_cp2k
	at /pc2/users/e/eprop2d2/cp2k_dev/src/f77_interface.F:362
#18  0x169d274 in __f77_interface_MOD_finalize_cp2k
	at /pc2/users/e/eprop2d2/cp2k_dev/src/f77_interface.F:362
#20  0x169d274 in __f77_interface_MOD_finalize_cp2k
	at /pc2/users/e/eprop2d2/cp2k_dev/src/f77_interface.F:362
#18  0x169d274 in __f77_interface_MOD_finalize_cp2k
	at /pc2/users/e/eprop2d2/cp2k_dev/src/f77_interface.F:362
#20  0x169d274 in __f77_interface_MOD_finalize_cp2k
	at /pc2/users/e/eprop2d2/cp2k_dev/src/f77_interface.F:362
#18  0x169d274 in __f77_interface_MOD_finalize_cp2k
	at /pc2/users/e/eprop2d2/cp2k_dev/src/f77_interface.F:362
#19  0x6b177c in cp2k
	at /pc2/users/e/eprop2d2/cp2k_dev/src/start/cp2k.F:389
#19  0x6b177c in cp2k
	at /pc2/users/e/eprop2d2/cp2k_dev/src/start/cp2k.F:389
#19  0x6b177c in cp2k
	at /pc2/users/e/eprop2d2/cp2k_dev/src/start/cp2k.F:389
#19  0x6b177c in cp2k
	at /pc2/users/e/eprop2d2/cp2k_dev/src/start/cp2k.F:389
#19  0x6b177c in cp2k
	at /pc2/users/e/eprop2d2/cp2k_dev/src/start/cp2k.F:389
#19  0x6b177c in cp2k
	at /pc2/users/e/eprop2d2/cp2k_dev/src/start/cp2k.F:389
#20  0x5e600c in main
	at /pc2/users/e/eprop2d2/cp2k_dev/src/start/cp2k.F:44
#19  0x6b177c in cp2k
	at /pc2/users/e/eprop2d2/cp2k_dev/src/start/cp2k.F:389
#19  0x6b177c in cp2k
	at /pc2/users/e/eprop2d2/cp2k_dev/src/start/cp2k.F:389
#20  0x5e600c in main
	at /pc2/users/e/eprop2d2/cp2k_dev/src/start/cp2k.F:44
#21  0x6b177c in cp2k
	at /pc2/users/e/eprop2d2/cp2k_dev/src/start/cp2k.F:389
#19  0x6b177c in cp2k
	at /pc2/users/e/eprop2d2/cp2k_dev/src/start/cp2k.F:389
#21  0x6b177c in cp2k
	at /pc2/users/e/eprop2d2/cp2k_dev/src/start/cp2k.F:389
#19  0x6b177c in cp2k
	at /pc2/users/e/eprop2d2/cp2k_dev/src/start/cp2k.F:389
#20  0x5e600c in main
	at /pc2/users/e/eprop2d2/cp2k_dev/src/start/cp2k.F:44
#20  0x5e600c in main
	at /pc2/users/e/eprop2d2/cp2k_dev/src/start/cp2k.F:44
#20  0x5e600c in main
	at /pc2/users/e/eprop2d2/cp2k_dev/src/start/cp2k.F:44
#18  0x169d274 in __f77_interface_MOD_finalize_cp2k
	at /pc2/users/e/eprop2d2/cp2k_dev/src/f77_interface.F:362
#18  0x169d274 in __f77_interface_MOD_finalize_cp2k
	at /pc2/users/e/eprop2d2/cp2k_dev/src/f77_interface.F:362
#18  0x169d274 in __f77_interface_MOD_finalize_cp2k
	at /pc2/users/e/eprop2d2/cp2k_dev/src/f77_interface.F:362
#18  0x169d274 in __f77_interface_MOD_finalize_cp2k
	at /pc2/users/e/eprop2d2/cp2k_dev/src/f77_interface.F:362
#20  0x5e600c in main
	at /pc2/users/e/eprop2d2/cp2k_dev/src/start/cp2k.F:44
#20  0x5e600c in main
	at /pc2/users/e/eprop2d2/cp2k_dev/src/start/cp2k.F:44
#20  0x5e600c in main
	at /pc2/users/e/eprop2d2/cp2k_dev/src/start/cp2k.F:44
#22  0x5e600c in main
	at /pc2/users/e/eprop2d2/cp2k_dev/src/start/cp2k.F:44
#20  0x5e600c in main
	at /pc2/users/e/eprop2d2/cp2k_dev/src/start/cp2k.F:44
#22  0x5e600c in main
	at /pc2/users/e/eprop2d2/cp2k_dev/src/start/cp2k.F:44
#20  0x5e600c in main
	at /pc2/users/e/eprop2d2/cp2k_dev/src/start/cp2k.F:44
#19  0x6b177c in cp2k
	at /pc2/users/e/eprop2d2/cp2k_dev/src/start/cp2k.F:389
#19  0x6b177c in cp2k
	at /pc2/users/e/eprop2d2/cp2k_dev/src/start/cp2k.F:389
#19  0x6b177c in cp2k
	at /pc2/users/e/eprop2d2/cp2k_dev/src/start/cp2k.F:389
#19  0x6b177c in cp2k
	at /pc2/users/e/eprop2d2/cp2k_dev/src/start/cp2k.F:389
#20  0x5e600c in main
	at /pc2/users/e/eprop2d2/cp2k_dev/src/start/cp2k.F:44
#20  0x5e600c in main
	at /pc2/users/e/eprop2d2/cp2k_dev/src/start/cp2k.F:44
#20  0x5e600c in main
	at /pc2/users/e/eprop2d2/cp2k_dev/src/start/cp2k.F:44
#20  0x5e600c in main
	at /pc2/users/e/eprop2d2/cp2k_dev/src/start/cp2k.F:44
#0  0x150289a54daf in ???
#1  0x150289aa154c in ???
#2  0x150289a54d05 in ???
#3  0x150289a287f2 in ???
#4  0x150289a2912f in ???
#5  0x150289aab616 in ???
#6  0x150289aae5eb in ???
#7  0x150289aaf428 in ???
#8  0x15028a7123ed in ???
#9  0x15028a71bc87 in ???
#10  0x1502898b0cb9 in ???
#11  0x1502898a60ee in ???
#12  0x15028a71a259 in ???
#13  0x15028a71ceab in ???
#14  0x15028a71e424 in ???
#15  0x15028a7167b0 in ???
#16  0x15028a1dc8c8 in ???
#0  0x14a1bf054daf in ???
#1  0x14a1bf0a154c in ???
#2  0x14a1bf054d05 in ???
#3  0x14a1bf0287f2 in ???
#4  0x14a1bf02912f in ???
#5  0x14a1bf0ab616 in ???
#6  0x14a1bf0ae5eb in ???
#7  0x14a1bf0af428 in ???
#8  0x14a1bfc943ed in ???
#9  0x14a1bfc9dc87 in ???
#10  0x14a1beeb0cb9 in ???
#11  0x14a1beea60ee in ???
#12  0x14a1bfc9c259 in ???
#13  0x14a1bfc9eeab in ???
#14  0x14a1bfca0424 in ???
#15  0x14a1bfc987b0 in ???
#16  0x14a1bf75e8c8 in ???
#0  0x14dcd4854daf in ???
#1  0x14dcd48a154c in ???
#2  0x14dcd4854d05 in ???
#3  0x14dcd48287f2 in ???
#4  0x14dcd482912f in ???
#5  0x14dcd48ab616 in ???
#6  0x14dcd48ae5eb in ???
#7  0x14dcd48af428 in ???
#8  0x14dcd563f6fe in ???
#9  0x14dcd549bc9c in ???
#10  0x14dcd46b0cb9 in ???
#11  0x14dcd46a60ee in ???
#12  0x14dcd549a259 in ???
#13  0x14dcd549ceab in ???
#14  0x14dcd549e424 in ???
#15  0x14dcd54967b0 in ???
#16  0x14dcd4f5c8c8 in ???
#0  0x1550dec54daf in ???
#1  0x1550deca154c in ???
#2  0x1550dec54d05 in ???
#3  0x1550dec287f2 in ???
#4  0x1550dec2912f in ???
#5  0x1550decab616 in ???
#6  0x1550decae5eb in ???
#7  0x1550decaf428 in ???
#8  0x1550dfa303ed in ???
#9  0x1550dfa39c87 in ???
#10  0x1550dee74cb9 in ???
#11  0x1550dee6a0ee in ???
#12  0x1550dfa38259 in ???
#13  0x1550dfa3aeab in ???
#14  0x1550dfa3c424 in ???
#15  0x1550dfa347b0 in ???
#16  0x1550df4fa8c8 in ???
#0  0x15064ec54daf in ???
#1  0x15064eca154c in ???
#2  0x15064ec54d05 in ???
#3  0x15064ec287f2 in ???
#4  0x15064ec2912f in ???
#5  0x15064ecab616 in ???
#6  0x15064ecae5eb in ???
#7  0x15064ecaf428 in ???
#8  0x15064f9563ed in ???
#9  0x15064f95fc87 in ???
#10  0x15064eab0cb9 in ???
#11  0x15064eaa60ee in ???
#12  0x15064f95e259 in ???
#13  0x15064f960eab in ???
#14  0x15064f962424 in ???
#15  0x15064f95a7b0 in ???
#16  0x15064f4208c8 in ???
#0  0x14b502c54daf in ???
#1  0x14b502ca154c in ???
#2  0x14b502c54d05 in ???
#3  0x14b502c287f2 in ???
#4  0x14b502c2912f in ???
#5  0x14b502cab616 in ???
#6  0x14b502cae5eb in ???
#7  0x14b502caf428 in ???
#0  0x152ba6254daf in ???
#1  0x152ba62a154c in ???
#2  0x152ba6254d05 in ???
#3  0x152ba62287f2 in ???
#4  0x152ba622912f in ???
#5  0x152ba62ab616 in ???
#6  0x152ba62ac16b in ???
#7  0x152ba62ad1ca in ???
#8  0x152ba62af954 in ???
#8  0x14b5038643ed in ???
#9  0x14b50386dc87 in ???
#0  0x1510caa54daf in ???
#1  0x1510caaa154c in ???
#2  0x1510caa54d05 in ???
#3  0x1510caa287f2 in ???
#4  0x1510caa2912f in ???
#5  0x1510caaab616 in ???
#6  0x1510caaae5eb in ???
#7  0x1510caaaf428 in ???
#8  0x1510cb6933ed in ???
#9  0x1510cb69cc87 in ???
#10  0x1510ca8b0cb9 in ???
#11  0x1510ca8a60ee in ???
#12  0x1510cb69b259 in ???
#10  0x14b502a76cb9 in ???
#11  0x14b502a6c0ee in ???
#12  0x14b50386c259 in ???
#13  0x14b50386eeab in ???
#14  0x14b503870424 in ???
#15  0x14b5038687b0 in ???
#13  0x1510cb69deab in ???
#14  0x1510cb69f424 in ???
#15  0x1510cb6977b0 in ???
#16  0x14b50332e8c8 in ???
#16  0x1510cb15d8c8 in ???
#9  0x152ba70ce250 in ???
#10  0x152ba70932c8 in ???
#11  0x152ba70018f9 in ???
#12  0x152ba7002028 in ???
#13  0x152ba646dcb9 in ???
#14  0x152ba64630ee in ???
#15  0x152ba7031259 in ???
#16  0x152ba7033eab in ???
#17  0x152ba7035424 in ???
#18  0x152ba702d7b0 in ???
#19  0x152ba6af38c8 in ???
#17  0x3b1687f in __message_passing_MOD_mp_world_finalize
	at /pc2/users/e/eprop2d2/cp2k_dev/src/mpiwrap/message_passing.F:1250
#17  0x3b1687f in __message_passing_MOD_mp_world_finalize
	at /pc2/users/e/eprop2d2/cp2k_dev/src/mpiwrap/message_passing.F:1250
#17  0x3b1687f in __message_passing_MOD_mp_world_finalize
	at /pc2/users/e/eprop2d2/cp2k_dev/src/mpiwrap/message_passing.F:1250
#17  0x3b1687f in __message_passing_MOD_mp_world_finalize
	at /pc2/users/e/eprop2d2/cp2k_dev/src/mpiwrap/message_passing.F:1250
#17  0x3b1687f in __message_passing_MOD_mp_world_finalize
	at /pc2/users/e/eprop2d2/cp2k_dev/src/mpiwrap/message_passing.F:1250
#18  0x169d274 in __f77_interface_MOD_finalize_cp2k
	at /pc2/users/e/eprop2d2/cp2k_dev/src/f77_interface.F:362
#18  0x169d274 in __f77_interface_MOD_finalize_cp2k
	at /pc2/users/e/eprop2d2/cp2k_dev/src/f77_interface.F:362
#18  0x169d274 in __f77_interface_MOD_finalize_cp2k
	at /pc2/users/e/eprop2d2/cp2k_dev/src/f77_interface.F:362
#18  0x169d274 in __f77_interface_MOD_finalize_cp2k
	at /pc2/users/e/eprop2d2/cp2k_dev/src/f77_interface.F:362
#18  0x169d274 in __f77_interface_MOD_finalize_cp2k
	at /pc2/users/e/eprop2d2/cp2k_dev/src/f77_interface.F:362
#19  0x6b177c in cp2k
	at /pc2/users/e/eprop2d2/cp2k_dev/src/start/cp2k.F:389
#19  0x6b177c in cp2k
	at /pc2/users/e/eprop2d2/cp2k_dev/src/start/cp2k.F:389
#19  0x6b177c in cp2k
	at /pc2/users/e/eprop2d2/cp2k_dev/src/start/cp2k.F:389
#19  0x6b177c in cp2k
	at /pc2/users/e/eprop2d2/cp2k_dev/src/start/cp2k.F:389
#19  0x6b177c in cp2k
	at /pc2/users/e/eprop2d2/cp2k_dev/src/start/cp2k.F:389
#20  0x5e600c in main
	at /pc2/users/e/eprop2d2/cp2k_dev/src/start/cp2k.F:44
#20  0x5e600c in main
	at /pc2/users/e/eprop2d2/cp2k_dev/src/start/cp2k.F:44
#20  0x5e600c in main
	at /pc2/users/e/eprop2d2/cp2k_dev/src/start/cp2k.F:44
#20  0x5e600c in main
	at /pc2/users/e/eprop2d2/cp2k_dev/src/start/cp2k.F:44
#20  0x5e600c in main
	at /pc2/users/e/eprop2d2/cp2k_dev/src/start/cp2k.F:44
#0  0x154dae854daf in ???
#1  0x154dae8a154c in ???
#2  0x154dae854d05 in ???
#3  0x154dae8287f2 in ???
#4  0x154dae82912f in ???
#5  0x154dae8ab616 in ???
#6  0x154dae8ac16b in ???
#7  0x154dae8ad1ca in ???
#8  0x154dae8af954 in ???
#0  0x14e8e6c54daf in ???
#1  0x14e8e6ca154c in ???
#2  0x14e8e6c54d05 in ???
#3  0x14e8e6c287f2 in ???
#4  0x14e8e6c2912f in ???
#5  0x14e8e6cab616 in ???
#6  0x14e8e6cae5eb in ???
#7  0x14e8e6caf428 in ???
#0  0x146090454daf in ???
#1  0x1460904a154c in ???
#2  0x146090454d05 in ???
#3  0x1460904287f2 in ???
#4  0x14609042912f in ???
#5  0x1460904ab616 in ???
#6  0x1460904ae5eb in ???
#7  0x1460904af428 in ???
#0  0x1552bfe54daf in ???
#1  0x1552bfea154c in ???
#2  0x1552bfe54d05 in ???
#3  0x1552bfe287f2 in ???
#4  0x1552bfe2912f in ???
#5  0x1552bfeab616 in ???
#6  0x1552bfeae5eb in ???
#7  0x1552bfeaf428 in ???
#8  0x14e8e7a213ed in ???
#9  0x14e8e7a2ac87 in ???
#10  0x14e8e6e65cb9 in ???
#11  0x14e8e6e5b0ee in ???
#12  0x14e8e7a29259 in ???
#13  0x14e8e7a2beab in ???
#14  0x14e8e7a2d424 in ???
#15  0x14e8e7a257b0 in ???
#16  0x14e8e74eb8c8 in ???
#8  0x1460912003ed in ???
#9  0x146091209c87 in ???
#10  0x146090644cb9 in ???
#11  0x14609063a0ee in ???
#12  0x146091208259 in ???
#13  0x14609120aeab in ???
#14  0x14609120c424 in ???
#15  0x1460912047b0 in ???
#16  0x146090cca8c8 in ???
#8  0x1552c0b583ed in ???
#9  0x1552c0b61c87 in ???
#10  0x1552bfcb0cb9 in ???
#11  0x1552bfca60ee in ???
#12  0x1552c0b60259 in ???
#13  0x1552c0b62eab in ???
#14  0x1552c0b64424 in ???
#15  0x1552c0b5c7b0 in ???
#16  0x1552c06228c8 in ???
#9  0x154daf674480 in ???
#10  0x154daf6392c8 in ???
#11  0x154daf5a78f9 in ???
#12  0x154daf5a8028 in ???
#13  0x154dae6b0cb9 in ???
#14  0x154dae6a60ee in ???
#15  0x154daf5d7259 in ???
#16  0x154daf5d9eab in ???
#17  0x154daf5db424 in ???
#18  0x154daf5d37b0 in ???
#19  0x154daf0998c8 in ???
#17  0x3b1687f in __message_passing_MOD_mp_world_finalize
	at /pc2/users/e/eprop2d2/cp2k_dev/src/mpiwrap/message_passing.F:1250
#20  0x3b1687f in __message_passing_MOD_mp_world_finalize
	at /pc2/users/e/eprop2d2/cp2k_dev/src/mpiwrap/message_passing.F:1250
#17  0x3b1687f in __message_passing_MOD_mp_world_finalize
	at /pc2/users/e/eprop2d2/cp2k_dev/src/mpiwrap/message_passing.F:1250
#18  0x169d274 in __f77_interface_MOD_finalize_cp2k
	at /pc2/users/e/eprop2d2/cp2k_dev/src/f77_interface.F:362
#19  0x6b177c in cp2k
	at /pc2/users/e/eprop2d2/cp2k_dev/src/start/cp2k.F:389
#20  0x5e600c in main
	at /pc2/users/e/eprop2d2/cp2k_dev/src/start/cp2k.F:44
#21  0x169d274 in __f77_interface_MOD_finalize_cp2k
	at /pc2/users/e/eprop2d2/cp2k_dev/src/f77_interface.F:362
#18  0x169d274 in __f77_interface_MOD_finalize_cp2k
	at /pc2/users/e/eprop2d2/cp2k_dev/src/f77_interface.F:362
#22  0x6b177c in cp2k
	at /pc2/users/e/eprop2d2/cp2k_dev/src/start/cp2k.F:389
#19  0x6b177c in cp2k
	at /pc2/users/e/eprop2d2/cp2k_dev/src/start/cp2k.F:389
#23  0x5e600c in main
	at /pc2/users/e/eprop2d2/cp2k_dev/src/start/cp2k.F:44
#20  0x5e600c in main
	at /pc2/users/e/eprop2d2/cp2k_dev/src/start/cp2k.F:44
#20  0x3b1687f in __message_passing_MOD_mp_world_finalize
	at /pc2/users/e/eprop2d2/cp2k_dev/src/mpiwrap/message_passing.F:1250
#17  0x3b1687f in __message_passing_MOD_mp_world_finalize
	at /pc2/users/e/eprop2d2/cp2k_dev/src/mpiwrap/message_passing.F:1250
#17  0x3b1687f in __message_passing_MOD_mp_world_finalize
	at /pc2/users/e/eprop2d2/cp2k_dev/src/mpiwrap/message_passing.F:1250
#17  0x3b1687f in __message_passing_MOD_mp_world_finalize
	at /pc2/users/e/eprop2d2/cp2k_dev/src/mpiwrap/message_passing.F:1250
#21  0x169d274 in __f77_interface_MOD_finalize_cp2k
	at /pc2/users/e/eprop2d2/cp2k_dev/src/f77_interface.F:362
#18  0x169d274 in __f77_interface_MOD_finalize_cp2k
	at /pc2/users/e/eprop2d2/cp2k_dev/src/f77_interface.F:362
#18  0x169d274 in __f77_interface_MOD_finalize_cp2k
	at /pc2/users/e/eprop2d2/cp2k_dev/src/f77_interface.F:362
#18  0x169d274 in __f77_interface_MOD_finalize_cp2k
	at /pc2/users/e/eprop2d2/cp2k_dev/src/f77_interface.F:362
#22  0x6b177c in cp2k
	at /pc2/users/e/eprop2d2/cp2k_dev/src/start/cp2k.F:389
#19  0x6b177c in cp2k
	at /pc2/users/e/eprop2d2/cp2k_dev/src/start/cp2k.F:389
#19  0x6b177c in cp2k
	at /pc2/users/e/eprop2d2/cp2k_dev/src/start/cp2k.F:389
#19  0x6b177c in cp2k
	at /pc2/users/e/eprop2d2/cp2k_dev/src/start/cp2k.F:389
#23  0x5e600c in main
	at /pc2/users/e/eprop2d2/cp2k_dev/src/start/cp2k.F:44
#20  0x5e600c in main
	at /pc2/users/e/eprop2d2/cp2k_dev/src/start/cp2k.F:44
#20  0x5e600c in main
	at /pc2/users/e/eprop2d2/cp2k_dev/src/start/cp2k.F:44
#20  0x5e600c in main
	at /pc2/users/e/eprop2d2/cp2k_dev/src/start/cp2k.F:44
#0  0x1551c0e54daf in ???
#1  0x1551c0ea154c in ???
#2  0x1551c0e54d05 in ???
#3  0x1551c0e287f2 in ???
#4  0x1551c0e2912f in ???
#5  0x1551c0eab616 in ???
#6  0x1551c0eae5eb in ???
#7  0x1551c0eaf428 in ???
#8  0x1551c1a753ed in ???
#9  0x1551c1a7ec87 in ???
#10  0x1551c0cb0cb9 in ???
#11  0x1551c0ca60ee in ???
#12  0x1551c1a7d259 in ???
#13  0x1551c1a7feab in ???
#0  0x1501a7a54daf in ???
#1  0x1501a7aa154c in ???
#2  0x1501a7a54d05 in ???
#3  0x1501a7a287f2 in ???
#4  0x1501a7a2912f in ???
#5  0x1501a7aab616 in ???
#6  0x1501a7aae5eb in ???
#7  0x1501a7aaf428 in ???
#8  0x1501a87dc3ed in ???
#9  0x1501a87e5c87 in ???
#10  0x1501a78b0cb9 in ???
#11  0x1501a78a60ee in ???
#12  0x1501a87e4259 in ???
#13  0x1501a87e6eab in ???
#14  0x1501a87e8424 in ???
#15  0x1501a87e07b0 in ???
#0  0x1470fd454daf in ???
#1  0x1470fd4a154c in ???
#2  0x1470fd454d05 in ???
#3  0x1470fd4287f2 in ???
#4  0x1470fd42912f in ???
#5  0x1470fd4ab616 in ???
#6  0x1470fd4ae5eb in ???
#7  0x1470fd4af428 in ???
#8  0x1470fe1fb3ed in ???
#9  0x1470fe204c87 in ???
#10  0x1470fd63fcb9 in ???
#11  0x1470fd6350ee in ???
#12  0x1470fe203259 in ???
#13  0x1470fe205eab in ???
#14  0x1470fe207424 in ???
#15  0x1470fe1ff7b0 in ???
#16  0x1470fdcc58c8 in ???
#0  0x154a2aa54daf in ???
#1  0x154a2aaa154c in ???
#2  0x154a2aa54d05 in ???
#3  0x154a2aa287f2 in ???
#4  0x154a2aa2912f in ???
#5  0x154a2aaab616 in ???
#6  0x154a2aaae5eb in ???
#7  0x154a2aaaf428 in ???
#8  0x154a2b7423ed in ???
#9  0x154a2b74bc87 in ???
#10  0x154a2a8b0cb9 in ???
#11  0x154a2a8a60ee in ???
#12  0x154a2b74a259 in ???
#13  0x154a2b74ceab in ???
#14  0x154a2b74e424 in ???
#15  0x154a2b7467b0 in ???
#16  0x154a2b20c8c8 in ???
#0  0x149fc4854daf in ???
#1  0x149fc48a154c in ???
#2  0x149fc4854d05 in ???
#3  0x149fc48287f2 in ???
#4  0x149fc482912f in ???
#5  0x149fc48ab616 in ???
#6  0x149fc48ae5eb in ???
#7  0x149fc48af428 in ???
#8  0x149fc56293ed in ???
#9  0x149fc5632c87 in ???
#10  0x149fc4a6dcb9 in ???
#11  0x149fc4a630ee in ???
#12  0x149fc5631259 in ???
#13  0x149fc5633eab in ???
#14  0x149fc5635424 in ???
#15  0x149fc562d7b0 in ???
#16  0x149fc50f38c8 in ???
#14  0x1551c1a81424 in ???
#15  0x1551c1a797b0 in ???
#16  0x1551c153f8c8 in ???
#16  0x1501a82a68c8 in ???
#17  0x3b1687f in __message_passing_MOD_mp_world_finalize
	at /pc2/users/e/eprop2d2/cp2k_dev/src/mpiwrap/message_passing.F:1250
#17  0x3b1687f in __message_passing_MOD_mp_world_finalize
	at /pc2/users/e/eprop2d2/cp2k_dev/src/mpiwrap/message_passing.F:1250
#17  0x3b1687f in __message_passing_MOD_mp_world_finalize
	at /pc2/users/e/eprop2d2/cp2k_dev/src/mpiwrap/message_passing.F:1250
#17  0x3b1687f in __message_passing_MOD_mp_world_finalize
	at /pc2/users/e/eprop2d2/cp2k_dev/src/mpiwrap/message_passing.F:1250
#17  0x3b1687f in __message_passing_MOD_mp_world_finalize
	at /pc2/users/e/eprop2d2/cp2k_dev/src/mpiwrap/message_passing.F:1250
#18  0x169d274 in __f77_interface_MOD_finalize_cp2k
	at /pc2/users/e/eprop2d2/cp2k_dev/src/f77_interface.F:362
#18  0x169d274 in __f77_interface_MOD_finalize_cp2k
	at /pc2/users/e/eprop2d2/cp2k_dev/src/f77_interface.F:362
#18  0x169d274 in __f77_interface_MOD_finalize_cp2k
	at /pc2/users/e/eprop2d2/cp2k_dev/src/f77_interface.F:362
#18  0x169d274 in __f77_interface_MOD_finalize_cp2k
	at /pc2/users/e/eprop2d2/cp2k_dev/src/f77_interface.F:362
#18  0x169d274 in __f77_interface_MOD_finalize_cp2k
	at /pc2/users/e/eprop2d2/cp2k_dev/src/f77_interface.F:362
#19  0x6b177c in cp2k
	at /pc2/users/e/eprop2d2/cp2k_dev/src/start/cp2k.F:389
#19  0x6b177c in cp2k
	at /pc2/users/e/eprop2d2/cp2k_dev/src/start/cp2k.F:389
#19  0x6b177c in cp2k
	at /pc2/users/e/eprop2d2/cp2k_dev/src/start/cp2k.F:389
#19  0x6b177c in cp2k
	at /pc2/users/e/eprop2d2/cp2k_dev/src/start/cp2k.F:389
#19  0x6b177c in cp2k
	at /pc2/users/e/eprop2d2/cp2k_dev/src/start/cp2k.F:389
#20  0x5e600c in main
	at /pc2/users/e/eprop2d2/cp2k_dev/src/start/cp2k.F:44
#20  0x5e600c in main
	at /pc2/users/e/eprop2d2/cp2k_dev/src/start/cp2k.F:44
#20  0x5e600c in main
	at /pc2/users/e/eprop2d2/cp2k_dev/src/start/cp2k.F:44
#20  0x5e600c in main
	at /pc2/users/e/eprop2d2/cp2k_dev/src/start/cp2k.F:44
#20  0x5e600c in main
	at /pc2/users/e/eprop2d2/cp2k_dev/src/start/cp2k.F:44
slurmstepd: error:  mpi/pmix_v3: _errhandler: lcn1314 [2]: pmixp_client_v2.c:211: Error handler invoked: status = -25, source = [slurm.pmix.384689.0:55]
slurmstepd: error: *** STEP 384689.0 ON lcn1305 CANCELLED AT 2025-11-28T16:13:18 ***
srun: Job step aborted: Waiting up to 32 seconds for job step to finish.
srun: error: lcn1314: task 55: Aborted (core dumped)
srun: Terminating StepId=384689.0
srun: error: lcn1506: tasks 291-292,297,299: Killed
srun: error: lcn1506: tasks 288-290,293-296,298,300-311: Killed
srun: error: lcn1314: tasks 51,56-58,60,64: Killed
srun: error: lcn1314: tasks 49-50,53-54,59,61-63,65-71: Killed
srun: error: lcn1314: task 52: Killed
srun: error: lcn1314: task 48: Killed
srun: error: lcn1312: tasks 33-34: Terminated
srun: error: lcn1508: tasks 338-339,341,344,346-347,349,352,354-358: Terminated
srun: error: lcn1504: task 260: Terminated
srun: error: lcn1322: tasks 129,131,134: Terminated
srun: error: lcn1312: tasks 25,30,32,36-37,39-43,45: Terminated
srun: error: lcn1305: tasks 2-3,6-7,9-17,19-21: Terminated
srun: error: lcn1509: tasks 372,380: Terminated
srun: error: lcn1510: task 393: Terminated
srun: error: lcn1324: tasks 156,162,165: Terminated
srun: error: lcn1511: tasks 418-419,431: Terminated
srun: error: lcn1508: tasks 336-337,340,343: Terminated
srun: error: lcn1505: tasks 266,268-270,277,280,284: Terminated
srun: error: lcn1501: tasks 174,177: Terminated
srun: error: lcn1504: tasks 243,254,256-258,261-262: Terminated
srun: error: lcn1320: tasks 78,82-83,85-86,95: Terminated
srun: error: lcn1312: tasks 26-29,44,46-47: Terminated
srun: error: lcn1305: tasks 1,22-23: Terminated
srun: error: lcn1503: tasks 218,237: Terminated
srun: error: lcn1322: tasks 121,125-126,128,130,132-133,137-138,140-141,143: Terminated
srun: error: lcn1509: tasks 362,365-367,370-371,374-376,381: Terminated
srun: error: lcn1507: tasks 316-317,319-320,330-331: Terminated
srun: error: lcn1511: tasks 415-416,423-424: Terminated
srun: error: lcn1502: task 214: Terminated
srun: error: lcn1505: tasks 264,271-274,278-279,281-283,285-287: Terminated
srun: error: lcn1324: tasks 145-150,152-155,157-161,163,166-167: Terminated
srun: error: lcn1321: tasks 97,99-106,108-112,114-119: Terminated
srun: error: lcn1504: tasks 240-241,245,247-249,251,253,259: Terminated
srun: error: lcn1320: tasks 73-77,79-81,84,87,89-91,93-94: Terminated
srun: error: lcn1501: tasks 170-172,179,181-183,185,187,190-191: Terminated
srun: error: lcn1322: tasks 123,142: Terminated
srun: error: lcn1509: tasks 361,363-364,368-369,377: Terminated
srun: error: lcn1503: tasks 216-217,219,221-223,225,227-229,231-234,236,238-239: Terminated
srun: error: lcn1513: tasks 461-465,467-471,477: Terminated
srun: error: lcn1510: tasks 384,386,388,390,392,394-405: Terminated
srun: error: lcn1507: tasks 312,314-315,318,321,323-329,332-335: Terminated
srun: error: lcn1502: tasks 197-202,204-205,208,210-213,215: Terminated
srun: error: lcn1511: tasks 408-409,411-414,420,422,425-430: Terminated
srun: error: lcn1501: tasks 169,173,175-176,184,186,188-189: Terminated
srun: error: lcn1510: tasks 385,387,389,407: Terminated
srun: error: lcn1512: tasks 437-440,442-446,448-451: Terminated
srun: error: lcn1513: tasks 457-458,460,466,474-476,478-479: Terminated
srun: error: lcn1502: tasks 192-193,195-196,203,207,209: Terminated
srun: error: lcn1512: tasks 432-436,447,452,454-455: Terminated
srun: error: lcn1305: task 0: Terminated
srun: error: lcn1312: task 24: Terminated
srun: error: lcn1320: task 72: Terminated
srun: error: lcn1324: task 144: Terminated
slurmstepd: error:  mpi/pmix_v3: _errhandler: lcn1508 [14]: pmixp_client_v2.c:211: Error handler invoked: status = -25, source = [slurm.pmix.384689.0:344]
slurmstepd: error:  mpi/pmix_v3: _errhandler: lcn1505 [11]: pmixp_client_v2.c:211: Error handler invoked: status = -25, source = [slurm.pmix.384689.0:266]
slurmstepd: error:  mpi/pmix_v3: _errhandler: lcn1322 [5]: pmixp_client_v2.c:211: Error handler invoked: status = -25, source = [slurm.pmix.384689.0:134]
slurmstepd: error:  mpi/pmix_v3: _errhandler: lcn1321 [4]: pmixp_client_v2.c:211: Error handler invoked: status = -25, source = [slurm.pmix.384689.0:105]
slurmstepd: error:  mpi/pmix_v3: _errhandler: lcn1504 [10]: pmixp_client_v2.c:211: Error handler invoked: status = -25, source = [slurm.pmix.384689.0:260]
slurmstepd: error:  mpi/pmix_v3: _errhandler: lcn1503 [9]: pmixp_client_v2.c:211: Error handler invoked: status = -25, source = [slurm.pmix.384689.0:218]
slurmstepd: error:  mpi/pmix_v3: _errhandler: lcn1507 [13]: pmixp_client_v2.c:211: Error handler invoked: status = -25, source = [slurm.pmix.384689.0:319]
slurmstepd: error:  mpi/pmix_v3: _errhandler: lcn1509 [15]: pmixp_client_v2.c:211: Error handler invoked: status = -25, source = [slurm.pmix.384689.0:380]
slurmstepd: error:  mpi/pmix_v3: _errhandler: lcn1511 [17]: pmixp_client_v2.c:211: Error handler invoked: status = -25, source = [slurm.pmix.384689.0:418]
slurmstepd: error:  mpi/pmix_v3: _errhandler: lcn1510 [16]: pmixp_client_v2.c:211: Error handler invoked: status = -25, source = [slurm.pmix.384689.0:393]
slurmstepd: error:  mpi/pmix_v3: _errhandler: lcn1501 [7]: pmixp_client_v2.c:211: Error handler invoked: status = -25, source = [slurm.pmix.384689.0:177]
slurmstepd: error:  mpi/pmix_v3: _errhandler: lcn1502 [8]: pmixp_client_v2.c:211: Error handler invoked: status = -25, source = [slurm.pmix.384689.0:214]
slurmstepd: error:  mpi/pmix_v3: _errhandler: lcn1513 [19]: pmixp_client_v2.c:211: Error handler invoked: status = -25, source = [slurm.pmix.384689.0:464]
slurmstepd: error:  mpi/pmix_v3: _errhandler: lcn1512 [18]: pmixp_client_v2.c:211: Error handler invoked: status = -25, source = [slurm.pmix.384689.0:442]
slurmstepd: error:  mpi/pmix_v3: _errhandler: lcn1305 [0]: pmixp_client_v2.c:211: Error handler invoked: status = -25, source = [slurm.pmix.384689.0:11]
slurmstepd: error:  mpi/pmix_v3: _errhandler: lcn1312 [1]: pmixp_client_v2.c:211: Error handler invoked: status = -25, source = [slurm.pmix.384689.0:33]
slurmstepd: error:  mpi/pmix_v3: _errhandler: lcn1320 [3]: pmixp_client_v2.c:211: Error handler invoked: status = -25, source = [slurm.pmix.384689.0:95]
slurmstepd: error:  mpi/pmix_v3: _errhandler: lcn1324 [6]: pmixp_client_v2.c:211: Error handler invoked: status = -25, source = [slurm.pmix.384689.0:162]
srun: error: lcn1512: task 453: Aborted (core dumped)
slurmstepd: error:  mpi/pmix_v3: _errhandler: lcn1512 [18]: pmixp_client_v2.c:211: Error handler invoked: status = -25, source = [slurm.pmix.384689.0:453]
slurmstepd: error:  mpi/pmix_v3: _errhandler: lcn1510 [16]: pmixp_client_v2.c:211: Error handler invoked: status = -25, source = [slurm.pmix.384689.0:406]
srun: error: lcn1510: task 406: Aborted (core dumped)
slurmstepd: error:  mpi/pmix_v3: _errhandler: lcn1320 [3]: pmixp_client_v2.c:211: Error handler invoked: status = -25, source = [slurm.pmix.384689.0:88]
srun: error: lcn1320: task 88: Aborted (core dumped)
srun: error: lcn1507: task 313: Aborted (core dumped)
slurmstepd: error:  mpi/pmix_v3: _errhandler: lcn1507 [13]: pmixp_client_v2.c:211: Error handler invoked: status = -25, source = [slurm.pmix.384689.0:313]
srun: error: lcn1502: task 206: Aborted (core dumped)
slurmstepd: error:  mpi/pmix_v3: _errhandler: lcn1502 [8]: pmixp_client_v2.c:211: Error handler invoked: status = -25, source = [slurm.pmix.384689.0:206]
slurmstepd: error:  mpi/pmix_v3: _errhandler: lcn1324 [6]: pmixp_client_v2.c:211: Error handler invoked: status = -25, source = [slurm.pmix.384689.0:151]
srun: error: lcn1507: task 322: Aborted (core dumped)
srun: error: lcn1320: task 92: Aborted (core dumped)
srun: error: lcn1324: tasks 151,164: Aborted (core dumped)
srun: error: lcn1502: task 194: Aborted (core dumped)
srun: error: lcn1510: task 391: Aborted (core dumped)
srun: error: lcn1511: task 421: Aborted (core dumped)
slurmstepd: error:  mpi/pmix_v3: _errhandler: lcn1511 [17]: pmixp_client_v2.c:211: Error handler invoked: status = -25, source = [slurm.pmix.384689.0:421]
srun: error: lcn1512: task 441: Aborted (core dumped)
slurmstepd: error:  mpi/pmix_v3: _errhandler: lcn1501 [7]: pmixp_client_v2.c:211: Error handler invoked: status = -25, source = [slurm.pmix.384689.0:180]
srun: error: lcn1501: task 180: Aborted (core dumped)
srun: error: lcn1501: task 168: Aborted (core dumped)
srun: error: lcn1511: task 410: Aborted (core dumped)
slurmstepd: error:  mpi/pmix_v3: _errhandler: lcn1501 [7]: pmixp_client_v2.c:211: Error handler invoked: status = -25, source = [slurm.pmix.384689.0:168]
slurmstepd: error:  mpi/pmix_v3: _errhandler: lcn1511 [17]: pmixp_client_v2.c:211: Error handler invoked: status = -25, source = [slurm.pmix.384689.0:410]
srun: error: lcn1501: task 178: Aborted (core dumped)
srun: error: lcn1312: tasks 31,35: Aborted (core dumped)
srun: error: lcn1312: task 38: Aborted (core dumped)
srun: error: lcn1505: task 275: Aborted (core dumped)
srun: error: lcn1321: task 113: Aborted (core dumped)
srun: error: lcn1511: task 417: Aborted (core dumped)
srun: error: lcn1505: task 267: Aborted (core dumped)
slurmstepd: error:  mpi/pmix_v3: _errhandler: lcn1321 [4]: pmixp_client_v2.c:211: Error handler invoked: status = -25, source = [slurm.pmix.384689.0:113]
slurmstepd: error:  mpi/pmix_v3: _errhandler: lcn1505 [11]: pmixp_client_v2.c:211: Error handler invoked: status = -25, source = [slurm.pmix.384689.0:275]
srun: error: Timed out waiting for job step to complete
